Component: Arm Compiler for Embedded 6.21 Tool: armlink [5ec1fa00]

==============================================================================

Section Cross References

    main.o(.text.tim_interrupt_callback) refers to pid.o(.text.pid_control) for pid_control
    main.o(.text.tim_interrupt_callback) refers to main.o(.bss.is_running) for is_running
    main.o(.text.tim_interrupt_callback) refers to main.o(.bss.run_timer) for run_timer
    main.o(.ARM.exidx.text.tim_interrupt_callback) refers to main.o(.text.tim_interrupt_callback) for [Anonymous Symbol]
    main.o(.text.check_stop_line) refers to gray.o(.text.digtal) for digtal
    main.o(.text.check_stop_line) refers to main.o(.bss.stop_line_count) for [Anonymous Symbol]
    main.o(.ARM.exidx.text.check_stop_line) refers to main.o(.text.check_stop_line) for [Anonymous Symbol]
    main.o(.text.display_run_info) refers to ml_oled.o(.text.OLED_ShowString) for OLED_ShowString
    main.o(.text.display_run_info) refers to aeabi_sdivfast.o(.text_divfast) for __aeabi_uidiv
    main.o(.text.display_run_info) refers to ml_oled.o(.text.OLED_ShowNum) for OLED_ShowNum
    main.o(.text.display_run_info) refers to ml_oled.o(.text.OLED_ShowChar) for OLED_ShowChar
    main.o(.text.display_run_info) refers to aeabi_sdivfast.o(.text) for __aeabi_uidivmod
    main.o(.text.display_run_info) refers to gray.o(.text.digtal) for digtal
    main.o(.text.display_run_info) refers to ml_oled.o(.text.OLED_ShowSignedNum) for OLED_ShowSignedNum
    main.o(.text.display_run_info) refers to main.o(.rodata.str1.1) for [Anonymous Symbol]
    main.o(.text.display_run_info) refers to main.o(.bss.run_timer) for run_timer
    main.o(.text.display_run_info) refers to gray.o(.bss.track_error) for track_error
    main.o(.text.display_run_info) refers to main.o(.bss.is_running) for is_running
    main.o(.ARM.exidx.text.display_run_info) refers to main.o(.text.display_run_info) for [Anonymous Symbol]
    main.o(.text.main) refers to ml_system.o(.text.system_init) for system_init
    main.o(.text.main) refers to ml_delay.o(.text.delay_ms) for delay_ms
    main.o(.text.main) refers to ml_uart.o(.text.uart_init) for uart_init
    main.o(.text.main) refers to ml_oled.o(.text.OLED_Init) for OLED_Init
    main.o(.text.main) refers to ml_i2c.o(.text.I2C_Init) for I2C_Init
    main.o(.text.main) refers to ml_motor.o(.text.motor_init) for motor_init
    main.o(.text.main) refers to ml_motor.o(.text.encoder_init) for encoder_init
    main.o(.text.main) refers to gray.o(.text.gray_init) for gray_init
    main.o(.text.main) refers to key.o(.text.Key_Init) for Key_Init
    main.o(.text.main) refers to pid.o(.text.pid_init) for pid_init
    main.o(.text.main) refers to ml_tim.o(.text.tim_interrupt_ms_init) for tim_interrupt_ms_init
    main.o(.text.main) refers to ml_oled.o(.text.OLED_Clear) for OLED_Clear
    main.o(.text.main) refers to ml_oled.o(.text.OLED_ShowString) for OLED_ShowString
    main.o(.text.main) refers to main.o(.text.check_stop_line) for check_stop_line
    main.o(.text.main) refers to pid.o(.text.pid_control) for pid_control
    main.o(.text.main) refers to aeabi_sdivfast.o(.text_divfast) for __aeabi_uidiv
    main.o(.text.main) refers to ml_oled.o(.text.OLED_ShowNum) for OLED_ShowNum
    main.o(.text.main) refers to ml_oled.o(.text.OLED_ShowChar) for OLED_ShowChar
    main.o(.text.main) refers to aeabi_sdivfast.o(.text) for __aeabi_uidivmod
    main.o(.text.main) refers to ledfeng.o(.text.ledfeng) for ledfeng
    main.o(.text.main) refers to key.o(.text.Key_GetNum) for Key_GetNum
    main.o(.text.main) refers to gray.o(.text.track_pid_control) for track_pid_control
    main.o(.text.main) refers to main.o(.text.display_run_info) for display_run_info
    main.o(.text.main) refers to pid.o(.bss.motorA) for motorA
    main.o(.text.main) refers to pid.o(.bss.motorB) for motorB
    main.o(.text.main) refers to main.o(.bss.is_running) for is_running
    main.o(.text.main) refers to main.o(.rodata.str1.1) for [Anonymous Symbol]
    main.o(.text.main) refers to main.o(.bss.run_timer) for run_timer
    main.o(.text.main) refers to main.o(.bss.stop_line_count) for [Anonymous Symbol]
    main.o(.text.main) refers to gray.o(.bss.track_error) for track_error
    main.o(.text.main) refers to gray.o(.bss.all_white_count) for all_white_count
    main.o(.text.main) refers to gray.o(.bss.all_black_count) for all_black_count
    main.o(.text.main) refers to gray.o(.bss.current_track) for current_track
    main.o(.text.main) refers to main.o(.bss.lap_finished) for lap_finished
    main.o(.text.main) refers to main.o(.bss.main.display_timer) for [Anonymous Symbol]
    main.o(.ARM.exidx.text.main) refers to main.o(.text.main) for [Anonymous Symbol]
    startup_mspm0g350x_uvision.o(STACK) refers (Special) to heapauxi.o(.text) for __use_two_region_memory
[...]
    ../clib/angel/sysapp.c                   0x00000000   Number         0  sys_wrch.o ABSOLUTE
    ../clib/angel/sysapp.c                   0x00000000   Number         0  sys_wrch_hlt.o ABSOLUTE
    ../clib/angel/sysapp.c                   0x00000000   Number         0  sys_command.o ABSOLUTE
    ../clib/angel/sysapp.c                   0x00000000   Number         0  sys_command_hlt.o ABSOLUTE
    ../clib/armsys.c                         0x00000000   Number         0  argv_veneer.o ABSOLUTE
    ../clib/armsys.c                         0x00000000   Number         0  _get_argv_nomalloc.o ABSOLUTE
    ../clib/armsys.c                         0x00000000   Number         0  no_argv.o ABSOLUTE
    ../clib/division.s                       0x00000000   Number         0  aeabi_sdivfast.o ABSOLUTE
    ../clib/division.s                       0x00000000   Number         0  aeabi_sdivfast_div0.o ABSOLUTE
    ../clib/fenv.c                           0x00000000   Number         0  _rserrno.o ABSOLUTE
    ../clib/heapalloc.c                      0x00000000   Number         0  hrguard.o ABSOLUTE
    ../clib/heapaux.c                        0x00000000   Number         0  heapauxi.o ABSOLUTE
    ../clib/libinit.s                        0x00000000   Number         0  libinit.o ABSOLUTE
    ../clib/libinit.s                        0x00000000   Number         0  libinit2.o ABSOLUTE
    ../clib/libinit.s                        0x00000000   Number         0  libshutdown.o ABSOLUTE
    ../clib/libinit.s                        0x00000000   Number         0  libshutdown2.o ABSOLUTE
    ../clib/signal.c                         0x00000000   Number         0  defsig_fpe_outer.o ABSOLUTE
    ../clib/signal.c                         0x00000000   Number         0  defsig_fpe_formal.o ABSOLUTE
    ../clib/signal.c                         0x00000000   Number         0  defsig_exit.o ABSOLUTE
    ../clib/signal.c                         0x00000000   Number         0  defsig_fpe_inner.o ABSOLUTE
    ../clib/signal.c                         0x00000000   Number         0  __raise.o ABSOLUTE
    ../clib/signal.c                         0x00000000   Number         0  defsig_general.o ABSOLUTE
    ../clib/signal.c                         0x00000000   Number         0  defsig_abrt_inner.o ABSOLUTE
    ../clib/signal.c                         0x00000000   Number         0  defsig_rtred_inner.o ABSOLUTE
    ../clib/signal.c                         0x00000000   Number         0  defsig_rtmem_inner.o ABSOLUTE
    ../clib/signal.c                         0x00000000   Number         0  defsig_rtmem_outer.o ABSOLUTE
    ../clib/signal.c                         0x00000000   Number         0  defsig_rtmem_formal.o ABSOLUTE
    ../clib/signal.c                         0x00000000   Number         0  defsig_stak_inner.o ABSOLUTE
    ../clib/signal.c                         0x00000000   Number         0  defsig_pvfn_inner.o ABSOLUTE
    ../clib/signal.c                         0x00000000   Number         0  defsig_cppl_inner.o ABSOLUTE
    ../clib/signal.c                         0x00000000   Number         0  defsig_segv_inner.o ABSOLUTE
    ../clib/signal.c                         0x00000000   Number         0  defsig_other.o ABSOLUTE
    ../clib/signal.s                         0x00000000   Number         0  defsig.o ABSOLUTE
    ../clib/stdlib.c                         0x00000000   Number         0  exit.o ABSOLUTE
    ../fplib/cfplib/cmp.c                    0x00000000   Number         0  fcmp.o ABSOLUTE
    ../fplib/cfplib/cmpret.c                 0x00000000   Number         0  cmpret.o ABSOLUTE
    ../fplib/cfplib/daddsub.c                0x00000000   Number         0  daddsub.o ABSOLUTE
    ../fplib/cfplib/dcmpin.c                 0x00000000   Number         0  dcmpin.o ABSOLUTE
    ../fplib/cfplib/ddiv.c                   0x00000000   Number         0  ddiv.o ABSOLUTE
    ../fplib/cfplib/dmul.c                   0x00000000   Number         0  dmul.o ABSOLUTE
    ../fplib/cfplib/dsqrt.c                  0x00000000   Number         0  dsqrt.o ABSOLUTE
    ../fplib/cfplib/f2d.c                    0x00000000   Number         0  f2d.o ABSOLUTE
    ../fplib/cfplib/fcmpin.c                 0x00000000   Number         0  fcmpin.o ABSOLUTE
    ../fplib/cfplib/ffix.c                   0x00000000   Number         0  dfixi.o ABSOLUTE
    ../fplib/cfplib/ffix.c                   0x00000000   Number         0  ffixi.o ABSOLUTE
    ../fplib/cfplib/fflt.c                   0x00000000   Number         0  dflti.o ABSOLUTE
    ../fplib/cfplib/fflt.c                   0x00000000   Number         0  fflti.o ABSOLUTE
    ../fplib/cfplib/fpinit.c                 0x00000000   Number         0  fpinit.o ABSOLUTE
    ../fplib/cfplib/nan2.c                   0x00000000   Number         0  dnan2.o ABSOLUTE
    ../fplib/cfplib/nan2.c                   0x00000000   Number         0  fnan2.o ABSOLUTE
    ../fplib/cfplib/retnan.c                 0x00000000   Number         0  retnan.o ABSOLUTE
    ../fplib/cfplib/scalbn.c                 0x00000000   Number         0  dscalbn.o ABSOLUTE
    ../fplib/drleqf6m.s                      0x00000000   Number         0  drlef.o ABSOLUTE
    ../fplib/faddsub6m.s                     0x00000000   Number         0  faddsub.o ABSOLUTE
    ../fplib/feqf6m.s                        0x00000000   Number         0  feqf.o ABSOLUTE
    ../fplib/fgeqf6m.s                       0x00000000   Number         0  fgef.o ABSOLUTE
    ../fplib/fleqf6m.s                       0x00000000   Number         0  flef.o ABSOLUTE
    ../fplib/fmul6m.s                        0x00000000   Number         0  fmul.o ABSOLUTE
    ../fplib/usenofp.s                       0x00000000   Number         0  usenofp.o ABSOLUTE
    ../mathlib/dunder.c                      0x00000000   Number         0  dunder.o ABSOLUTE
    ../mathlib/fpclassify.c                  0x00000000   Number         0  fpclassify.o ABSOLUTE
    ../mathlib/poly.c                        0x00000000   Number         0  poly.o ABSOLUTE
    ../mathlib/pow.c                         0x00000000   Number         0  pow.o ABSOLUTE
    ../mathlib/qnan.c                        0x00000000   Number         0  qnan.o ABSOLUTE
    ../mathlib/sqrt.c                        0x00000000   Number         0  sqrt.o ABSOLUTE
    IMU.c                                    0x00000000   Number         0  imu.o ABSOLUTE
    dc.s                                     0x00000000   Number         0  dc.o ABSOLUTE
    dl_common.c                              0x00000000   Number         0  dl_common.o ABSOLUTE
    dl_sysctl_mspm0g1x0x_g3x0x.c             0x00000000   Number         0  dl_sysctl_mspm0g1x0x_g3x0x.o ABSOLUTE
    dl_timer.c                               0x00000000   Number         0  dl_timer.o ABSOLUTE
    dl_uart.c                                0x00000000   Number         0  dl_uart.o ABSOLUTE
    gray.c                                   0x00000000   Number         0  gray.o ABSOLUTE
    isr.c                                    0x00000000   Number         0  isr.o ABSOLUTE
    key.c                                    0x00000000   Number         0  key.o ABSOLUTE
    ledfeng.c                                0x00000000   Number         0  ledfeng.o ABSOLUTE
    main.c                                   0x00000000   Number         0  main.o ABSOLUTE
    ml_delay.c                               0x00000000   Number         0  ml_delay.o ABSOLUTE
    ml_exti.c                                0x00000000   Number         0  ml_exti.o ABSOLUTE
    ml_gpio.c                                0x00000000   Number         0  ml_gpio.o ABSOLUTE
    ml_i2c.c                                 0x00000000   Number         0  ml_i2c.o ABSOLUTE
    ml_motor.c                               0x00000000   Number         0  ml_motor.o ABSOLUTE
    ml_mpu6050.c                             0x00000000   Number         0  ml_mpu6050.o ABSOLUTE
    ml_oled.c                                0x00000000   Number         0  ml_oled.o ABSOLUTE
    ml_pwm.c                                 0x00000000   Number         0  ml_pwm.o ABSOLUTE
    ml_system.c                              0x00000000   Number         0  ml_system.o ABSOLUTE
    ml_tim.c                                 0x00000000   Number         0  ml_tim.o ABSOLUTE
    ml_uart.c                                0x00000000   Number         0  ml_uart.o ABSOLUTE
    pid.c                                    0x00000000   Number         0  pid.o ABSOLUTE
    startup_mspm0g350x_uvision.s             0x00000000   Number         0  startup_mspm0g350x_uvision.o ABSOLUTE
    ti_msp_dl_config.c                       0x00000000   Number         0  ti_msp_dl_config.o ABSOLUTE
    RESET                                    0x00000000   Section      192  startup_mspm0g350x_uvision.o(RESET)
    !!!main                                  0x000000c0   Section        8  __main.o(!!!main)
    !!!scatter                               0x000000c8   Section       84  __scatter.o(!!!scatter)
    !!handler_null                           0x00000120   Section        2  __scatter.o(!!handler_null)
    !!handler_zi                             0x00000128   Section       28  __scatter_zi.o(!!handler_zi)
    .ARM.Collect$$libinit$$00000000          0x00000144   Section        2  libinit.o(.ARM.Collect$$libinit$$00000000)
    .ARM.Collect$$libinit$$00000002          0x00000146   Section        0  libinit2.o(.ARM.Collect$$libinit$$00000002)
    .ARM.Collect$$libinit$$00000004          0x00000146   Section        0  libinit2.o(.ARM.Collect$$libinit$$00000004)
    .ARM.Collect$$libinit$$00000006          0x00000146   Section        0  libinit2.o(.ARM.Collect$$libinit$$00000006)
    .ARM.Collect$$libinit$$0000000C          0x00000146   Section        0  libinit2.o(.ARM.Collect$$libinit$$0000000C)
    .ARM.Collect$$libinit$$0000000E          0x00000146   Section        0  libinit2.o(.ARM.Collect$$libinit$$0000000E)
    .ARM.Collect$$libinit$$00000010          0x00000146   Section        0  libinit2.o(.ARM.Collect$$libinit$$00000010)
    .ARM.Collect$$libinit$$00000013          0x00000146   Section        0  libinit2.o(.ARM.Collect$$libinit$$00000013)
    .ARM.Collect$$libinit$$00000015          0x00000146   Section        0  libinit2.o(.ARM.Collect$$libinit$$00000015)
    .ARM.Collect$$libinit$$00000017          0x00000146   Section        0  libinit2.o(.ARM.Collect$$libinit$$00000017)
    .ARM.Collect$$libinit$$00000019          0x00000146   Section        0  libinit2.o(.ARM.Collect$$libinit$$00000019)
    .ARM.Collect$$libinit$$0000001B          0x00000146   Section        0  libinit2.o(.ARM.Collect$$libinit$$0000001B)
    .ARM.Collect$$libinit$$0000001D          0x00000146   Section        0  libinit2.o(.ARM.Collect$$libinit$$0000001D)
    .ARM.Collect$$libinit$$0000001F          0x00000146   Section        0  libinit2.o(.ARM.Collect$$libinit$$0000001F)
    .ARM.Collect$$libinit$$00000021          0x00000146   Section        0  libinit2.o(.ARM.Collect$$libinit$$00000021)
    .ARM.Collect$$libinit$$00000023          0x00000146   Section        0  libinit2.o(.ARM.Collect$$libinit$$00000023)
    .ARM.Collect$$libinit$$00000025          0x00000146   Section        0  libinit2.o(.ARM.Collect$$libinit$$00000025)
    .ARM.Collect$$libinit$$00000027          0x00000146   Section        0  libinit2.o(.ARM.Collect$$libinit$$00000027)
    .ARM.Collect$$libinit$$0000002E          0x00000146   Section        0  libinit2.o(.ARM.Collect$$libinit$$0000002E)
    .ARM.Collect$$libinit$$00000030          0x00000146   Section        0  libinit2.o(.ARM.Collect$$libinit$$00000030)
    .ARM.Collect$$libinit$$00000032          0x00000146   Section        0  libinit2.o(.ARM.Collect$$libinit$$00000032)
    .ARM.Collect$$libinit$$00000034          0x00000146   Section        0  libinit2.o(.ARM.Collect$$libinit$$00000034)
    .ARM.Collect$$libinit$$00000035          0x00000146   Section        2  libinit2.o(.ARM.Collect$$libinit$$00000035)
    .ARM.Collect$$libshutdown$$00000000      0x00000148   Section        2  libshutdown.o(.ARM.Collect$$libshutdown$$00000000)
    .ARM.Collect$$libshutdown$$00000002      0x0000014a   Section        0  libshutdown2.o(.ARM.Collect$$libshutdown$$00000002)
    .ARM.Collect$$libshutdown$$00000004      0x0000014a   Section        0  libshutdown2.o(.ARM.Collect$$libshutdown$$00000004)
    .ARM.Collect$$libshutdown$$00000007      0x0000014a   Section        0  libshutdown2.o(.ARM.Collect$$libshutdown$$00000007)
    .ARM.Collect$$libshutdown$$0000000A      0x0000014a   Section        0  libshutdown2.o(.ARM.Collect$$libshutdown$$0000000A)
    .ARM.Collect$$libshutdown$$0000000C      0x0000014a   Section        0  libshutdown2.o(.ARM.Collect$$libshutdown$$0000000C)
    .ARM.Collect$$libshutdown$$0000000F      0x0000014a   Section        0  libshutdown2.o(.ARM.Collect$$libshutdown$$0000000F)
    .ARM.Collect$$libshutdown$$00000010      0x0000014a   Section        2  libshutdown2.o(.ARM.Collect$$libshutdown$$00000010)
    .ARM.Collect$$rtentry$$00000000          0x0000014c   Section        0  __rtentry.o(.ARM.Collect$$rtentry$$00000000)
    .ARM.Collect$$rtentry$$00000002          0x0000014c   Section        0  __rtentry2.o(.ARM.Collect$$rtentry$$00000002)
    .ARM.Collect$$rtentry$$00000004          0x0000014c   Section        6  __rtentry4.o(.ARM.Collect$$rtentry$$00000004)
    .ARM.Collect$$rtentry$$00000009          0x00000152   Section        0  __rtentry2.o(.ARM.Collect$$rtentry$$00000009)
    .ARM.Collect$$rtentry$$0000000A          0x00000152   Section        4  __rtentry2.o(.ARM.Collect$$rtentry$$0000000A)
    .ARM.Collect$$rtentry$$0000000C          0x00000156   Section        0  __rtentry2.o(.ARM.Collect$$rtentry$$0000000C)
    .ARM.Collect$$rtentry$$0000000D          0x00000156   Section        8  __rtentry2.o(.ARM.Collect$$rtentry$$0000000D)
    .ARM.Collect$$rtexit$$00000000           0x0000015e   Section        2  rtexit.o(.ARM.Collect$$rtexit$$00000000)
    .ARM.Collect$$rtexit$$00000002           0x00000160   Section        0  rtexit2.o(.ARM.Collect$$rtexit$$00000002)
    .ARM.Collect$$rtexit$$00000003           0x00000160   Section        4  rtexit2.o(.ARM.Collect$$rtexit$$00000003)
    .ARM.Collect$$rtexit$$00000004           0x00000164   Section        6  rtexit2.o(.ARM.Collect$$rtexit$$00000004)
    .text                                    0x0000016c   Section       44  startup_mspm0g350x_uvision.o(.text)
    .text                                    0x00000198   Section      504  aeabi_sdivfast.o(.text)
    .text                                    0x00000390   Section        0  heapauxi.o(.text)
    .text                                    0x00000396   Section        0  ffixi.o(.text)
    .text                                    0x000003e2   Section        0  fflti.o(.text)
    .text                                    0x00000440   Section        0  fcmpin.o(.text)
    .text                                    0x000004a4   Section        8  libspace.o(.text)
    .text                                    0x000004ac   Section       62  sys_stackheap_outer.o(.text)
    .text                                    0x000004ea   Section        0  exit.o(.text)
    .text                                    0x000004fa   Section        0  cmpret.o(.text)
    .text                                    0x00000528   Section        0  fnan2.o(.text)
    .text                                    0x00000538   Section        0  retnan.o(.text)
    [Anonymous Symbol]                       0x00000598   Section        0  dl_sysctl_mspm0g1x0x_g3x0x.o(.text.DL_SYSCTL_configSYSPLL)
    __arm_cp.0_0                             0x0000064c   Number         4  dl_sysctl_mspm0g1x0x_g3x0x.o(.text.DL_SYSCTL_configSYSPLL)
    __arm_cp.0_2                             0x00000650   Number         4  dl_sysctl_mspm0g1x0x_g3x0x.o(.text.DL_SYSCTL_configSYSPLL)
    __arm_cp.0_3                             0x00000654   Number         4  dl_sysctl_mspm0g1x0x_g3x0x.o(.text.DL_SYSCTL_configSYSPLL)
    __arm_cp.0_4                             0x00000658   Number         4  dl_sysctl_mspm0g1x0x_g3x0x.o(.text.DL_SYSCTL_configSYSPLL)
    [Anonymous Symbol]                       0x0000065c   Section        0  dl_sysctl_mspm0g1x0x_g3x0x.o(.text.DL_SYSCTL_switchMCLKfromSYSOSCtoHSCLK)
    __arm_cp.4_0                             0x0000067c   Number         4  dl_sysctl_mspm0g1x0x_g3x0x.o(.text.DL_SYSCTL_switchMCLKfromSYSOSCtoHSCLK)
    __arm_cp.4_1                             0x00000680   Number         4  dl_sysctl_mspm0g1x0x_g3x0x.o(.text.DL_SYSCTL_switchMCLKfromSYSOSCtoHSCLK)
    [Anonymous Symbol]                       0x00000684   Section        0  dl_timer.o(.text.DL_Timer_initPWMMode)
    __arm_cp.11_1                            0x00000730   Number         4  dl_timer.o(.text.DL_Timer_initPWMMode)
    __arm_cp.11_2                            0x00000734   Number         4  dl_timer.o(.text.DL_Timer_initPWMMode)
    __arm_cp.11_3                            0x00000738   Number         4  dl_timer.o(.text.DL_Timer_initPWMMode)
    __arm_cp.11_4                            0x0000073c   Number         4  dl_timer.o(.text.DL_Timer_initPWMMode)
    __arm_cp.11_6                            0x00000740   Number         4  dl_timer.o(.text.DL_Timer_initPWMMode)
    [Anonymous Symbol]                       0x00000744   Section        0  dl_timer.o(.text.DL_Timer_initTimerMode)
    __arm_cp.2_0                             0x00000824   Number         4  dl_timer.o(.text.DL_Timer_initTimerMode)
    __arm_cp.2_1                             0x00000828   Number         4  dl_timer.o(.text.DL_Timer_initTimerMode)
    __arm_cp.2_2                             0x0000082c   Number         4  dl_timer.o(.text.DL_Timer_initTimerMode)
    __arm_cp.2_3                             0x00000830   Number         4  dl_timer.o(.text.DL_Timer_initTimerMode)
    [Anonymous Symbol]                       0x00000834   Section        0  dl_timer.o(.text.DL_Timer_setCaptCompUpdateMethod)
    __arm_cp.26_0                            0x0000084c   Number         4  dl_timer.o(.text.DL_Timer_setCaptCompUpdateMethod)
    [Anonymous Symbol]                       0x00000850   Section        0  dl_timer.o(.text.DL_Timer_setCaptureCompareOutCtl)
    __arm_cp.13_0                            0x00000864   Number         4  dl_timer.o(.text.DL_Timer_setCaptureCompareOutCtl)
    [Anonymous Symbol]                       0x00000868   Section        0  dl_timer.o(.text.DL_Timer_setCaptureCompareValue)
    __arm_cp.3_0                             0x00000874   Number         4  dl_timer.o(.text.DL_Timer_setCaptureCompareValue)
    [Anonymous Symbol]                       0x00000878   Section        0  dl_timer.o(.text.DL_Timer_setClockConfig)
    __arm_cp.0_0                             0x00000890   Number         4  dl_timer.o(.text.DL_Timer_setClockConfig)
    [Anonymous Symbol]                       0x00000894   Section        0  dl_uart.o(.text.DL_UART_init)
    __arm_cp.0_0                             0x000008d4   Number         4  dl_uart.o(.text.DL_UART_init)
    __arm_cp.0_1                             0x000008d8   Number         4  dl_uart.o(.text.DL_UART_init)
    [Anonymous Symbol]                       0x000008dc   Section        0  dl_uart.o(.text.DL_UART_setClockConfig)
    [Anonymous Symbol]                       0x000008f0   Section        0  isr.o(.text.GROUP1_IRQHandler)
    __arm_cp.9_0                             0x00000934   Number         4  isr.o(.text.GROUP1_IRQHandler)
    __arm_cp.9_1                             0x00000938   Number         4  isr.o(.text.GROUP1_IRQHandler)
    __arm_cp.9_2                             0x0000093c   Number         4  isr.o(.text.GROUP1_IRQHandler)
    [Anonymous Symbol]                       0x00000940   Section        0  ml_i2c.o(.text.I2C_Init)
    [Anonymous Symbol]                       0x0000098c   Section        0  key.o(.text.Key_GetNum)
    __arm_cp.1_1                             0x00000a08   Number         4  key.o(.text.Key_GetNum)
    __arm_cp.1_2                             0x00000a0c   Number         4  key.o(.text.Key_GetNum)
    [Anonymous Symbol]                       0x00000a10   Section        0  key.o(.text.Key_Init)
    __arm_cp.0_0                             0x00000a30   Number         4  key.o(.text.Key_Init)
    [Anonymous Symbol]                       0x00000a34   Section        0  ml_oled.o(.text.OLED_Clear)
    [Anonymous Symbol]                       0x00000b48   Section        0  ml_oled.o(.text.OLED_I2C_SendByte)
    __arm_cp.3_0                             0x00000c7c   Number         4  ml_oled.o(.text.OLED_I2C_SendByte)
    [Anonymous Symbol]                       0x00000c80   Section        0  ml_oled.o(.text.OLED_Init)
    __arm_cp.16_0                            0x00000d4c   Number         4  ml_oled.o(.text.OLED_Init)
    [Anonymous Symbol]                       0x00000d50   Section        0  ml_oled.o(.text.OLED_ShowChar)
    __arm_cp.8_0                             0x00000e0c   Number         4  ml_oled.o(.text.OLED_ShowChar)
    __arm_cp.8_1                             0x00000e10   Number         4  ml_oled.o(.text.OLED_ShowChar)
    [Anonymous Symbol]                       0x00000e14   Section        0  ml_oled.o(.text.OLED_ShowNum)
    [Anonymous Symbol]                       0x00000ea0   Section        0  ml_oled.o(.text.OLED_ShowSignedNum)
    __arm_cp.12_0                            0x00000f54   Number         4  ml_oled.o(.text.OLED_ShowSignedNum)
    [Anonymous Symbol]                       0x00000f58   Section        0  ml_oled.o(.text.OLED_ShowString)
    [Anonymous Symbol]                       0x00000f84   Section        0  ml_oled.o(.text.OLED_WriteCommand)
    [Anonymous Symbol]                       0x00000ff0   Section        0  ml_oled.o(.text.OLED_WriteData)
    __arm_cp.5_0                             0x0000105c   Number         4  ml_oled.o(.text.OLED_WriteData)
    [Anonymous Symbol]                       0x00001060   Section        0  isr.o(.text.TIMG0_IRQHandler)
    __arm_cp.0_0                             0x00001068   Number         4  isr.o(.text.TIMG0_IRQHandler)
    [Anonymous Symbol]                       0x0000106c   Section        0  isr.o(.text.TIMG12_IRQHandler)
    __arm_cp.4_0                             0x00001074   Number         4  isr.o(.text.TIMG12_IRQHandler)
    [Anonymous Symbol]                       0x00001078   Section        0  isr.o(.text.TIMG6_IRQHandler)
    __arm_cp.1_0                             0x0000108c   Number         4  isr.o(.text.TIMG6_IRQHandler)
    [Anonymous Symbol]                       0x00001090   Section        0  isr.o(.text.TIMG7_IRQHandler)
    __arm_cp.2_0                             0x00001098   Number         4  isr.o(.text.TIMG7_IRQHandler)
    [Anonymous Symbol]                       0x0000109c   Section        0  isr.o(.text.TIMG8_IRQHandler)
    __arm_cp.3_0                             0x000010a4   Number         4  isr.o(.text.TIMG8_IRQHandler)
    [Anonymous Symbol]                       0x000010a8   Section        0  isr.o(.text.UART0_IRQHandler)
    __arm_cp.5_0                             0x000010b0   Number         4  isr.o(.text.UART0_IRQHandler)
    [Anonymous Symbol]                       0x000010b4   Section        0  isr.o(.text.UART1_IRQHandler)
    __arm_cp.6_0                             0x000010c8   Number         4  isr.o(.text.UART1_IRQHandler)
    [Anonymous Symbol]                       0x000010cc   Section        0  isr.o(.text.UART2_IRQHandler)
    __arm_cp.7_0                             0x000010d4   Number         4  isr.o(.text.UART2_IRQHandler)
    [Anonymous Symbol]                       0x000010d8   Section        0  isr.o(.text.UART3_IRQHandler)
    __arm_cp.8_0                             0x000010e0   Number         4  isr.o(.text.UART3_IRQHandler)
    [Anonymous Symbol]                       0x000010e4   Section        0  ml_uart.o(.text._sys_exit)
    [Anonymous Symbol]                       0x000010e8   Section        0  main.o(.text.check_stop_line)
    __arm_cp.1_0                             0x00001154   Number         4  main.o(.text.check_stop_line)
    [Anonymous Symbol]                       0x00001158   Section        0  ml_delay.o(.text.delay_ms)
    __arm_cp.1_0                             0x00001260   Number         4  ml_delay.o(.text.delay_ms)
    [Anonymous Symbol]                       0x00001264   Section        0  ml_delay.o(.text.delay_us)
    __arm_cp.2_0                             0x00001370   Number         4  ml_delay.o(.text.delay_us)
    [Anonymous Symbol]                       0x00001374   Section        0  gray.o(.text.digtal)
    __arm_cp.3_1                             0x000013ac   Number         4  gray.o(.text.digtal)
    [Anonymous Symbol]                       0x000013b0   Section        0  main.o(.text.display_run_info)
    __arm_cp.2_0                             0x000014bc   Number         4  main.o(.text.display_run_info)
    __arm_cp.2_1                             0x000014c0   Number         4  main.o(.text.display_run_info)
    __arm_cp.2_2                             0x000014c4   Number         4  main.o(.text.display_run_info)
    __arm_cp.2_3                             0x000014c8   Number         4  main.o(.text.display_run_info)
    __arm_cp.2_6                             0x000014d4   Number         4  main.o(.text.display_run_info)
    __arm_cp.2_8                             0x000014dc   Number         4  main.o(.text.display_run_info)
    [Anonymous Symbol]                       0x000014e8   Section        0  ml_motor.o(.text.encoder_init)
    __arm_cp.3_0                             0x0000151c   Number         4  ml_motor.o(.text.encoder_init)
    [Anonymous Symbol]                       0x00001520   Section        0  ml_exti.o(.text.exti_init)
    __arm_cp.0_2                             0x000016cc   Number         4  ml_exti.o(.text.exti_init)
    __arm_cp.0_4                             0x000016d0   Number         4  ml_exti.o(.text.exti_init)
    __arm_cp.0_5                             0x000016d4   Number         4  ml_exti.o(.text.exti_init)
    __arm_cp.0_6                             0x000016d8   Number         4  ml_exti.o(.text.exti_init)
    [Anonymous Symbol]                       0x000016dc   Section        0  ml_gpio.o(.text.gpio_get)
    [Anonymous Symbol]                       0x000016ec   Section        0  ml_gpio.o(.text.gpio_init)
    __arm_cp.0_0                             0x00001720   Number         4  ml_gpio.o(.text.gpio_init)
    __arm_cp.0_1                             0x00001724   Number         4  ml_gpio.o(.text.gpio_init)
    __arm_cp.0_2                             0x00001728   Number         4  ml_gpio.o(.text.gpio_init)
    [Anonymous Symbol]                       0x0000172c   Section        0  ml_gpio.o(.text.gpio_set)
    __arm_cp.1_0                             0x00001740   Number         4  ml_gpio.o(.text.gpio_set)
    [Anonymous Symbol]                       0x00001744   Section        0  gray.o(.text.gray_init)
    __arm_cp.0_0                             0x000017a8   Number         4  gray.o(.text.gray_init)
    __arm_cp.0_1                             0x000017ac   Number         4  gray.o(.text.gray_init)
    __arm_cp.0_2                             0x000017b0   Number         4  gray.o(.text.gray_init)
    __arm_cp.0_3                             0x000017b4   Number         4  gray.o(.text.gray_init)
    __arm_cp.0_4                             0x000017b8   Number         4  gray.o(.text.gray_init)
    __arm_cp.0_5                             0x000017bc   Number         4  gray.o(.text.gray_init)
    __arm_cp.0_6                             0x000017c0   Number         4  gray.o(.text.gray_init)
    [Anonymous Symbol]                       0x000017c4   Section        0  imu.o(.text.imu_uart_callback)
    __arm_cp.1_0                             0x00001828   Number         4  imu.o(.text.imu_uart_callback)
    __arm_cp.1_1                             0x0000182c   Number         4  imu.o(.text.imu_uart_callback)
    __arm_cp.1_2                             0x00001830   Number         4  imu.o(.text.imu_uart_callback)
    __arm_cp.1_3                             0x00001834   Number         4  imu.o(.text.imu_uart_callback)
    __arm_cp.1_4                             0x00001838   Number         4  imu.o(.text.imu_uart_callback)
    __arm_cp.1_5                             0x0000183c   Number         4  imu.o(.text.imu_uart_callback)
    [Anonymous Symbol]                       0x00001840   Section        0  ledfeng.o(.text.ledfeng)
    [Anonymous Symbol]                       0x000018b8   Section        0  main.o(.text.main)
    __arm_cp.3_0                             0x00001ad8   Number         4  main.o(.text.main)
    __arm_cp.3_1                             0x00001adc   Number         4  main.o(.text.main)
    __arm_cp.3_2                             0x00001ae0   Number         4  main.o(.text.main)
    __arm_cp.3_3                             0x00001ae4   Number         4  main.o(.text.main)
    __arm_cp.3_4                             0x00001ae8   Number         4  main.o(.text.main)
    __arm_cp.3_5                             0x00001aec   Number         4  main.o(.text.main)
    __arm_cp.3_10                            0x00001b20   Number         4  main.o(.text.main)
    __arm_cp.3_11                            0x00001b24   Number         4  main.o(.text.main)
    __arm_cp.3_12                            0x00001b28   Number         4  main.o(.text.main)
    __arm_cp.3_13                            0x00001b2c   Number         4  main.o(.text.main)
    __arm_cp.3_14                            0x00001b30   Number         4  main.o(.text.main)
    __arm_cp.3_15                            0x00001b34   Number         4  main.o(.text.main)
    __arm_cp.3_16                            0x00001b38   Number         4  main.o(.text.main)
    __arm_cp.3_17                            0x00001b3c   Number         4  main.o(.text.main)
    __arm_cp.3_18                            0x00001b40   Number         4  main.o(.text.main)
    __arm_cp.3_19                            0x00001b44   Number         4  main.o(.text.main)
    __arm_cp.3_20                            0x00001b48   Number         4  main.o(.text.main)
    __arm_cp.3_21                            0x00001b4c   Number         4  main.o(.text.main)
    __arm_cp.3_27                            0x00001b7c   Number         4  main.o(.text.main)
    [Anonymous Symbol]                       0x00001b80   Section        0  ml_motor.o(.text.motorA_duty)
    __arm_cp.1_1                             0x00001bac   Number         4  ml_motor.o(.text.motorA_duty)
    [Anonymous Symbol]                       0x00001bb0   Section        0  ml_motor.o(.text.motorB_duty)
    __arm_cp.2_1                             0x00001bdc   Number         4  ml_motor.o(.text.motorB_duty)
    __arm_cp.2_2                             0x00001be0   Number         4  ml_motor.o(.text.motorB_duty)
    [Anonymous Symbol]                       0x00001be4   Section        0  ml_motor.o(.text.motor_init)
    __arm_cp.0_1                             0x00001c3c   Number         4  ml_motor.o(.text.motor_init)
    [Anonymous Symbol]                       0x00001c40   Section        0  pid.o(.text.pid_cal)
    [Anonymous Symbol]                       0x00001d80   Section        0  pid.o(.text.pid_control)
    [Anonymous Symbol]                       0x00001d90   Section        0  pid.o(.text.pid_init)
    __arm_cp.0_0                             0x00001db8   Number         4  pid.o(.text.pid_init)
    [Anonymous Symbol]                       0x00001dbc   Section        0  pid.o(.text.pid_set_limit)
    [Anonymous Symbol]                       0x00001dc4   Section        0  ml_pwm.o(.text.pwm_init)
    [Anonymous Symbol]                       0x00001e50   Section        0  ml_pwm.o(.text.pwm_pin_init)
    __arm_cp.1_2                             0x00001f3c   Number         4  ml_pwm.o(.text.pwm_pin_init)
    __arm_cp.1_6                             0x00001f40   Number         4  ml_pwm.o(.text.pwm_pin_init)
    __arm_cp.1_7                             0x00001f44   Number         4  ml_pwm.o(.text.pwm_pin_init)
    __arm_cp.1_8                             0x00001f48   Number         4  ml_pwm.o(.text.pwm_pin_init)
    __arm_cp.1_9                             0x00001f4c   Number         4  ml_pwm.o(.text.pwm_pin_init)
    __arm_cp.1_10                            0x00001f50   Number         4  ml_pwm.o(.text.pwm_pin_init)
    __arm_cp.1_11                            0x00001f54   Number         4  ml_pwm.o(.text.pwm_pin_init)
    [Anonymous Symbol]                       0x00001f58   Section        0  ml_pwm.o(.text.pwm_update)
    __arm_cp.2_1                             0x00001f80   Number         4  ml_pwm.o(.text.pwm_update)
    [Anonymous Symbol]                       0x00001f84   Section        0  ml_system.o(.text.system_init)
    __arm_cp.0_0                             0x00002018   Number         4  ml_system.o(.text.system_init)
    __arm_cp.0_2                             0x0000201c   Number         4  ml_system.o(.text.system_init)
    __arm_cp.0_4                             0x00002020   Number         4  ml_system.o(.text.system_init)
    __arm_cp.0_5                             0x00002024   Number         4  ml_system.o(.text.system_init)
    __arm_cp.0_6                             0x00002028   Number         4  ml_system.o(.text.system_init)
    __arm_cp.0_7                             0x0000202c   Number         4  ml_system.o(.text.system_init)
    __arm_cp.0_8                             0x00002030   Number         4  ml_system.o(.text.system_init)
    __arm_cp.0_9                             0x00002034   Number         4  ml_system.o(.text.system_init)
    [Anonymous Symbol]                       0x00002038   Section        0  main.o(.text.tim_interrupt_callback)
    __arm_cp.0_0                             0x00002060   Number         4  main.o(.text.tim_interrupt_callback)
    __arm_cp.0_1                             0x00002064   Number         4  main.o(.text.tim_interrupt_callback)
    __arm_cp.0_2                             0x00002068   Number         4  main.o(.text.tim_interrupt_callback)
    [Anonymous Symbol]                       0x0000206c   Section        0  ml_tim.o(.text.tim_interrupt_ms_init)
    __arm_cp.0_0                             0x00002170   Number         4  ml_tim.o(.text.tim_interrupt_ms_init)
    __arm_cp.0_1                             0x00002174   Number         4  ml_tim.o(.text.tim_interrupt_ms_init)
    __arm_cp.0_2                             0x00002178   Number         4  ml_tim.o(.text.tim_interrupt_ms_init)
    __arm_cp.0_3                             0x0000217c   Number         4  ml_tim.o(.text.tim_interrupt_ms_init)
    __arm_cp.0_4                             0x00002180   Number         4  ml_tim.o(.text.tim_interrupt_ms_init)
    __arm_cp.0_5                             0x00002184   Number         4  ml_tim.o(.text.tim_interrupt_ms_init)
    __arm_cp.0_6                             0x00002188   Number         4  ml_tim.o(.text.tim_interrupt_ms_init)
    __arm_cp.0_7                             0x0000218c   Number         4  ml_tim.o(.text.tim_interrupt_ms_init)
    __arm_cp.0_8                             0x00002190   Number         4  ml_tim.o(.text.tim_interrupt_ms_init)
    __arm_cp.0_9                             0x00002194   Number         4  ml_tim.o(.text.tim_interrupt_ms_init)
    __arm_cp.0_10                            0x00002198   Number         4  ml_tim.o(.text.tim_interrupt_ms_init)
    __arm_cp.0_11                            0x0000219c   Number         4  ml_tim.o(.text.tim_interrupt_ms_init)
    __arm_cp.0_12                            0x000021a0   Number         4  ml_tim.o(.text.tim_interrupt_ms_init)
    __arm_cp.0_13                            0x000021a4   Number         4  ml_tim.o(.text.tim_interrupt_ms_init)
    __arm_cp.0_14                            0x000021a8   Number         4  ml_tim.o(.text.tim_interrupt_ms_init)
    [Anonymous Symbol]                       0x000021ac   Section        0  gray.o(.text.track_pid_control)
    __arm_cp.2_0                             0x000023e4   Number         4  gray.o(.text.track_pid_control)
    __arm_cp.2_1                             0x000023e8   Number         4  gray.o(.text.track_pid_control)
    __arm_cp.2_2                             0x000023ec   Number         4  gray.o(.text.track_pid_control)
    __arm_cp.2_3                             0x000023f0   Number         4  gray.o(.text.track_pid_control)
    __arm_cp.2_4                             0x000023f4   Number         4  gray.o(.text.track_pid_control)
    __arm_cp.2_5                             0x000023f8   Number         4  gray.o(.text.track_pid_control)
    __arm_cp.2_6                             0x000023fc   Number         4  gray.o(.text.track_pid_control)
    __arm_cp.2_7                             0x00002400   Number         4  gray.o(.text.track_pid_control)
    [Anonymous Symbol]                       0x00002404   Section        0  ml_uart.o(.text.uart_getbyte)
    __arm_cp.4_0                             0x0000240c   Number         4  ml_uart.o(.text.uart_getbyte)
    [Anonymous Symbol]                       0x00002410   Section        0  ml_uart.o(.text.uart_init)
    __arm_cp.2_0                             0x00002664   Number         4  ml_uart.o(.text.uart_init)
    __arm_cp.2_1                             0x00002668   Number         4  ml_uart.o(.text.uart_init)
    __arm_cp.2_2                             0x0000266c   Number         4  ml_uart.o(.text.uart_init)
    __arm_cp.2_3                             0x00002670   Number         4  ml_uart.o(.text.uart_init)
    __arm_cp.2_4                             0x00002674   Number         4  ml_uart.o(.text.uart_init)
    __arm_cp.2_5                             0x00002678   Number         4  ml_uart.o(.text.uart_init)
    __arm_cp.2_6                             0x0000267c   Number         4  ml_uart.o(.text.uart_init)
    __arm_cp.2_7                             0x00002680   Number         4  ml_uart.o(.text.uart_init)
    __arm_cp.2_8                             0x00002684   Number         4  ml_uart.o(.text.uart_init)
    __arm_cp.2_9                             0x00002688   Number         4  ml_uart.o(.text.uart_init)
    __arm_cp.2_10                            0x0000268c   Number         4  ml_uart.o(.text.uart_init)
    __arm_cp.2_11                            0x00002690   Number         4  ml_uart.o(.text.uart_init)
    __arm_cp.2_12                            0x00002694   Number         4  ml_uart.o(.text.uart_init)
    __arm_cp.2_13                            0x00002698   Number         4  ml_uart.o(.text.uart_init)
    __arm_cp.2_14                            0x0000269c   Number         4  ml_uart.o(.text.uart_init)
    __arm_cp.2_15                            0x000026a0   Number         4  ml_uart.o(.text.uart_init)
    __arm_cp.2_16                            0x000026a4   Number         4  ml_uart.o(.text.uart_init)
    __arm_cp.2_17                            0x000026a8   Number         4  ml_uart.o(.text.uart_init)
    __arm_cp.2_18                            0x000026ac   Number         4  ml_uart.o(.text.uart_init)
    __arm_cp.2_19                            0x000026b0   Number         4  ml_uart.o(.text.uart_init)
    __arm_cp.2_20                            0x000026b4   Number         4  ml_uart.o(.text.uart_init)
    __arm_cp.2_21                            0x000026b8   Number         4  ml_uart.o(.text.uart_init)
    __arm_cp.2_22                            0x000026bc   Number         4  ml_uart.o(.text.uart_init)
    __arm_cp.2_23                            0x000026c0   Number         4  ml_uart.o(.text.uart_init)
    __arm_cp.2_24                            0x000026c4   Number         4  ml_uart.o(.text.uart_init)
    __arm_cp.2_25                            0x000026c8   Number         4  ml_uart.o(.text.uart_init)
    __arm_cp.2_26                            0x000026cc   Number         4  ml_uart.o(.text.uart_init)
    __arm_cp.2_27                            0x000026d0   Number         4  ml_uart.o(.text.uart_init)
    .text_divfast                            0x000026d4   Section      502  aeabi_sdivfast.o(.text_divfast)
    i._fgeq                                  0x000028ca   Section        0  fcmp.o(i._fgeq)
    i._fgr                                   0x000028e0   Section        0  fcmp.o(i._fgr)
    i._fls                                   0x000028f6   Section        0  fcmp.o(i._fls)
    x$fpl$fadd                               0x0000290c   Section      140  faddsub.o(x$fpl$fadd)
    _fadd1                                   0x00002919   Thumb Code     0  faddsub.o(x$fpl$fadd)
    x$fpl$fgeqf                              0x00002998   Section       84  fgef.o(x$fpl$fgeqf)
    x$fpl$fleqf                              0x000029ec   Section       84  flef.o(x$fpl$fleqf)
    x$fpl$fmul                               0x00002a40   Section      176  fmul.o(x$fpl$fmul)
    x$fpl$fsub                               0x00002af0   Section      208  faddsub.o(x$fpl$fsub)
    _fsub1                                   0x00002afd   Thumb Code     0  faddsub.o(x$fpl$fsub)
    x$fpl$usenofp                            0x00002bc0   Section        0  usenofp.o(x$fpl$usenofp)
    gSYSPLLConfig                            0x000031b0   Data          40  ml_system.o(.rodata.gSYSPLLConfig)
    [Anonymous Symbol]                       0x000031b0   Section        0  ml_system.o(.rodata.gSYSPLLConfig)
    [Anonymous Symbol]                       0x000031d8   Section        0  main.o(.rodata.str1.1)
    uart_init.gUART_1ClockConfig             0x000031e4   Data           2  ml_uart.o(.rodata.uart_init.gUART_1ClockConfig)
    [Anonymous Symbol]                       0x000031e4   Section        0  ml_uart.o(.rodata.uart_init.gUART_1ClockConfig)
    uart_init.gUART_1Config                  0x000031e6   Data          10  ml_uart.o(.rodata.uart_init.gUART_1Config)
    [Anonymous Symbol]                       0x000031e6   Section        0  ml_uart.o(.rodata.uart_init.gUART_1Config)
    .bss                                     0x20200000   Section       96  libspace.o(.bss)
    Key_GetNum.key1_state                    0x20200068   Data           1  key.o(.bss.Key_GetNum.key1_state)
    [Anonymous Symbol]                       0x20200068   Section        0  key.o(.bss.Key_GetNum.key1_state)
    Key_GetNum.key2_state                    0x20200069   Data           1  key.o(.bss.Key_GetNum.key2_state)
    [Anonymous Symbol]                       0x20200069   Section        0  key.o(.bss.Key_GetNum.key2_state)
    imu_uart_callback.counter                0x2020007c   Data           1  imu.o(.bss.imu_uart_callback.counter)
    [Anonymous Symbol]                       0x2020007c   Section        0  imu.o(.bss.imu_uart_callback.counter)
    imu_uart_callback.imu_rx_buffer          0x2020007d   Data         250  imu.o(.bss.imu_uart_callback.imu_rx_buffer)
    [Anonymous Symbol]                       0x2020007d   Section        0  imu.o(.bss.imu_uart_callback.imu_rx_buffer)
    main.display_timer                       0x2020017c   Data           4  main.o(.bss.main.display_timer)
    [Anonymous Symbol]                       0x2020017c   Section        0  main.o(.bss.main.display_timer)
    stop_line_count                          0x20200204   Data           1  main.o(.bss.stop_line_count)
    [Anonymous Symbol]                       0x20200204   Section        0  main.o(.bss.stop_line_count)
    Heap_Mem                                 0x20200248   Data           0  startup_mspm0g350x_uvision.o(HEAP)
    Stack_Mem                                0x20200248   Data        1024  startup_mspm0g350x_uvision.o(STACK)
    HEAP                                     0x20200248   Section        0  startup_mspm0g350x_uvision.o(HEAP)
    STACK                                    0x20200248   Section     1024  startup_mspm0g350x_uvision.o(STACK)
    __initial_sp                             0x20200648   Data           0  startup_mspm0g350x_uvision.o(STACK)

    Global Symbols

    Symbol Name                              Value     Ov Type        Size  Object(Section)

    BuildAttributes$$THM_ISAv3M$S$PE$A:L22$X:L11$S22$IEEE1$IW$~IW$USESV6$~STKCKD$USESV7$~SHL$OTIME$ROPI$IEEEX$EBA8$UX$STANDARDLIB$REQ8$PRES8$EABIv2 0x00000000   Number         0  anon$$obj.o ABSOLUTE
    __Vectors                                0x00000000   Data           4  startup_mspm0g350x_uvision.o(RESET)
    __ARM_exceptions_init                     - Undefined Weak Reference
    __alloca_initialize                       - Undefined Weak Reference
    __arm_preinit_                            - Undefined Weak Reference
    __arm_relocate_pie_                       - Undefined Weak Reference
    __cpp_initialize__aeabi_                  - Undefined Weak Reference
    __cxa_finalize                            - Undefined Weak Reference
    __rt_locale                               - Undefined Weak Reference
    __sigvec_lookup                           - Undefined Weak Reference
    _atexit_init                              - Undefined Weak Reference
    _call_atexit_fns                          - Undefined Weak Reference
    _clock_init                               - Undefined Weak Reference
    _fp_trap_init                             - Undefined Weak Reference
    _fp_trap_shutdown                         - Undefined Weak Reference
    _get_lc_collate                           - Undefined Weak Reference
    _get_lc_ctype                             - Undefined Weak Reference
    _get_lc_monetary                          - Undefined Weak Reference
    _get_lc_numeric                           - Undefined Weak Reference
    _get_lc_time                              - Undefined Weak Reference
    _getenv_init                              - Undefined Weak Reference
    _handle_redirection                       - Undefined Weak Reference
    _init_alloc                               - Undefined Weak Reference
    _init_user_alloc                          - Undefined Weak Reference
    _initio                                   - Undefined Weak Reference
    _rand_init                                - Undefined Weak Reference
    _signal_finish                            - Undefined Weak Reference
    _signal_init                              - Undefined Weak Reference
    _terminate_alloc                          - Undefined Weak Reference
    _terminate_user_alloc                     - Undefined Weak Reference
    _terminateio                              - Undefined Weak Reference
    __Vectors_End                            0x000000c0   Data           0  startup_mspm0g350x_uvision.o(RESET)
    __Vectors_Size                           0x000000c0   Number         0  startup_mspm0g350x_uvision.o ABSOLUTE
    __main                                   0x000000c1   Thumb Code     8  __main.o(!!!main)
    __scatterload                            0x000000c9   Thumb Code     0  __scatter.o(!!!scatter)
    __scatterload_rt2                        0x000000c9   Thumb Code    74  __scatter.o(!!!scatter)
    __scatterload_rt2_thumb_only             0x000000c9   Thumb Code     0  __scatter.o(!!!scatter)
    __scatterload_loop                       0x000000d3   Thumb Code     0  __scatter.o(!!!scatter)
    __scatterload_null                       0x00000121   Thumb Code     2  __scatter.o(!!handler_null)
    __scatterload_zeroinit                   0x00000129   Thumb Code    28  __scatter_zi.o(!!handler_zi)
    __rt_lib_init                            0x00000145   Thumb Code     0  libinit.o(.ARM.Collect$$libinit$$00000000)
    __rt_lib_init_alloca_1                   0x00000147   Thumb Code     0  libinit2.o(.ARM.Collect$$libinit$$00000030)
    __rt_lib_init_argv_1                     0x00000147   Thumb Code     0  libinit2.o(.ARM.Collect$$libinit$$0000002E)
    __rt_lib_init_atexit_1                   0x00000147   Thumb Code     0  libinit2.o(.ARM.Collect$$libinit$$0000001D)
    __rt_lib_init_clock_1                    0x00000147   Thumb Code     0  libinit2.o(.ARM.Collect$$libinit$$00000023)
    __rt_lib_init_cpp_1                      0x00000147   Thumb Code     0  libinit2.o(.ARM.Collect$$libinit$$00000034)
    __rt_lib_init_exceptions_1               0x00000147   Thumb Code     0  libinit2.o(.ARM.Collect$$libinit$$00000032)
    __rt_lib_init_fp_1                       0x00000147   Thumb Code     0  libinit2.o(.ARM.Collect$$libinit$$00000002)
    __rt_lib_init_fp_trap_1                  0x00000147   Thumb Code     0  libinit2.o(.ARM.Collect$$libinit$$00000021)
    __rt_lib_init_getenv_1                   0x00000147   Thumb Code     0  libinit2.o(.ARM.Collect$$libinit$$00000025)
    __rt_lib_init_heap_1                     0x00000147   Thumb Code     0  libinit2.o(.ARM.Collect$$libinit$$0000000C)
    __rt_lib_init_lc_collate_1               0x00000147   Thumb Code     0  libinit2.o(.ARM.Collect$$libinit$$00000013)
    __rt_lib_init_lc_ctype_1                 0x00000147   Thumb Code     0  libinit2.o(.ARM.Collect$$libinit$$00000015)
    __rt_lib_init_lc_monetary_1              0x00000147   Thumb Code     0  libinit2.o(.ARM.Collect$$libinit$$00000017)
    __rt_lib_init_lc_numeric_1               0x00000147   Thumb Code     0  libinit2.o(.ARM.Collect$$libinit$$00000019)
    __rt_lib_init_lc_time_1                  0x00000147   Thumb Code     0  libinit2.o(.ARM.Collect$$libinit$$0000001B)
    __rt_lib_init_preinit_1                  0x00000147   Thumb Code     0  libinit2.o(.ARM.Collect$$libinit$$00000006)
    __rt_lib_init_rand_1                     0x00000147   Thumb Code     0  libinit2.o(.ARM.Collect$$libinit$$00000010)
    __rt_lib_init_relocate_pie_1             0x00000147   Thumb Code     0  libinit2.o(.ARM.Collect$$libinit$$00000004)
    __rt_lib_init_return                     0x00000147   Thumb Code     0  libinit2.o(.ARM.Collect$$libinit$$00000035)
    __rt_lib_init_signal_1                   0x00000147   Thumb Code     0  libinit2.o(.ARM.Collect$$libinit$$0000001F)
    __rt_lib_init_stdio_1                    0x00000147   Thumb Code     0  libinit2.o(.ARM.Collect$$libinit$$00000027)
    __rt_lib_init_user_alloc_1               0x00000147   Thumb Code     0  libinit2.o(.ARM.Collect$$libinit$$0000000E)
    __rt_lib_shutdown                        0x00000149   Thumb Code     0  libshutdown.o(.ARM.Collect$$libshutdown$$00000000)
    __rt_lib_shutdown_cpp_1                  0x0000014b   Thumb Code     0  libshutdown2.o(.ARM.Collect$$libshutdown$$00000002)
    __rt_lib_shutdown_fp_trap_1              0x0000014b   Thumb Code     0  libshutdown2.o(.ARM.Collect$$libshutdown$$00000007)
    __rt_lib_shutdown_heap_1                 0x0000014b   Thumb Code     0  libshutdown2.o(.ARM.Collect$$libshutdown$$0000000F)
    __rt_lib_shutdown_return                 0x0000014b   Thumb Code     0  libshutdown2.o(.ARM.Collect$$libshutdown$$00000010)
    __rt_lib_shutdown_signal_1               0x0000014b   Thumb Code     0  libshutdown2.o(.ARM.Collect$$libshutdown$$0000000A)
    __rt_lib_shutdown_stdio_1                0x0000014b   Thumb Code     0  libshutdown2.o(.ARM.Collect$$libshutdown$$00000004)
    __rt_lib_shutdown_user_alloc_1           0x0000014b   Thumb Code     0  libshutdown2.o(.ARM.Collect$$libshutdown$$0000000C)
    __rt_entry                               0x0000014d   Thumb Code     0  __rtentry.o(.ARM.Collect$$rtentry$$00000000)
    __rt_entry_presh_1                       0x0000014d   Thumb Code     0  __rtentry2.o(.ARM.Collect$$rtentry$$00000002)
    __rt_entry_sh                            0x0000014d   Thumb Code     0  __rtentry4.o(.ARM.Collect$$rtentry$$00000004)
    __rt_entry_li                            0x00000153   Thumb Code     0  __rtentry2.o(.ARM.Collect$$rtentry$$0000000A)
    __rt_entry_postsh_1                      0x00000153   Thumb Code     0  __rtentry2.o(.ARM.Collect$$rtentry$$00000009)
    __rt_entry_main                          0x00000157   Thumb Code     0  __rtentry2.o(.ARM.Collect$$rtentry$$0000000D)
    __rt_entry_postli_1                      0x00000157   Thumb Code     0  __rtentry2.o(.ARM.Collect$$rtentry$$0000000C)
    __rt_exit                                0x0000015f   Thumb Code     0  rtexit.o(.ARM.Collect$$rtexit$$00000000)
    __rt_exit_ls                             0x00000161   Thumb Code     0  rtexit2.o(.ARM.Collect$$rtexit$$00000003)
    __rt_exit_prels_1                        0x00000161   Thumb Code     0  rtexit2.o(.ARM.Collect$$rtexit$$00000002)
    __rt_exit_exit                           0x00000165   Thumb Code     0  rtexit2.o(.ARM.Collect$$rtexit$$00000004)
    Reset_Handler                            0x0000016d   Thumb Code     4  startup_mspm0g350x_uvision.o(.text)
    NMI_Handler                              0x00000171   Thumb Code     2  startup_mspm0g350x_uvision.o(.text)
    HardFault_Handler                        0x00000173   Thumb Code     2  startup_mspm0g350x_uvision.o(.text)
    SVC_Handler                              0x00000175   Thumb Code     2  startup_mspm0g350x_uvision.o(.text)
    PendSV_Handler                           0x00000177   Thumb Code     2  startup_mspm0g350x_uvision.o(.text)
    SysTick_Handler                          0x00000179   Thumb Code     2  startup_mspm0g350x_uvision.o(.text)
    ADC0_IRQHandler                          0x0000017b   Thumb Code     0  startup_mspm0g350x_uvision.o(.text)
    ADC1_IRQHandler                          0x0000017b   Thumb Code     0  startup_mspm0g350x_uvision.o(.text)
    AES_IRQHandler                           0x0000017b   Thumb Code     0  startup_mspm0g350x_uvision.o(.text)
    CANFD0_IRQHandler                        0x0000017b   Thumb Code     0  startup_mspm0g350x_uvision.o(.text)
    DAC0_IRQHandler                          0x0000017b   Thumb Code     0  startup_mspm0g350x_uvision.o(.text)
    DMA_IRQHandler                           0x0000017b   Thumb Code     0  startup_mspm0g350x_uvision.o(.text)
    Default_Handler                          0x0000017b   Thumb Code     2  startup_mspm0g350x_uvision.o(.text)
    GROUP0_IRQHandler                        0x0000017b   Thumb Code     0  startup_mspm0g350x_uvision.o(.text)
    I2C0_IRQHandler                          0x0000017b   Thumb Code     0  startup_mspm0g350x_uvision.o(.text)
    I2C1_IRQHandler                          0x0000017b   Thumb Code     0  startup_mspm0g350x_uvision.o(.text)
    RTC_IRQHandler                           0x0000017b   Thumb Code     0  startup_mspm0g350x_uvision.o(.text)
    SPI0_IRQHandler                          0x0000017b   Thumb Code     0  startup_mspm0g350x_uvision.o(.text)
    SPI1_IRQHandler                          0x0000017b   Thumb Code     0  startup_mspm0g350x_uvision.o(.text)
    TIMA0_IRQHandler                         0x0000017b   Thumb Code     0  startup_mspm0g350x_uvision.o(.text)
    TIMA1_IRQHandler                         0x0000017b   Thumb Code     0  startup_mspm0g350x_uvision.o(.text)
    __user_initial_stackheap                 0x0000017d   Thumb Code    10  startup_mspm0g350x_uvision.o(.text)
    __aeabi_uidivmod                         0x00000199   Thumb Code    28  aeabi_sdivfast.o(.text)
    __aeabi_idivmod                          0x000001b5   Thumb Code   472  aeabi_sdivfast.o(.text)
    __use_two_region_memory                  0x00000391   Thumb Code     2  heapauxi.o(.text)
    __rt_heap_escrow$2region                 0x00000393   Thumb Code     2  heapauxi.o(.text)
    __rt_heap_expand$2region                 0x00000395   Thumb Code     2  heapauxi.o(.text)
    __aeabi_f2iz                             0x00000397   Thumb Code     0  ffixi.o(.text)
    _ffix                                    0x00000397   Thumb Code    76  ffixi.o(.text)
    __aeabi_i2f_normalise                    0x000003e3   Thumb Code    72  fflti.o(.text)
    __aeabi_i2f                              0x0000042b   Thumb Code    16  fflti.o(.text)
    _fflt                                    0x0000042b   Thumb Code     0  fflti.o(.text)
    __aeabi_ui2f                             0x0000043b   Thumb Code     6  fflti.o(.text)
    _ffltu                                   0x0000043b   Thumb Code     0  fflti.o(.text)
    __fpl_fcmp_InfNaN                        0x00000441   Thumb Code    96  fcmpin.o(.text)
    __user_libspace                          0x000004a5   Thumb Code     8  libspace.o(.text)
    __user_perproc_libspace                  0x000004a5   Thumb Code     0  libspace.o(.text)
    __user_perthread_libspace                0x000004a5   Thumb Code     0  libspace.o(.text)
    __user_setup_stackheap                   0x000004ad   Thumb Code    62  sys_stackheap_outer.o(.text)
    exit                                     0x000004eb   Thumb Code    16  exit.o(.text)
    __fpl_cmpreturn                          0x000004fb   Thumb Code    46  cmpret.o(.text)
    __fpl_fcheck_NaN2                        0x00000529   Thumb Code    10  fnan2.o(.text)
    __fpl_return_NaN                         0x00000539   Thumb Code    94  retnan.o(.text)
    DL_SYSCTL_configSYSPLL                   0x00000599   Thumb Code   196  dl_sysctl_mspm0g1x0x_g3x0x.o(.text.DL_SYSCTL_configSYSPLL)
    DL_SYSCTL_switchMCLKfromSYSOSCtoHSCLK    0x0000065d   Thumb Code    40  dl_sysctl_mspm0g1x0x_g3x0x.o(.text.DL_SYSCTL_switchMCLKfromSYSOSCtoHSCLK)
    DL_Timer_initPWMMode                     0x00000685   Thumb Code   192  dl_timer.o(.text.DL_Timer_initPWMMode)
    DL_Timer_initTimerMode                   0x00000745   Thumb Code   240  dl_timer.o(.text.DL_Timer_initTimerMode)
    DL_Timer_setCaptCompUpdateMethod         0x00000835   Thumb Code    28  dl_timer.o(.text.DL_Timer_setCaptCompUpdateMethod)
    DL_Timer_setCaptureCompareOutCtl         0x00000851   Thumb Code    24  dl_timer.o(.text.DL_Timer_setCaptureCompareOutCtl)
    DL_Timer_setCaptureCompareValue          0x00000869   Thumb Code    16  dl_timer.o(.text.DL_Timer_setCaptureCompareValue)
    DL_Timer_setClockConfig                  0x00000879   Thumb Code    28  dl_timer.o(.text.DL_Timer_setClockConfig)
    DL_UART_init                             0x00000895   Thumb Code    72  dl_uart.o(.text.DL_UART_init)
    DL_UART_setClockConfig                   0x000008dd   Thumb Code    18  dl_uart.o(.text.DL_UART_setClockConfig)
    GROUP1_IRQHandler                        0x000008f1   Thumb Code    68  isr.o(.text.GROUP1_IRQHandler)
    I2C_Init                                 0x00000941   Thumb Code    76  ml_i2c.o(.text.I2C_Init)
    Key_GetNum                               0x0000098d   Thumb Code   124  key.o(.text.Key_GetNum)
    Key_Init                                 0x00000a11   Thumb Code    32  key.o(.text.Key_Init)
    OLED_Clear                               0x00000a35   Thumb Code   276  ml_oled.o(.text.OLED_Clear)
    OLED_I2C_SendByte                        0x00000b49   Thumb Code   308  ml_oled.o(.text.OLED_I2C_SendByte)
    OLED_Init                                0x00000c81   Thumb Code   204  ml_oled.o(.text.OLED_Init)
    OLED_ShowChar                            0x00000d51   Thumb Code   188  ml_oled.o(.text.OLED_ShowChar)
    OLED_ShowNum                             0x00000e15   Thumb Code   140  ml_oled.o(.text.OLED_ShowNum)
    OLED_ShowSignedNum                       0x00000ea1   Thumb Code   180  ml_oled.o(.text.OLED_ShowSignedNum)
    OLED_ShowString                          0x00000f59   Thumb Code    44  ml_oled.o(.text.OLED_ShowString)
    OLED_WriteCommand                        0x00000f85   Thumb Code   108  ml_oled.o(.text.OLED_WriteCommand)
    OLED_WriteData                           0x00000ff1   Thumb Code   108  ml_oled.o(.text.OLED_WriteData)
    TIMG0_IRQHandler                         0x00001061   Thumb Code     8  isr.o(.text.TIMG0_IRQHandler)
    TIMG12_IRQHandler                        0x0000106d   Thumb Code     8  isr.o(.text.TIMG12_IRQHandler)
    TIMG6_IRQHandler                         0x00001079   Thumb Code    20  isr.o(.text.TIMG6_IRQHandler)
    TIMG7_IRQHandler                         0x00001091   Thumb Code     8  isr.o(.text.TIMG7_IRQHandler)
    TIMG8_IRQHandler                         0x0000109d   Thumb Code     8  isr.o(.text.TIMG8_IRQHandler)
    UART0_IRQHandler                         0x000010a9   Thumb Code     8  isr.o(.text.UART0_IRQHandler)
    UART1_IRQHandler                         0x000010b5   Thumb Code    20  isr.o(.text.UART1_IRQHandler)
    UART2_IRQHandler                         0x000010cd   Thumb Code     8  isr.o(.text.UART2_IRQHandler)
    UART3_IRQHandler                         0x000010d9   Thumb Code     8  isr.o(.text.UART3_IRQHandler)
    _sys_exit                                0x000010e5   Thumb Code     2  ml_uart.o(.text._sys_exit)
    check_stop_line                          0x000010e9   Thumb Code   108  main.o(.text.check_stop_line)
    delay_ms                                 0x00001159   Thumb Code   264  ml_delay.o(.text.delay_ms)
    delay_us                                 0x00001265   Thumb Code   268  ml_delay.o(.text.delay_us)
    digtal                                   0x00001375   Thumb Code    36  gray.o(.text.digtal)
    display_run_info                         0x000013b1   Thumb Code   268  main.o(.text.display_run_info)
    encoder_init                             0x000014e9   Thumb Code    52  ml_motor.o(.text.encoder_init)
    exti_init                                0x00001521   Thumb Code   428  ml_exti.o(.text.exti_init)
    gpio_get                                 0x000016dd   Thumb Code    14  ml_gpio.o(.text.gpio_get)
    gpio_init                                0x000016ed   Thumb Code    52  ml_gpio.o(.text.gpio_init)
    gpio_set                                 0x0000172d   Thumb Code    20  ml_gpio.o(.text.gpio_set)
    gray_init                                0x00001745   Thumb Code   100  gray.o(.text.gray_init)
    imu_uart_callback                        0x000017c5   Thumb Code   100  imu.o(.text.imu_uart_callback)
    ledfeng                                  0x00001841   Thumb Code   120  ledfeng.o(.text.ledfeng)
    main                                     0x000018b9   Thumb Code   544  main.o(.text.main)
    motorA_duty                              0x00001b81   Thumb Code    44  ml_motor.o(.text.motorA_duty)
    motorB_duty                              0x00001bb1   Thumb Code    44  ml_motor.o(.text.motorB_duty)
    motor_init                               0x00001be5   Thumb Code    88  ml_motor.o(.text.motor_init)
    pid_cal                                  0x00001c41   Thumb Code   320  pid.o(.text.pid_cal)
    pid_control                              0x00001d81   Thumb Code    16  pid.o(.text.pid_control)
    pid_init                                 0x00001d91   Thumb Code    40  pid.o(.text.pid_init)
    pid_set_limit                            0x00001dbd   Thumb Code     6  pid.o(.text.pid_set_limit)
    pwm_init                                 0x00001dc5   Thumb Code   140  ml_pwm.o(.text.pwm_init)
    pwm_pin_init                             0x00001e51   Thumb Code   236  ml_pwm.o(.text.pwm_pin_init)
    pwm_update                               0x00001f59   Thumb Code    40  ml_pwm.o(.text.pwm_update)
    system_init                              0x00001f85   Thumb Code   148  ml_system.o(.text.system_init)
    tim_interrupt_callback                   0x00002039   Thumb Code    40  main.o(.text.tim_interrupt_callback)
    tim_interrupt_ms_init                    0x0000206d   Thumb Code   260  ml_tim.o(.text.tim_interrupt_ms_init)
    track_pid_control                        0x000021ad   Thumb Code   568  gray.o(.text.track_pid_control)
    uart_getbyte                             0x00002405   Thumb Code     8  ml_uart.o(.text.uart_getbyte)
    uart_init                                0x00002411   Thumb Code   596  ml_uart.o(.text.uart_init)
    __aeabi_uidiv                            0x000026d5   Thumb Code    68  aeabi_sdivfast.o(.text_divfast)
    __aeabi_idiv                             0x00002719   Thumb Code   434  aeabi_sdivfast.o(.text_divfast)
    __aeabi_fcmpge                           0x000028cb   Thumb Code     0  fcmp.o(i._fgeq)
    _fgeq                                    0x000028cb   Thumb Code    22  fcmp.o(i._fgeq)
    __aeabi_fcmpgt                           0x000028e1   Thumb Code     0  fcmp.o(i._fgr)
    _fgr                                     0x000028e1   Thumb Code    22  fcmp.o(i._fgr)
    __aeabi_fcmplt                           0x000028f7   Thumb Code     0  fcmp.o(i._fls)
    _fls                                     0x000028f7   Thumb Code    22  fcmp.o(i._fls)
    __aeabi_fadd                             0x0000290d   Thumb Code     0  faddsub.o(x$fpl$fadd)
    _fadd                                    0x0000290d   Thumb Code   134  faddsub.o(x$fpl$fadd)
    _fcmpge                                  0x00002999   Thumb Code    78  fgef.o(x$fpl$fgeqf)
    __aeabi_cfcmple                          0x000029ed   Thumb Code     0  flef.o(x$fpl$fleqf)
    _fcmple                                  0x000029ed   Thumb Code    78  flef.o(x$fpl$fleqf)
    __aeabi_fmul                             0x00002a41   Thumb Code     0  fmul.o(x$fpl$fmul)
    _fmul                                    0x00002a41   Thumb Code   172  fmul.o(x$fpl$fmul)
    __aeabi_fsub                             0x00002af1   Thumb Code     0  faddsub.o(x$fpl$fsub)
    _fsub                                    0x00002af1   Thumb Code   204  faddsub.o(x$fpl$fsub)
    OLED_F8x16                               0x00002bc0   Data        1520  ml_oled.o(.rodata.OLED_F8x16)
    __I$use$fp                               0x00002bc0   Number         0  usenofp.o(x$fpl$usenofp)
    Region$$Table$$Base                      0x000031f0   Number         0  anon$$obj.o(Region$$Table)
    Region$$Table$$Limit                     0x00003200   Number         0  anon$$obj.o(Region$$Table)
    __libspace_start                         0x20200000   Data          96  libspace.o(.bss)
    Encoder_count1                           0x20200060   Data           4  ml_motor.o(.bss.Encoder_count1)
    __temporary_stack_top$libspace           0x20200060   Data           0  libspace.o(.bss)
    Encoder_count2                           0x20200064   Data           4  ml_motor.o(.bss.Encoder_count2)
    YawAngle                                 0x20200070   Data           8  imu.o(.bss.YawAngle)
    all_black_count                          0x20200078   Data           1  gray.o(.bss.all_black_count)
    all_white_count                          0x20200079   Data           1  gray.o(.bss.all_white_count)
    current_track                            0x2020007a   Data           1  gray.o(.bss.current_track)
    imu_flag                                 0x2020007b   Data           1  imu.o(.bss.imu_flag)
    is_running                               0x20200177   Data           1  main.o(.bss.is_running)
    lap_finished                             0x20200178   Data           1  main.o(.bss.lap_finished)
    motorA                                   0x20200180   Data          60  pid.o(.bss.motorA)
    motorA_dir                               0x202001bc   Data           1  ml_motor.o(.bss.motorA_dir)
    motorB                                   0x202001c0   Data          60  pid.o(.bss.motorB)
    motorB_dir                               0x202001fc   Data           1  ml_motor.o(.bss.motorB_dir)
    orginal_data                             0x202001fd   Data           1  imu.o(.bss.orginal_data)
    run_timer                                0x20200200   Data           4  main.o(.bss.run_timer)
    track_error                              0x20200206   Data           2  gray.o(.bss.track_error)
    track_pid                                0x20200208   Data          60  pid.o(.bss.track_pid)



==============================================================================

Memory Map of the image

  Image Entry point : 0x000000c1

  Load Region LR_IROM1 (Base: 0x00000000, Size: 0x00003200, Max: 0x00020000, ABSOLUTE)

    Execution Region ER_IROM1 (Exec base: 0x00000000, Load base: 0x00000000, Size: 0x00003200, Max: 0x00020000, ABSOLUTE)

    Exec Addr    Load Addr    Size         Type   Attr      Idx    E Section Name        Object

    0x00000000   0x00000000   0x000000c0   Data   RO           26    RESET               startup_mspm0g350x_uvision.o
    0x000000c0   0x000000c0   0x00000008   Code   RO          583  * !!!main             c_p.l(__main.o)
    0x000000c8   0x000000c8   0x00000054   Code   RO          853    !!!scatter          c_p.l(__scatter.o)
    0x0000011c   0x0000011c   0x00000004   PAD
    0x00000120   0x00000120   0x00000002   Code   RO          854    !!handler_null      c_p.l(__scatter.o)
    0x00000122   0x00000122   0x00000006   PAD
    0x00000128   0x00000128   0x0000001c   Code   RO          857    !!handler_zi        c_p.l(__scatter_zi.o)
    0x00000144   0x00000144   0x00000002   Code   RO          713    .ARM.Collect$$libinit$$00000000  c_p.l(libinit.o)
    0x00000146   0x00000146   0x00000000   Code   RO          730    .ARM.Collect$$libinit$$00000002  c_p.l(libinit2.o)
    0x00000146   0x00000146   0x00000000   Code   RO          732    .ARM.Collect$$libinit$$00000004  c_p.l(libinit2.o)
    0x00000146   0x00000146   0x00000000   Code   RO          734    .ARM.Collect$$libinit$$00000006  c_p.l(libinit2.o)
    0x00000146   0x00000146   0x00000000   Code   RO          737    .ARM.Collect$$libinit$$0000000C  c_p.l(libinit2.o)
    0x00000146   0x00000146   0x00000000   Code   RO          739    .ARM.Collect$$libinit$$0000000E  c_p.l(libinit2.o)
    0x00000146   0x00000146   0x00000000   Code   RO          741    .ARM.Collect$$libinit$$00000010  c_p.l(libinit2.o)
    0x00000146   0x00000146   0x00000000   Code   RO          744    .ARM.Collect$$libinit$$00000013  c_p.l(libinit2.o)
    0x00000146   0x00000146   0x00000000   Code   RO          746    .ARM.Collect$$libinit$$00000015  c_p.l(libinit2.o)
    0x00000146   0x00000146   0x00000000   Code   RO          748    .ARM.Collect$$libinit$$00000017  c_p.l(libinit2.o)
    0x00000146   0x00000146   0x00000000   Code   RO          750    .ARM.Collect$$libinit$$00000019  c_p.l(libinit2.o)
    0x00000146   0x00000146   0x00000000   Code   RO          752    .ARM.Collect$$libinit$$0000001B  c_p.l(libinit2.o)
    0x00000146   0x00000146   0x00000000   Code   RO          754    .ARM.Collect$$libinit$$0000001D  c_p.l(libinit2.o)
    0x00000146   0x00000146   0x00000000   Code   RO          756    .ARM.Collect$$libinit$$0000001F  c_p.l(libinit2.o)
    0x00000146   0x00000146   0x00000000   Code   RO          758    .ARM.Collect$$libinit$$00000021  c_p.l(libinit2.o)
    0x00000146   0x00000146   0x00000000   Code   RO          760    .ARM.Collect$$libinit$$00000023  c_p.l(libinit2.o)
    0x00000146   0x00000146   0x00000000   Code   RO          762    .ARM.Collect$$libinit$$00000025  c_p.l(libinit2.o)
    0x00000146   0x00000146   0x00000000   Code   RO          764    .ARM.Collect$$libinit$$00000027  c_p.l(libinit2.o)
    0x00000146   0x00000146   0x00000000   Code   RO          768    .ARM.Collect$$libinit$$0000002E  c_p.l(libinit2.o)
    0x00000146   0x00000146   0x00000000   Code   RO          770    .ARM.Collect$$libinit$$00000030  c_p.l(libinit2.o)
    0x00000146   0x00000146   0x00000000   Code   RO          772    .ARM.Collect$$libinit$$00000032  c_p.l(libinit2.o)
    0x00000146   0x00000146   0x00000000   Code   RO          774    .ARM.Collect$$libinit$$00000034  c_p.l(libinit2.o)
    0x00000146   0x00000146   0x00000002   Code   RO          775    .ARM.Collect$$libinit$$00000035  c_p.l(libinit2.o)
    0x00000148   0x00000148   0x00000002   Code   RO          805    .ARM.Collect$$libshutdown$$00000000  c_p.l(libshutdown.o)
    0x0000014a   0x0000014a   0x00000000   Code   RO          836    .ARM.Collect$$libshutdown$$00000002  c_p.l(libshutdown2.o)
    0x0000014a   0x0000014a   0x00000000   Code   RO          838    .ARM.Collect$$libshutdown$$00000004  c_p.l(libshutdown2.o)
    0x0000014a   0x0000014a   0x00000000   Code   RO          841    .ARM.Collect$$libshutdown$$00000007  c_p.l(libshutdown2.o)
    0x0000014a   0x0000014a   0x00000000   Code   RO          844    .ARM.Collect$$libshutdown$$0000000A  c_p.l(libshutdown2.o)
    0x0000014a   0x0000014a   0x00000000   Code   RO          846    .ARM.Collect$$libshutdown$$0000000C  c_p.l(libshutdown2.o)
    0x0000014a   0x0000014a   0x00000000   Code   RO          849    .ARM.Collect$$libshutdown$$0000000F  c_p.l(libshutdown2.o)
    0x0000014a   0x0000014a   0x00000002   Code   RO          850    .ARM.Collect$$libshutdown$$00000010  c_p.l(libshutdown2.o)
    0x0000014c   0x0000014c   0x00000000   Code   RO          622    .ARM.Collect$$rtentry$$00000000  c_p.l(__rtentry.o)
    0x0000014c   0x0000014c   0x00000000   Code   RO          669    .ARM.Collect$$rtentry$$00000002  c_p.l(__rtentry2.o)
    0x0000014c   0x0000014c   0x00000006   Code   RO          681    .ARM.Collect$$rtentry$$00000004  c_p.l(__rtentry4.o)
    0x00000152   0x00000152   0x00000000   Code   RO          671    .ARM.Collect$$rtentry$$00000009  c_p.l(__rtentry2.o)
    0x00000152   0x00000152   0x00000004   Code   RO          672    .ARM.Collect$$rtentry$$0000000A  c_p.l(__rtentry2.o)
    0x00000156   0x00000156   0x00000000   Code   RO          674    .ARM.Collect$$rtentry$$0000000C  c_p.l(__rtentry2.o)
    0x00000156   0x00000156   0x00000008   Code   RO          675    .ARM.Collect$$rtentry$$0000000D  c_p.l(__rtentry2.o)
    0x0000015e   0x0000015e   0x00000002   Code   RO          721    .ARM.Collect$$rtexit$$00000000  c_p.l(rtexit.o)
    0x00000160   0x00000160   0x00000000   Code   RO          779    .ARM.Collect$$rtexit$$00000002  c_p.l(rtexit2.o)
    0x00000160   0x00000160   0x00000004   Code   RO          780    .ARM.Collect$$rtexit$$00000003  c_p.l(rtexit2.o)
    0x00000164   0x00000164   0x00000006   Code   RO          781    .ARM.Collect$$rtexit$$00000004  c_p.l(rtexit2.o)
    0x0000016a   0x0000016a   0x00000002   PAD
    0x0000016c   0x0000016c   0x0000002c   Code   RO           27    .text               startup_mspm0g350x_uvision.o
    0x00000198   0x00000198   0x000001f8   Code   RO          573    .text               c_p.l(aeabi_sdivfast.o)
    0x00000390   0x00000390   0x00000006   Code   RO          581    .text               c_p.l(heapauxi.o)
    0x00000396   0x00000396   0x0000004c   Code   RO          611    .text               fz_ps.l(ffixi.o)
    0x000003e2   0x000003e2   0x0000005e   Code   RO          613    .text               fz_ps.l(fflti.o)
    0x00000440   0x00000440   0x00000064   Code   RO          694    .text               fz_ps.l(fcmpin.o)
    0x000004a4   0x000004a4   0x00000008   Code   RO          696    .text               c_p.l(libspace.o)
    0x000004ac   0x000004ac   0x0000003e   Code   RO          699    .text               c_p.l(sys_stackheap_outer.o)
    0x000004ea   0x000004ea   0x00000010   Code   RO          702    .text               c_p.l(exit.o)
    0x000004fa   0x000004fa   0x0000002e   Code   RO          714    .text               fz_ps.l(cmpret.o)
    0x00000528   0x00000528   0x00000010   Code   RO          718    .text               fz_ps.l(fnan2.o)
    0x00000538   0x00000538   0x0000005e   Code   RO          776    .text               fz_ps.l(retnan.o)
    0x00000596   0x00000596   0x00000002   PAD
    0x00000598   0x00000598   0x000000c4   Code   RO          540    .text.DL_SYSCTL_configSYSPLL  driverlib.a(dl_sysctl_mspm0g1x0x_g3x0x.o)
    0x0000065c   0x0000065c   0x00000028   Code   RO          548    .text.DL_SYSCTL_switchMCLKfromSYSOSCtoHSCLK  driverlib.a(dl_sysctl_mspm0g1x0x_g3x0x.o)
    0x00000684   0x00000684   0x000000c0   Code   RO          423    .text.DL_Timer_initPWMMode  driverlib.a(dl_timer.o)
    0x00000744   0x00000744   0x000000f0   Code   RO          405    .text.DL_Timer_initTimerMode  driverlib.a(dl_timer.o)
    0x00000834   0x00000834   0x0000001c   Code   RO          453    .text.DL_Timer_setCaptCompUpdateMethod  driverlib.a(dl_timer.o)
    0x00000850   0x00000850   0x00000018   Code   RO          427    .text.DL_Timer_setCaptureCompareOutCtl  driverlib.a(dl_timer.o)
    0x00000868   0x00000868   0x00000010   Code   RO          407    .text.DL_Timer_setCaptureCompareValue  driverlib.a(dl_timer.o)
    0x00000878   0x00000878   0x0000001c   Code   RO          401    .text.DL_Timer_setClockConfig  driverlib.a(dl_timer.o)
    0x00000894   0x00000894   0x00000048   Code   RO          500    .text.DL_UART_init  driverlib.a(dl_uart.o)
    0x000008dc   0x000008dc   0x00000012   Code   RO          502    .text.DL_UART_setClockConfig  driverlib.a(dl_uart.o)
    0x000008ee   0x000008ee   0x00000002   PAD
    0x000008f0   0x000008f0   0x00000050   Code   RO           52    .text.GROUP1_IRQHandler  isr.o
    0x00000940   0x00000940   0x0000004c   Code   RO          306    .text.I2C_Init      ml_i2c.o
    0x0000098c   0x0000098c   0x00000084   Code   RO          158    .text.Key_GetNum    key.o
    0x00000a10   0x00000a10   0x00000024   Code   RO          156    .text.Key_Init      key.o
    0x00000a34   0x00000a34   0x00000114   Code   RO          269    .text.OLED_Clear    ml_oled.o
    0x00000b48   0x00000b48   0x00000138   Code   RO          261    .text.OLED_I2C_SendByte  ml_oled.o
    0x00000c80   0x00000c80   0x000000d0   Code   RO          287    .text.OLED_Init     ml_oled.o
    0x00000d50   0x00000d50   0x000000c4   Code   RO          271    .text.OLED_ShowChar  ml_oled.o
    0x00000e14   0x00000e14   0x0000008c   Code   RO          277    .text.OLED_ShowNum  ml_oled.o
    0x00000ea0   0x00000ea0   0x000000b8   Code   RO          279    .text.OLED_ShowSignedNum  ml_oled.o
    0x00000f58   0x00000f58   0x0000002c   Code   RO          273    .text.OLED_ShowString  ml_oled.o
    0x00000f84   0x00000f84   0x0000006c   Code   RO          263    .text.OLED_WriteCommand  ml_oled.o
    0x00000ff0   0x00000ff0   0x00000070   Code   RO          265    .text.OLED_WriteData  ml_oled.o
    0x00001060   0x00001060   0x0000000c   Code   RO           34    .text.TIMG0_IRQHandler  isr.o
    0x0000106c   0x0000106c   0x0000000c   Code   RO           42    .text.TIMG12_IRQHandler  isr.o
    0x00001078   0x00001078   0x00000018   Code   RO           36    .text.TIMG6_IRQHandler  isr.o
    0x00001090   0x00001090   0x0000000c   Code   RO           38    .text.TIMG7_IRQHandler  isr.o
    0x0000109c   0x0000109c   0x0000000c   Code   RO           40    .text.TIMG8_IRQHandler  isr.o
    0x000010a8   0x000010a8   0x0000000c   Code   RO           44    .text.UART0_IRQHandler  isr.o
    0x000010b4   0x000010b4   0x00000018   Code   RO           46    .text.UART1_IRQHandler  isr.o
    0x000010cc   0x000010cc   0x0000000c   Code   RO           48    .text.UART2_IRQHandler  isr.o
    0x000010d8   0x000010d8   0x0000000c   Code   RO           50    .text.UART3_IRQHandler  isr.o
    0x000010e4   0x000010e4   0x00000002   Code   RO          187    .text._sys_exit     ml_uart.o
    0x000010e6   0x000010e6   0x00000002   PAD
    0x000010e8   0x000010e8   0x00000070   Code   RO            4    .text.check_stop_line  main.o
    0x00001158   0x00001158   0x0000010c   Code   RO          219    .text.delay_ms      ml_delay.o
    0x00001264   0x00001264   0x00000110   Code   RO          221    .text.delay_us      ml_delay.o
    0x00001374   0x00001374   0x0000003c   Code   RO          135    .text.digtal        gray.o
    0x000013b0   0x000013b0   0x00000138   Code   RO            6    .text.display_run_info  main.o
    0x000014e8   0x000014e8   0x00000038   Code   RO          370    .text.encoder_init  ml_motor.o
    0x00001520   0x00001520   0x000001bc   Code   RO          352    .text.exti_init     ml_exti.o
    0x000016dc   0x000016dc   0x0000000e   Code   RO          177    .text.gpio_get      ml_gpio.o
    0x000016ea   0x000016ea   0x00000002   PAD
    0x000016ec   0x000016ec   0x00000040   Code   RO          171    .text.gpio_init     ml_gpio.o
    0x0000172c   0x0000172c   0x00000018   Code   RO          173    .text.gpio_set      ml_gpio.o
    0x00001744   0x00001744   0x00000080   Code   RO          129    .text.gray_init     gray.o
    0x000017c4   0x000017c4   0x0000007c   Code   RO          111    .text.imu_uart_callback  imu.o
    0x00001840   0x00001840   0x00000078   Code   RO          384    .text.ledfeng       ledfeng.o
    0x000018b8   0x000018b8   0x000002c8   Code   RO            8    .text.main          main.o
    0x00001b80   0x00001b80   0x00000030   Code   RO          366    .text.motorA_duty   ml_motor.o
    0x00001bb0   0x00001bb0   0x00000034   Code   RO          368    .text.motorB_duty   ml_motor.o
    0x00001be4   0x00001be4   0x0000005c   Code   RO          364    .text.motor_init    ml_motor.o
    0x00001c40   0x00001c40   0x00000140   Code   RO           94    .text.pid_cal       pid.o
    0x00001d80   0x00001d80   0x00000010   Code   RO           90    .text.pid_control   pid.o
    0x00001d90   0x00001d90   0x0000002c   Code   RO           84    .text.pid_init      pid.o
    0x00001dbc   0x00001dbc   0x00000006   Code   RO           86    .text.pid_set_limit  pid.o
    0x00001dc2   0x00001dc2   0x00000002   PAD
    0x00001dc4   0x00001dc4   0x0000008c   Code   RO          241    .text.pwm_init      ml_pwm.o
    0x00001e50   0x00001e50   0x00000108   Code   RO          243    .text.pwm_pin_init  ml_pwm.o
    0x00001f58   0x00001f58   0x0000002c   Code   RO          245    .text.pwm_update    ml_pwm.o
    0x00001f84   0x00001f84   0x000000b4   Code   RO          231    .text.system_init   ml_system.o
    0x00002038   0x00002038   0x00000034   Code   RO            2    .text.tim_interrupt_callback  main.o
    0x0000206c   0x0000206c   0x00000140   Code   RO          208    .text.tim_interrupt_ms_init  ml_tim.o
    0x000021ac   0x000021ac   0x00000258   Code   RO          133    .text.track_pid_control  gray.o
    0x00002404   0x00002404   0x0000000c   Code   RO          195    .text.uart_getbyte  ml_uart.o
    0x00002410   0x00002410   0x000002c4   Code   RO          191    .text.uart_init     ml_uart.o
    0x000026d4   0x000026d4   0x000001f6   Code   RO          574    .text_divfast       c_p.l(aeabi_sdivfast.o)
    0x000028ca   0x000028ca   0x00000016   Code   RO          600    i._fgeq             fz_ps.l(fcmp.o)
    0x000028e0   0x000028e0   0x00000016   Code   RO          601    i._fgr              fz_ps.l(fcmp.o)
    0x000028f6   0x000028f6   0x00000016   Code   RO          603    i._fls              fz_ps.l(fcmp.o)
    0x0000290c   0x0000290c   0x0000008c   Code   RO          593    x$fpl$fadd          fz_ps.l(faddsub.o)
    0x00002998   0x00002998   0x00000054   Code   RO          640    x$fpl$fgeqf         fz_ps.l(fgef.o)
    0x000029ec   0x000029ec   0x00000054   Code   RO          642    x$fpl$fleqf         fz_ps.l(flef.o)
    0x00002a40   0x00002a40   0x000000b0   Code   RO          615    x$fpl$fmul          fz_ps.l(fmul.o)
    0x00002af0   0x00002af0   0x000000d0   Code   RO          595    x$fpl$fsub          fz_ps.l(faddsub.o)
    0x00002bc0   0x00002bc0   0x00000000   Code   RO          644    x$fpl$usenofp       fz_ps.l(usenofp.o)
    0x00002bc0   0x00002bc0   0x000005f0   Data   RO          291    .rodata.OLED_F8x16  ml_oled.o
    0x000031b0   0x000031b0   0x00000028   Data   RO          233    .rodata.gSYSPLLConfig  ml_system.o
    0x000031d8   0x000031d8   0x0000000c   Data   RO           14    .rodata.str1.1      main.o
    0x000031e4   0x000031e4   0x00000002   Data   RO          197    .rodata.uart_init.gUART_1ClockConfig  ml_uart.o
    0x000031e6   0x000031e6   0x0000000a   Data   RO          198    .rodata.uart_init.gUART_1Config  ml_uart.o
    0x000031f0   0x000031f0   0x00000010   Data   RO          852    Region$$Table       anon$$obj.o


    Execution Region RW_IRAM2 (Exec base: 0x20200000, Load base: 0x00003200, Size: 0x00000648, Max: 0x00008000, ABSOLUTE)

    Exec Addr    Load Addr    Size         Type   Attr      Idx    E Section Name        Object

    0x20200000        -       0x00000060   Zero   RW          697    .bss                c_p.l(libspace.o)
    0x20200060        -       0x00000004   Zero   RW          374    .bss.Encoder_count1  ml_motor.o
    0x20200064        -       0x00000004   Zero   RW          375    .bss.Encoder_count2  ml_motor.o
    0x20200068        -       0x00000001   Zero   RW          161    .bss.Key_GetNum.key1_state  key.o
    0x20200069        -       0x00000001   Zero   RW          162    .bss.Key_GetNum.key2_state  key.o
    0x2020006a   0x00003200   0x00000006   PAD
    0x20200070        -       0x00000008   Zero   RW          118    .bss.YawAngle       imu.o
    0x20200078        -       0x00000001   Zero   RW          145    .bss.all_black_count  gray.o
    0x20200079        -       0x00000001   Zero   RW          144    .bss.all_white_count  gray.o
    0x2020007a        -       0x00000001   Zero   RW          146    .bss.current_track  gray.o
    0x2020007b        -       0x00000001   Zero   RW          119    .bss.imu_flag       imu.o
    0x2020007c        -       0x00000001   Zero   RW          116    .bss.imu_uart_callback.counter  imu.o
    0x2020007d        -       0x000000fa   Zero   RW          115    .bss.imu_uart_callback.imu_rx_buffer  imu.o
    0x20200177        -       0x00000001   Zero   RW           10    .bss.is_running     main.o
    0x20200178        -       0x00000001   Zero   RW           12    .bss.lap_finished   main.o
    0x20200179   0x00003200   0x00000003   PAD
    0x2020017c        -       0x00000004   Zero   RW           15    .bss.main.display_timer  main.o
    0x20200180        -       0x0000003c   Zero   RW           98    .bss.motorA         pid.o
    0x202001bc        -       0x00000001   Zero   RW          372    .bss.motorA_dir     ml_motor.o
    0x202001bd   0x00003200   0x00000003   PAD
    0x202001c0        -       0x0000003c   Zero   RW           99    .bss.motorB         pid.o
    0x202001fc        -       0x00000001   Zero   RW          373    .bss.motorB_dir     ml_motor.o
    0x202001fd        -       0x00000001   Zero   RW          117    .bss.orginal_data   imu.o
    0x202001fe   0x00003200   0x00000002   PAD
    0x20200200        -       0x00000004   Zero   RW           11    .bss.run_timer      main.o
    0x20200204        -       0x00000001   Zero   RW           13    .bss.stop_line_count  main.o
    0x20200205   0x00003200   0x00000001   PAD
    0x20200206        -       0x00000002   Zero   RW          143    .bss.track_error    gray.o
    0x20200208        -       0x0000003c   Zero   RW          100    .bss.track_pid      pid.o
    0x20200244   0x00003200   0x00000004   PAD
    0x20200248        -       0x00000000   Zero   RW           25    HEAP                startup_mspm0g350x_uvision.o
    0x20200248        -       0x00000400   Zero   RW           24    STACK               startup_mspm0g350x_uvision.o



  Load Region LR_BCR (Base: 0x41c00000, Size: 0x00000000, Max: 0x00000100, ABSOLUTE)

    Execution Region BCR_CONFIG (Exec base: 0x41c00000, Load base: 0x41c00000, Size: 0x00000000, Max: 0x00000080, ABSOLUTE)

    **** No section assigned to this execution region ****



  Load Region LR_BSL (Base: 0x41c00100, Size: 0x00000000, Max: 0x00000100, ABSOLUTE)

    Execution Region BSL_CONFIG (Exec base: 0x41c00100, Load base: 0x41c00100, Size: 0x00000000, Max: 0x00000080, ABSOLUTE)

    **** No section assigned to this execution region ****


==============================================================================

Image component sizes


      Code (inc. data)   RO Data    RW Data    ZI Data      Debug   Object Name

       788         84          0          0          5       7922   gray.o
       124         24          0          0        261       3084   imu.o
       212         48          0          0          0       9232   isr.o
       168         12          0          0          2       4463   key.o
       120          0          0          0          0       3235   ledfeng.o
      1188        228         12          0         11       6421   main.o
       540          8          0          0          0       2167   ml_delay.o
       444        124          0          0          0       8974   ml_exti.o
       102         16          0          0          0       6566   ml_gpio.o
        76          0          0          0          0       6569   ml_i2c.o
       248         20          0          0         10       7311   ml_motor.o
      1580         24       1520          0          0      14561   ml_oled.o
       448         32          0          0          0      10884   ml_pwm.o
       180         32         40          0          0      16359   ml_system.o
       320         60          0          0          0       7437   ml_tim.o
       722        116         12          0          0      13833   ml_uart.o
       386          4          0          0        180       2823   pid.o
        44         18        192          0       1024        700   startup_mspm0g350x_uvision.o

    ----------------------------------------------------------------------
      7696        850       1792          0       1512     132541   Object Totals
         0          0         16          0          0          0   (incl. Generated)
         6          0          0          0         19          0   (incl. Padding)

    ----------------------------------------------------------------------

      Code (inc. data)   RO Data    RW Data    ZI Data      Debug   Library Member Name

         8          0          0          0          0         68   __main.o
         0          0          0          0          0          0   __rtentry.o
        12          0          0          0          0          0   __rtentry2.o
         6          0          0          0          0          0   __rtentry4.o
        86         10          0          0          0          0   __scatter.o
        28          0          0          0          0          0   __scatter_zi.o
      1006          4          0          0          0        184   aeabi_sdivfast.o
        16          0          0          0          0         68   exit.o
         6          0          0          0          0        136   heapauxi.o
         2          0          0          0          0          0   libinit.o
         2          0          0          0          0          0   libinit2.o
         2          0          0          0          0          0   libshutdown.o
         2          0          0          0          0          0   libshutdown2.o
         8          4          0          0         96         68   libspace.o
         2          0          0          0          0          0   rtexit.o
        10          0          0          0          0          0   rtexit2.o
        62          0          0          0          0         80   sys_stackheap_outer.o
       236         24          0          0          0      18490   dl_sysctl_mspm0g1x0x_g3x0x.o
       528        192          0          0          0      40195   dl_timer.o
        90          8          0          0          0      14127   dl_uart.o
        46          0          0          0          0         60   cmpret.o
       348          8          0          0          0        160   faddsub.o
        66          0          0          0          0        204   fcmp.o
       100          4          0          0          0         68   fcmpin.o
        76          0          0          0          0         68   ffixi.o
        94          0          0          0          0         92   fflti.o
        84          4          0          0          0         76   fgef.o
        84          4          0          0          0         76   flef.o
       176          4          0          0          0         80   fmul.o
        16          6          0          0          0         68   fnan2.o
        94          0          0          0          0         68   retnan.o
         0          0          0          0          0          0   usenofp.o

    ----------------------------------------------------------------------
      3312        276          0          0         96      74436   Library Totals
        16          4          0          0          0          0   (incl. Padding)

    ----------------------------------------------------------------------

      Code (inc. data)   RO Data    RW Data    ZI Data      Debug   Library Name

      1258         18          0          0         96        604   c_p.l
       854        224          0          0          0      72812   driverlib.a
      1184         30          0          0          0       1020   fz_ps.l

    ----------------------------------------------------------------------
      3312        276          0          0         96      74436   Library Totals

    ----------------------------------------------------------------------

==============================================================================


      Code (inc. data)   RO Data    RW Data    ZI Data      Debug   

     11008       1126       1792          0       1608     205841   Grand Totals
     11008       1126       1792          0       1608     205841   ELF Image Totals
     11008       1126       1792          0          0          0   ROM Totals

==============================================================================

    Total RO  Size (Code + RO Data)                12800 (  12.50kB)
    Total RW  Size (RW Data + ZI Data)              1608 (   1.57kB)
    Total ROM Size (Code + RO Data + RW Data)      12800 (  12.50kB)

==============================================================================

