Component: Arm Compiler for Embedded 6.21 Tool: armlink [5ec1fa00]

==============================================================================

Section Cross References

    main.o(.text.tim_interrupt_callback) refers to main.o(.bss.is_running) for is_running
    main.o(.text.tim_interrupt_callback) refers to main.o(.bss.run_timer) for run_timer
    main.o(.ARM.exidx.text.tim_interrupt_callback) refers to main.o(.text.tim_interrupt_callback) for [Anonymous Symbol]
    main.o(.text.main) refers to ml_system.o(.text.system_init) for system_init
    main.o(.text.main) refers to ml_delay.o(.text.delay_ms) for delay_ms
    main.o(.text.main) refers to ml_uart.o(.text.uart_init) for uart_init
    main.o(.text.main) refers to ml_oled.o(.text.OLED_Init) for OLED_Init
    main.o(.text.main) refers to ml_i2c.o(.text.I2C_Init) for I2C_Init
    main.o(.text.main) refers to ml_motor.o(.text.motor_init) for motor_init
    main.o(.text.main) refers to ml_motor.o(.text.encoder_init) for encoder_init
    main.o(.text.main) refers to pid.o(.text.pid_init) for pid_init
    main.o(.text.main) refers to ml_tim.o(.text.tim_interrupt_ms_init) for tim_interrupt_ms_init
    main.o(.text.main) refers to key.o(.text.Key_Init) for Key_Init
    main.o(.text.main) refers to gray.o(.text.gray_init) for gray_init
    main.o(.text.main) refers to ml_oled.o(.text.OLED_ShowString) for OLED_ShowString
    main.o(.text.main) refers to key.o(.text.Key_GetNum) for Key_GetNum
    main.o(.text.main) refers to gray.o(.text.track) for track
    main.o(.text.main) refers to aeabi_sdivfast.o(.text_divfast) for __aeabi_uidiv
    main.o(.text.main) refers to ml_oled.o(.text.OLED_ShowNum) for OLED_ShowNum
    main.o(.text.main) refers to pid.o(.bss.motorA) for motorA
    main.o(.text.main) refers to pid.o(.bss.motorB) for motorB
    main.o(.text.main) refers to main.o(.bss.is_running) for is_running
    main.o(.text.main) refers to main.o(.bss.run_timer) for run_timer
    main.o(.text.main) refers to main.o(.bss.main.last_display_time) for [Anonymous Symbol]
    main.o(.ARM.exidx.text.main) refers to main.o(.text.main) for [Anonymous Symbol]
    startup_mspm0g350x_uvision.o(STACK) refers (Special) to heapauxi.o(.text) for __use_two_region_memory
    startup_mspm0g350x_uvision.o(HEAP) refers (Special) to heapauxi.o(.text) for __use_two_region_memory
    startup_mspm0g350x_uvision.o(RESET) refers (Special) to heapauxi.o(.text) for __use_two_region_memory
    startup_mspm0g350x_uvision.o(RESET) refers to startup_mspm0g350x_uvision.o(STACK) for __initial_sp
    startup_mspm0g350x_uvision.o(RESET) refers to startup_mspm0g350x_uvision.o(.text) for Reset_Handler
    startup_mspm0g350x_uvision.o(RESET) refers to isr.o(.text.GROUP1_IRQHandler) for GROUP1_IRQHandler
    startup_mspm0g350x_uvision.o(RESET) refers to isr.o(.text.TIMG8_IRQHandler) for TIMG8_IRQHandler
    startup_mspm0g350x_uvision.o(RESET) refers to isr.o(.text.UART3_IRQHandler) for UART3_IRQHandler
    startup_mspm0g350x_uvision.o(RESET) refers to isr.o(.text.UART1_IRQHandler) for UART1_IRQHandler
    startup_mspm0g350x_uvision.o(RESET) refers to isr.o(.text.UART2_IRQHandler) for UART2_IRQHandler
    startup_mspm0g350x_uvision.o(RESET) refers to isr.o(.text.UART0_IRQHandler) for UART0_IRQHandler
    startup_mspm0g350x_uvision.o(RESET) refers to isr.o(.text.TIMG0_IRQHandler) for TIMG0_IRQHandler
    startup_mspm0g350x_uvision.o(RESET) refers to isr.o(.text.TIMG6_IRQHandler) for TIMG6_IRQHandler
    startup_mspm0g350x_uvision.o(RESET) refers to isr.o(.text.TIMG7_IRQHandler) for TIMG7_IRQHandler
    startup_mspm0g350x_uvision.o(RESET) refers to isr.o(.text.TIMG12_IRQHandler) for TIMG12_IRQHandler
    startup_mspm0g350x_uvision.o(.text) refers (Special) to heapauxi.o(.text) for __use_two_region_memory
    startup_mspm0g350x_uvision.o(.text) refers to __main.o(!!!main) for __main
    startup_mspm0g350x_uvision.o(.text) refers to startup_mspm0g350x_uvision.o(HEAP) for Heap_Mem
    startup_mspm0g350x_uvision.o(.text) refers to startup_mspm0g350x_uvision.o(STACK) for Stack_Mem
    isr.o(.ARM.exidx.text.TIMG0_IRQHandler) refers to isr.o(.text.TIMG0_IRQHandler) for [Anonymous Symbol]
    isr.o(.ARM.exidx.text.TIMG6_IRQHandler) refers to isr.o(.text.TIMG6_IRQHandler) for [Anonymous Symbol]
    isr.o(.ARM.exidx.text.TIMG7_IRQHandler) refers to isr.o(.text.TIMG7_IRQHandler) for [Anonymous Symbol]
    isr.o(.ARM.exidx.text.TIMG8_IRQHandler) refers to isr.o(.text.TIMG8_IRQHandler) for [Anonymous Symbol]
    isr.o(.ARM.exidx.text.TIMG12_IRQHandler) refers to isr.o(.text.TIMG12_IRQHandler) for [Anonymous Symbol]
    isr.o(.ARM.exidx.text.UART0_IRQHandler) refers to isr.o(.text.UART0_IRQHandler) for [Anonymous Symbol]
    isr.o(.text.UART1_IRQHandler) refers to imu.o(.text.imu_uart_callback) for imu_uart_callback
    isr.o(.ARM.exidx.text.UART1_IRQHandler) refers to isr.o(.text.UART1_IRQHandler) for [Anonymous Symbol]
[...]
    Removing ml_mpu6050.o(.bss.gz), (2 bytes).
    Removing ml_exti.o(.text), (0 bytes).
    Removing ml_exti.o(.ARM.exidx.text.exti_init), (8 bytes).
    Removing ml_exti.o(.text.exti_pin_init), (44 bytes).
    Removing ml_exti.o(.ARM.exidx.text.exti_pin_init), (8 bytes).
    Removing ml_motor.o(.text), (0 bytes).
    Removing ml_motor.o(.ARM.exidx.text.motor_init), (8 bytes).
    Removing ml_motor.o(.ARM.exidx.text.motorA_duty), (8 bytes).
    Removing ml_motor.o(.ARM.exidx.text.motorB_duty), (8 bytes).
    Removing ml_motor.o(.ARM.exidx.text.encoder_init), (8 bytes).
    Removing ledfeng.o(.text), (0 bytes).
    Removing ledfeng.o(.text.ledfeng), (124 bytes).
    Removing ledfeng.o(.ARM.exidx.text.ledfeng), (8 bytes).
    Removing dl_common.o(.text), (0 bytes).
    Removing dl_common.o(.text.DL_Common_delayCycles), (10 bytes).
    Removing dl_common.o(.ARM.exidx.text.DL_Common_delayCycles), (8 bytes).
    Removing dl_timer.o(.text), (0 bytes).
    Removing dl_timer.o(.ARM.exidx.text.DL_Timer_setClockConfig), (8 bytes).
    Removing dl_timer.o(.text.DL_Timer_getClockConfig), (28 bytes).
    Removing dl_timer.o(.ARM.exidx.text.DL_Timer_getClockConfig), (8 bytes).
    Removing dl_timer.o(.ARM.exidx.text.DL_Timer_initTimerMode), (8 bytes).
    Removing dl_timer.o(.ARM.exidx.text.DL_Timer_setCaptureCompareValue), (8 bytes).
    Removing dl_timer.o(.text.DL_Timer_setCaptureCompareCtl), (40 bytes).
    Removing dl_timer.o(.ARM.exidx.text.DL_Timer_setCaptureCompareCtl), (8 bytes).
    Removing dl_timer.o(.text.DL_Timer_initCaptureMode), (272 bytes).
    Removing dl_timer.o(.ARM.exidx.text.DL_Timer_initCaptureMode), (8 bytes).
    Removing dl_timer.o(.text.DL_Timer_setCaptureCompareInput), (26 bytes).
    Removing dl_timer.o(.ARM.exidx.text.DL_Timer_setCaptureCompareInput), (8 bytes).
    Removing dl_timer.o(.text.DL_Timer_initCaptureTriggerMode), (124 bytes).
    Removing dl_timer.o(.ARM.exidx.text.DL_Timer_initCaptureTriggerMode), (8 bytes).
    Removing dl_timer.o(.text.DL_Timer_initCaptureCombinedMode), (232 bytes).
    Removing dl_timer.o(.ARM.exidx.text.DL_Timer_initCaptureCombinedMode), (8 bytes).
    Removing dl_timer.o(.text.DL_Timer_initCompareMode), (168 bytes).
    Removing dl_timer.o(.ARM.exidx.text.DL_Timer_initCompareMode), (8 bytes).
    Removing dl_timer.o(.text.DL_Timer_initCompareTriggerMode), (112 bytes).
    Removing dl_timer.o(.ARM.exidx.text.DL_Timer_initCompareTriggerMode), (8 bytes).
    Removing dl_timer.o(.ARM.exidx.text.DL_Timer_initPWMMode), (8 bytes).
    Removing dl_timer.o(.text.DL_Timer_setCaptureCompareAction), (36 bytes).
    Removing dl_timer.o(.ARM.exidx.text.DL_Timer_setCaptureCompareAction), (8 bytes).
    Removing dl_timer.o(.ARM.exidx.text.DL_Timer_setCaptureCompareOutCtl), (8 bytes).
    Removing dl_timer.o(.text.DL_Timer_getCaptureCompareValue), (16 bytes).
    Removing dl_timer.o(.ARM.exidx.text.DL_Timer_getCaptureCompareValue), (8 bytes).
    Removing dl_timer.o(.text.DL_Timer_getCaptureCompareCtl), (24 bytes).
    Removing dl_timer.o(.ARM.exidx.text.DL_Timer_getCaptureCompareCtl), (8 bytes).
    Removing dl_timer.o(.text.DL_Timer_setSecondCompSrcDn), (28 bytes).
    Removing dl_timer.o(.ARM.exidx.text.DL_Timer_setSecondCompSrcDn), (8 bytes).
    Removing dl_timer.o(.text.DL_Timer_getSecondCompSrcDn), (20 bytes).
    Removing dl_timer.o(.ARM.exidx.text.DL_Timer_getSecondCompSrcDn), (8 bytes).
    Removing dl_timer.o(.text.DL_Timer_setSecondCompSrcUp), (28 bytes).
    Removing dl_timer.o(.ARM.exidx.text.DL_Timer_setSecondCompSrcUp), (8 bytes).
    Removing dl_timer.o(.text.DL_Timer_getSecondCompSrcUp), (20 bytes).
    Removing dl_timer.o(.ARM.exidx.text.DL_Timer_getSecondCompSrcUp), (8 bytes).
    Removing dl_timer.o(.text.DL_Timer_setSecondCompActionDn), (28 bytes).
    Removing dl_timer.o(.ARM.exidx.text.DL_Timer_setSecondCompActionDn), (8 bytes).
    Removing dl_timer.o(.text.DL_Timer_getSecondCompActionDn), (20 bytes).
    Removing dl_timer.o(.ARM.exidx.text.DL_Timer_getSecondCompActionDn), (8 bytes).
    Removing dl_timer.o(.text.DL_Timer_setSecondCompActionUp), (28 bytes).
    Removing dl_timer.o(.ARM.exidx.text.DL_Timer_setSecondCompActionUp), (8 bytes).
    Removing dl_timer.o(.text.DL_Timer_getSecondCompActionUp), (20 bytes).
    Removing dl_timer.o(.ARM.exidx.text.DL_Timer_getSecondCompActionUp), (8 bytes).
    Removing dl_timer.o(.text.DL_Timer_enableSuppressionOfCompEvent), (24 bytes).
    Removing dl_timer.o(.ARM.exidx.text.DL_Timer_enableSuppressionOfCompEvent), (8 bytes).
    Removing dl_timer.o(.text.DL_Timer_disableSuppressionOfCompEvent), (24 bytes).
    Removing dl_timer.o(.ARM.exidx.text.DL_Timer_disableSuppressionOfCompEvent), (8 bytes).
    Removing dl_timer.o(.ARM.exidx.text.DL_Timer_setCaptCompUpdateMethod), (8 bytes).
    Removing dl_timer.o(.text.DL_Timer_getCaptCompUpdateMethod), (20 bytes).
    Removing dl_timer.o(.ARM.exidx.text.DL_Timer_getCaptCompUpdateMethod), (8 bytes).
    Removing dl_timer.o(.text.DL_Timer_getCaptureCompareOutCtl), (16 bytes).
    Removing dl_timer.o(.ARM.exidx.text.DL_Timer_getCaptureCompareOutCtl), (8 bytes).
    Removing dl_timer.o(.text.DL_Timer_getCaptureCompareAction), (24 bytes).
    Removing dl_timer.o(.ARM.exidx.text.DL_Timer_getCaptureCompareAction), (8 bytes).
    Removing dl_timer.o(.text.DL_Timer_overrideCCPOut), (32 bytes).
    Removing dl_timer.o(.ARM.exidx.text.DL_Timer_overrideCCPOut), (8 bytes).
    Removing dl_timer.o(.text.DL_Timer_getCaptureCompareInput), (16 bytes).
    Removing dl_timer.o(.ARM.exidx.text.DL_Timer_getCaptureCompareInput), (8 bytes).
    Removing dl_timer.o(.text.DL_Timer_setCaptureCompareInputFilter), (28 bytes).
    Removing dl_timer.o(.ARM.exidx.text.DL_Timer_setCaptureCompareInputFilter), (8 bytes).
    Removing dl_timer.o(.text.DL_Timer_getCaptureCompareInputFilter), (18 bytes).
    Removing dl_timer.o(.ARM.exidx.text.DL_Timer_getCaptureCompareInputFilter), (8 bytes).
    Removing dl_timer.o(.text.DL_Timer_enableCaptureCompareInputFilter), (20 bytes).
    Removing dl_timer.o(.ARM.exidx.text.DL_Timer_enableCaptureCompareInputFilter), (8 bytes).
    Removing dl_timer.o(.text.DL_Timer_disableCaptureCompareInputFilter), (20 bytes).
    Removing dl_timer.o(.ARM.exidx.text.DL_Timer_disableCaptureCompareInputFilter), (8 bytes).
    Removing dl_timer.o(.text.DL_Timer_isCaptureCompareInputFilterEnabled), (20 bytes).
    Removing dl_timer.o(.ARM.exidx.text.DL_Timer_isCaptureCompareInputFilterEnabled), (8 bytes).
    Removing dl_timer.o(.text.DL_Timer_saveConfiguration), (192 bytes).
    Removing dl_timer.o(.ARM.exidx.text.DL_Timer_saveConfiguration), (8 bytes).
    Removing dl_timer.o(.text.DL_Timer_restoreConfiguration), (196 bytes).
    Removing dl_timer.o(.ARM.exidx.text.DL_Timer_restoreConfiguration), (8 bytes).
    Removing dl_timer.o(.text.DL_TimerA_initPWMMode), (120 bytes).
    Removing dl_timer.o(.ARM.exidx.text.DL_TimerA_initPWMMode), (8 bytes).
    Removing dl_timer.o(.text.DL_Timer_setFaultSourceConfig), (44 bytes).
    Removing dl_timer.o(.ARM.exidx.text.DL_Timer_setFaultSourceConfig), (8 bytes).
    Removing dl_timer.o(.text.DL_Timer_getFaultSourceConfig), (32 bytes).
    Removing dl_timer.o(.ARM.exidx.text.DL_Timer_getFaultSourceConfig), (8 bytes).
    Removing dl_timer.o(.text.DL_TimerA_saveConfiguration), (264 bytes).
    Removing dl_timer.o(.ARM.exidx.text.DL_TimerA_saveConfiguration), (8 bytes).
    Removing dl_timer.o(.text.DL_TimerA_restoreConfiguration), (276 bytes).
    Removing dl_timer.o(.ARM.exidx.text.DL_TimerA_restoreConfiguration), (8 bytes).
    Removing dl_timer.o(.text.DL_Timer_configQEIHallInputMode), (36 bytes).
    Removing dl_timer.o(.ARM.exidx.text.DL_Timer_configQEIHallInputMode), (8 bytes).
    Removing dl_timer.o(.rodata..Lswitch.table.DL_Timer_initCompareMode), (12 bytes).
    Removing dl_uart.o(.text), (0 bytes).
    Removing dl_uart.o(.ARM.exidx.text.DL_UART_init), (8 bytes).
    Removing dl_uart.o(.ARM.exidx.text.DL_UART_setClockConfig), (8 bytes).
    Removing dl_uart.o(.text.DL_UART_getClockConfig), (16 bytes).
    Removing dl_uart.o(.ARM.exidx.text.DL_UART_getClockConfig), (8 bytes).
    Removing dl_uart.o(.text.DL_UART_configBaudRate), (140 bytes).
    Removing dl_uart.o(.ARM.exidx.text.DL_UART_configBaudRate), (8 bytes).
    Removing dl_uart.o(.text.DL_UART_configIrDAMode), (60 bytes).
    Removing dl_uart.o(.ARM.exidx.text.DL_UART_configIrDAMode), (8 bytes).
    Removing dl_uart.o(.text.DL_UART_setIrDAPulseLength), (42 bytes).
    Removing dl_uart.o(.ARM.exidx.text.DL_UART_setIrDAPulseLength), (8 bytes).
    Removing dl_uart.o(.text.DL_UART_receiveDataBlocking), (20 bytes).
    Removing dl_uart.o(.ARM.exidx.text.DL_UART_receiveDataBlocking), (8 bytes).
    Removing dl_uart.o(.text.DL_UART_transmitDataBlocking), (20 bytes).
    Removing dl_uart.o(.ARM.exidx.text.DL_UART_transmitDataBlocking), (8 bytes).
    Removing dl_uart.o(.text.DL_UART_receiveDataCheck), (28 bytes).
    Removing dl_uart.o(.ARM.exidx.text.DL_UART_receiveDataCheck), (8 bytes).
    Removing dl_uart.o(.text.DL_UART_transmitDataCheck), (24 bytes).
    Removing dl_uart.o(.ARM.exidx.text.DL_UART_transmitDataCheck), (8 bytes).
    Removing dl_uart.o(.text.DL_UART_drainRXFIFO), (40 bytes).
    Removing dl_uart.o(.ARM.exidx.text.DL_UART_drainRXFIFO), (8 bytes).
    Removing dl_uart.o(.text.DL_UART_fillTXFIFO), (40 bytes).
    Removing dl_uart.o(.ARM.exidx.text.DL_UART_fillTXFIFO), (8 bytes).
    Removing dl_uart.o(.text.DL_UART_Main_saveConfiguration), (88 bytes).
    Removing dl_uart.o(.ARM.exidx.text.DL_UART_Main_saveConfiguration), (8 bytes).
    Removing dl_uart.o(.text.DL_UART_Main_restoreConfiguration), (120 bytes).
    Removing dl_uart.o(.ARM.exidx.text.DL_UART_Main_restoreConfiguration), (8 bytes).
    Removing dl_uart.o(.text.DL_UART_Extend_saveConfiguration), (104 bytes).
    Removing dl_uart.o(.ARM.exidx.text.DL_UART_Extend_saveConfiguration), (8 bytes).
    Removing dl_uart.o(.text.DL_UART_Extend_restoreConfiguration), (132 bytes).
    Removing dl_uart.o(.ARM.exidx.text.DL_UART_Extend_restoreConfiguration), (8 bytes).
    Removing dl_sysctl_mspm0g1x0x_g3x0x.o(.text), (0 bytes).
    Removing dl_sysctl_mspm0g1x0x_g3x0x.o(.ARM.exidx.text.DL_SYSCTL_configSYSPLL), (8 bytes).
    Removing dl_sysctl_mspm0g1x0x_g3x0x.o(.text.DL_SYSCTL_setLFCLKSourceLFXT), (80 bytes).
    Removing dl_sysctl_mspm0g1x0x_g3x0x.o(.ARM.exidx.text.DL_SYSCTL_setLFCLKSourceLFXT), (8 bytes).
    Removing dl_sysctl_mspm0g1x0x_g3x0x.o(.text.DL_SYSCTL_switchMCLKfromSYSOSCtoLFCLK), (60 bytes).
    Removing dl_sysctl_mspm0g1x0x_g3x0x.o(.ARM.exidx.text.DL_SYSCTL_switchMCLKfromSYSOSCtoLFCLK), (8 bytes).
    Removing dl_sysctl_mspm0g1x0x_g3x0x.o(.text.DL_SYSCTL_switchMCLKfromLFCLKtoSYSOSC), (40 bytes).
    Removing dl_sysctl_mspm0g1x0x_g3x0x.o(.ARM.exidx.text.DL_SYSCTL_switchMCLKfromLFCLKtoSYSOSC), (8 bytes).
    Removing dl_sysctl_mspm0g1x0x_g3x0x.o(.ARM.exidx.text.DL_SYSCTL_switchMCLKfromSYSOSCtoHSCLK), (8 bytes).
    Removing dl_sysctl_mspm0g1x0x_g3x0x.o(.text.DL_SYSCTL_switchMCLKfromHSCLKtoSYSOSC), (32 bytes).
    Removing dl_sysctl_mspm0g1x0x_g3x0x.o(.ARM.exidx.text.DL_SYSCTL_switchMCLKfromHSCLKtoSYSOSC), (8 bytes).
    Removing dl_sysctl_mspm0g1x0x_g3x0x.o(.text.DL_SYSCTL_setHFCLKSourceHFXT), (76 bytes).
    Removing dl_sysctl_mspm0g1x0x_g3x0x.o(.ARM.exidx.text.DL_SYSCTL_setHFCLKSourceHFXT), (8 bytes).
    Removing dl_sysctl_mspm0g1x0x_g3x0x.o(.text.DL_SYSCTL_setHFCLKSourceHFXTParams), (84 bytes).
    Removing dl_sysctl_mspm0g1x0x_g3x0x.o(.ARM.exidx.text.DL_SYSCTL_setHFCLKSourceHFXTParams), (8 bytes).
    Removing dl_sysctl_mspm0g1x0x_g3x0x.o(.text.DL_SYSCTL_configFCC), (28 bytes).
    Removing dl_sysctl_mspm0g1x0x_g3x0x.o(.ARM.exidx.text.DL_SYSCTL_configFCC), (8 bytes).
    Removing dl_sysctl_mspm0g1x0x_g3x0x.o(.text.DL_SYSCTL_getPowerPolicyRUNSLEEP), (48 bytes).
    Removing dl_sysctl_mspm0g1x0x_g3x0x.o(.ARM.exidx.text.DL_SYSCTL_getPowerPolicyRUNSLEEP), (8 bytes).
    Removing dl_sysctl_mspm0g1x0x_g3x0x.o(.text.DL_SYSCTL_getPowerPolicySTOP), (52 bytes).
    Removing dl_sysctl_mspm0g1x0x_g3x0x.o(.ARM.exidx.text.DL_SYSCTL_getPowerPolicySTOP), (8 bytes).
    Removing dl_sysctl_mspm0g1x0x_g3x0x.o(.text.DL_SYSCTL_getPowerPolicySTANDBY), (40 bytes).
    Removing dl_sysctl_mspm0g1x0x_g3x0x.o(.ARM.exidx.text.DL_SYSCTL_getPowerPolicySTANDBY), (8 bytes).

307 unused section(s) (total 9290 bytes) removed from the image.

==============================================================================

Image Symbol Table

    Local Symbols

    Symbol Name                              Value     Ov Type        Size  Object(Section)

    ../clib/angel/boardlib.s                 0x00000000   Number         0  boardinit1.o ABSOLUTE
    ../clib/angel/boardlib.s                 0x00000000   Number         0  boardinit2.o ABSOLUTE
    ../clib/angel/boardlib.s                 0x00000000   Number         0  boardinit3.o ABSOLUTE
    ../clib/angel/boardlib.s                 0x00000000   Number         0  boardshut.o ABSOLUTE
    ../clib/angel/handlers.s                 0x00000000   Number         0  __scatter_zi.o ABSOLUTE
    ../clib/angel/kernel.s                   0x00000000   Number         0  __rtentry.o ABSOLUTE
    ../clib/angel/kernel.s                   0x00000000   Number         0  __rtentry2.o ABSOLUTE
    ../clib/angel/kernel.s                   0x00000000   Number         0  __rtentry4.o ABSOLUTE
    ../clib/angel/kernel.s                   0x00000000   Number         0  rtexit.o ABSOLUTE
    ../clib/angel/kernel.s                   0x00000000   Number         0  rtexit2.o ABSOLUTE
    ../clib/angel/rt.s                       0x00000000   Number         0  aeabi_idiv0.o ABSOLUTE
    ../clib/angel/rt.s                       0x00000000   Number         0  aeabi_idiv0_sigfpe.o ABSOLUTE
    ../clib/angel/rt.s                       0x00000000   Number         0  rt_div0.o ABSOLUTE
    ../clib/angel/rt.s                       0x00000000   Number         0  rt_errno_addr.o ABSOLUTE
    ../clib/angel/rt.s                       0x00000000   Number         0  rt_errno_addr_intlibspace.o ABSOLUTE
    ../clib/angel/rt.s                       0x00000000   Number         0  rt_raise.o ABSOLUTE
    ../clib/angel/scatterp.s                 0x00000000   Number         0  __scatter.o ABSOLUTE
    ../clib/angel/startup.s                  0x00000000   Number         0  __main.o ABSOLUTE
    ../clib/angel/sys.s                      0x00000000   Number         0  libspace.o ABSOLUTE
    ../clib/angel/sys.s                      0x00000000   Number         0  sys_stackheap_outer.o ABSOLUTE
    ../clib/angel/sys.s                      0x00000000   Number         0  tempstk.o ABSOLUTE
    ../clib/angel/sys.s                      0x00000000   Number         0  use_no_semi.o ABSOLUTE
    ../clib/angel/sys.s                      0x00000000   Number         0  indicate_semi.o ABSOLUTE
    ../clib/angel/sysapp.c                   0x00000000   Number         0  sys_wrch.o ABSOLUTE
    ../clib/angel/sysapp.c                   0x00000000   Number         0  sys_wrch_hlt.o ABSOLUTE
    ../clib/angel/sysapp.c                   0x00000000   Number         0  sys_command.o ABSOLUTE
    ../clib/angel/sysapp.c                   0x00000000   Number         0  sys_command_hlt.o ABSOLUTE
    ../clib/armsys.c                         0x00000000   Number         0  argv_veneer.o ABSOLUTE
    ../clib/armsys.c                         0x00000000   Number         0  _get_argv_nomalloc.o ABSOLUTE
    ../clib/armsys.c                         0x00000000   Number         0  no_argv.o ABSOLUTE
    ../clib/division.s                       0x00000000   Number         0  aeabi_sdivfast.o ABSOLUTE
    ../clib/division.s                       0x00000000   Number         0  aeabi_sdivfast_div0.o ABSOLUTE
    ../clib/fenv.c                           0x00000000   Number         0  _rserrno.o ABSOLUTE
    ../clib/heapalloc.c                      0x00000000   Number         0  hrguard.o ABSOLUTE
    ../clib/heapaux.c                        0x00000000   Number         0  heapauxi.o ABSOLUTE
    ../clib/libinit.s                        0x00000000   Number         0  libinit.o ABSOLUTE
    ../clib/libinit.s                        0x00000000   Number         0  libinit2.o ABSOLUTE
    ../clib/libinit.s                        0x00000000   Number         0  libshutdown.o ABSOLUTE
    ../clib/libinit.s                        0x00000000   Number         0  libshutdown2.o ABSOLUTE
    ../clib/signal.c                         0x00000000   Number         0  defsig_fpe_outer.o ABSOLUTE
    ../clib/signal.c                         0x00000000   Number         0  defsig_fpe_formal.o ABSOLUTE
    ../clib/signal.c                         0x00000000   Number         0  defsig_exit.o ABSOLUTE
    ../clib/signal.c                         0x00000000   Number         0  defsig_fpe_inner.o ABSOLUTE
    ../clib/signal.c                         0x00000000   Number         0  __raise.o ABSOLUTE
    ../clib/signal.c                         0x00000000   Number         0  defsig_general.o ABSOLUTE
    ../clib/signal.c                         0x00000000   Number         0  defsig_abrt_inner.o ABSOLUTE
    ../clib/signal.c                         0x00000000   Number         0  defsig_rtred_inner.o ABSOLUTE
    ../clib/signal.c                         0x00000000   Number         0  defsig_rtmem_inner.o ABSOLUTE
    ../clib/signal.c                         0x00000000   Number         0  defsig_rtmem_outer.o ABSOLUTE
    ../clib/signal.c                         0x00000000   Number         0  defsig_rtmem_formal.o ABSOLUTE
    ../clib/signal.c                         0x00000000   Number         0  defsig_stak_inner.o ABSOLUTE
    ../clib/signal.c                         0x00000000   Number         0  defsig_pvfn_inner.o ABSOLUTE
    ../clib/signal.c                         0x00000000   Number         0  defsig_cppl_inner.o ABSOLUTE
    ../clib/signal.c                         0x00000000   Number         0  defsig_segv_inner.o ABSOLUTE
    ../clib/signal.c                         0x00000000   Number         0  defsig_other.o ABSOLUTE
    ../clib/signal.s                         0x00000000   Number         0  defsig.o ABSOLUTE
    ../clib/stdlib.c                         0x00000000   Number         0  exit.o ABSOLUTE
    ../fplib/cfplib/cmp.c                    0x00000000   Number         0  fcmp.o ABSOLUTE
    ../fplib/cfplib/cmpret.c                 0x00000000   Number         0  cmpret.o ABSOLUTE
    ../fplib/cfplib/daddsub.c                0x00000000   Number         0  daddsub.o ABSOLUTE
    ../fplib/cfplib/dcmpin.c                 0x00000000   Number         0  dcmpin.o ABSOLUTE
    ../fplib/cfplib/ddiv.c                   0x00000000   Number         0  ddiv.o ABSOLUTE
    ../fplib/cfplib/dmul.c                   0x00000000   Number         0  dmul.o ABSOLUTE
    ../fplib/cfplib/dsqrt.c                  0x00000000   Number         0  dsqrt.o ABSOLUTE
    ../fplib/cfplib/f2d.c                    0x00000000   Number         0  f2d.o ABSOLUTE
    ../fplib/cfplib/fcmpin.c                 0x00000000   Number         0  fcmpin.o ABSOLUTE
    ../fplib/cfplib/ffix.c                   0x00000000   Number         0  dfixi.o ABSOLUTE
    ../fplib/cfplib/ffix.c                   0x00000000   Number         0  ffixi.o ABSOLUTE
    ../fplib/cfplib/fflt.c                   0x00000000   Number         0  dflti.o ABSOLUTE
    ../fplib/cfplib/fflt.c                   0x00000000   Number         0  fflti.o ABSOLUTE
    ../fplib/cfplib/fpinit.c                 0x00000000   Number         0  fpinit.o ABSOLUTE
    ../fplib/cfplib/nan2.c                   0x00000000   Number         0  dnan2.o ABSOLUTE
    ../fplib/cfplib/nan2.c                   0x00000000   Number         0  fnan2.o ABSOLUTE
    ../fplib/cfplib/retnan.c                 0x00000000   Number         0  retnan.o ABSOLUTE
    ../fplib/cfplib/scalbn.c                 0x00000000   Number         0  dscalbn.o ABSOLUTE
    ../fplib/drleqf6m.s                      0x00000000   Number         0  drlef.o ABSOLUTE
    ../fplib/faddsub6m.s                     0x00000000   Number         0  faddsub.o ABSOLUTE
    ../fplib/feqf6m.s                        0x00000000   Number         0  feqf.o ABSOLUTE
    ../fplib/fgeqf6m.s                       0x00000000   Number         0  fgef.o ABSOLUTE
    ../fplib/fleqf6m.s                       0x00000000   Number         0  flef.o ABSOLUTE
    ../fplib/fmul6m.s                        0x00000000   Number         0  fmul.o ABSOLUTE
    ../fplib/usenofp.s                       0x00000000   Number         0  usenofp.o ABSOLUTE
    ../mathlib/dunder.c                      0x00000000   Number         0  dunder.o ABSOLUTE
    ../mathlib/fpclassify.c                  0x00000000   Number         0  fpclassify.o ABSOLUTE
    ../mathlib/poly.c                        0x00000000   Number         0  poly.o ABSOLUTE
    ../mathlib/pow.c                         0x00000000   Number         0  pow.o ABSOLUTE
    ../mathlib/qnan.c                        0x00000000   Number         0  qnan.o ABSOLUTE
    ../mathlib/sqrt.c                        0x00000000   Number         0  sqrt.o ABSOLUTE
    IMU.c                                    0x00000000   Number         0  imu.o ABSOLUTE
    dc.s                                     0x00000000   Number         0  dc.o ABSOLUTE
    dl_common.c                              0x00000000   Number         0  dl_common.o ABSOLUTE
    dl_sysctl_mspm0g1x0x_g3x0x.c             0x00000000   Number         0  dl_sysctl_mspm0g1x0x_g3x0x.o ABSOLUTE
    dl_timer.c                               0x00000000   Number         0  dl_timer.o ABSOLUTE
    dl_uart.c                                0x00000000   Number         0  dl_uart.o ABSOLUTE
    gray.c                                   0x00000000   Number         0  gray.o ABSOLUTE
    isr.c                                    0x00000000   Number         0  isr.o ABSOLUTE
    key.c                                    0x00000000   Number         0  key.o ABSOLUTE
    ledfeng.c                                0x00000000   Number         0  ledfeng.o ABSOLUTE
    main.c                                   0x00000000   Number         0  main.o ABSOLUTE
    ml_delay.c                               0x00000000   Number         0  ml_delay.o ABSOLUTE
    ml_exti.c                                0x00000000   Number         0  ml_exti.o ABSOLUTE
    ml_gpio.c                                0x00000000   Number         0  ml_gpio.o ABSOLUTE
    ml_i2c.c                                 0x00000000   Number         0  ml_i2c.o ABSOLUTE
    ml_motor.c                               0x00000000   Number         0  ml_motor.o ABSOLUTE
    ml_mpu6050.c                             0x00000000   Number         0  ml_mpu6050.o ABSOLUTE
    ml_oled.c                                0x00000000   Number         0  ml_oled.o ABSOLUTE
    ml_pwm.c                                 0x00000000   Number         0  ml_pwm.o ABSOLUTE
    ml_system.c                              0x00000000   Number         0  ml_system.o ABSOLUTE
    ml_tim.c                                 0x00000000   Number         0  ml_tim.o ABSOLUTE
    ml_uart.c                                0x00000000   Number         0  ml_uart.o ABSOLUTE
    pid.c                                    0x00000000   Number         0  pid.o ABSOLUTE
    startup_mspm0g350x_uvision.s             0x00000000   Number         0  startup_mspm0g350x_uvision.o ABSOLUTE
    ti_msp_dl_config.c                       0x00000000   Number         0  ti_msp_dl_config.o ABSOLUTE
    RESET                                    0x00000000   Section      192  startup_mspm0g350x_uvision.o(RESET)
    !!!main                                  0x000000c0   Section        8  __main.o(!!!main)
    !!!scatter                               0x000000c8   Section       84  __scatter.o(!!!scatter)
    !!handler_null                           0x00000120   Section        2  __scatter.o(!!handler_null)
    !!handler_zi                             0x00000128   Section       28  __scatter_zi.o(!!handler_zi)
    .ARM.Collect$$libinit$$00000000          0x00000144   Section        2  libinit.o(.ARM.Collect$$libinit$$00000000)
    .ARM.Collect$$libinit$$00000002          0x00000146   Section        0  libinit2.o(.ARM.Collect$$libinit$$00000002)
    .ARM.Collect$$libinit$$00000004          0x00000146   Section        0  libinit2.o(.ARM.Collect$$libinit$$00000004)
    .ARM.Collect$$libinit$$00000006          0x00000146   Section        0  libinit2.o(.ARM.Collect$$libinit$$00000006)
    .ARM.Collect$$libinit$$0000000C          0x00000146   Section        0  libinit2.o(.ARM.Collect$$libinit$$0000000C)
    .ARM.Collect$$libinit$$0000000E          0x00000146   Section        0  libinit2.o(.ARM.Collect$$libinit$$0000000E)
    .ARM.Collect$$libinit$$00000010          0x00000146   Section        0  libinit2.o(.ARM.Collect$$libinit$$00000010)
    .ARM.Collect$$libinit$$00000013          0x00000146   Section        0  libinit2.o(.ARM.Collect$$libinit$$00000013)
    .ARM.Collect$$libinit$$00000015          0x00000146   Section        0  libinit2.o(.ARM.Collect$$libinit$$00000015)
    .ARM.Collect$$libinit$$00000017          0x00000146   Section        0  libinit2.o(.ARM.Collect$$libinit$$00000017)
    .ARM.Collect$$libinit$$00000019          0x00000146   Section        0  libinit2.o(.ARM.Collect$$libinit$$00000019)
    .ARM.Collect$$libinit$$0000001B          0x00000146   Section        0  libinit2.o(.ARM.Collect$$libinit$$0000001B)
    .ARM.Collect$$libinit$$0000001D          0x00000146   Section        0  libinit2.o(.ARM.Collect$$libinit$$0000001D)
    .ARM.Collect$$libinit$$0000001F          0x00000146   Section        0  libinit2.o(.ARM.Collect$$libinit$$0000001F)
    .ARM.Collect$$libinit$$00000021          0x00000146   Section        0  libinit2.o(.ARM.Collect$$libinit$$00000021)
    .ARM.Collect$$libinit$$00000023          0x00000146   Section        0  libinit2.o(.ARM.Collect$$libinit$$00000023)
    .ARM.Collect$$libinit$$00000025          0x00000146   Section        0  libinit2.o(.ARM.Collect$$libinit$$00000025)
    .ARM.Collect$$libinit$$00000027          0x00000146   Section        0  libinit2.o(.ARM.Collect$$libinit$$00000027)
    .ARM.Collect$$libinit$$0000002E          0x00000146   Section        0  libinit2.o(.ARM.Collect$$libinit$$0000002E)
    .ARM.Collect$$libinit$$00000030          0x00000146   Section        0  libinit2.o(.ARM.Collect$$libinit$$00000030)
    .ARM.Collect$$libinit$$00000032          0x00000146   Section        0  libinit2.o(.ARM.Collect$$libinit$$00000032)
    .ARM.Collect$$libinit$$00000034          0x00000146   Section        0  libinit2.o(.ARM.Collect$$libinit$$00000034)
    .ARM.Collect$$libinit$$00000035          0x00000146   Section        2  libinit2.o(.ARM.Collect$$libinit$$00000035)
    .ARM.Collect$$libshutdown$$00000000      0x00000148   Section        2  libshutdown.o(.ARM.Collect$$libshutdown$$00000000)
    .ARM.Collect$$libshutdown$$00000002      0x0000014a   Section        0  libshutdown2.o(.ARM.Collect$$libshutdown$$00000002)
    .ARM.Collect$$libshutdown$$00000004      0x0000014a   Section        0  libshutdown2.o(.ARM.Collect$$libshutdown$$00000004)
    .ARM.Collect$$libshutdown$$00000007      0x0000014a   Section        0  libshutdown2.o(.ARM.Collect$$libshutdown$$00000007)
    .ARM.Collect$$libshutdown$$0000000A      0x0000014a   Section        0  libshutdown2.o(.ARM.Collect$$libshutdown$$0000000A)
    .ARM.Collect$$libshutdown$$0000000C      0x0000014a   Section        0  libshutdown2.o(.ARM.Collect$$libshutdown$$0000000C)
    .ARM.Collect$$libshutdown$$0000000F      0x0000014a   Section        0  libshutdown2.o(.ARM.Collect$$libshutdown$$0000000F)
    .ARM.Collect$$libshutdown$$00000010      0x0000014a   Section        2  libshutdown2.o(.ARM.Collect$$libshutdown$$00000010)
    .ARM.Collect$$rtentry$$00000000          0x0000014c   Section        0  __rtentry.o(.ARM.Collect$$rtentry$$00000000)
    .ARM.Collect$$rtentry$$00000002          0x0000014c   Section        0  __rtentry2.o(.ARM.Collect$$rtentry$$00000002)
    .ARM.Collect$$rtentry$$00000004          0x0000014c   Section        6  __rtentry4.o(.ARM.Collect$$rtentry$$00000004)
    .ARM.Collect$$rtentry$$00000009          0x00000152   Section        0  __rtentry2.o(.ARM.Collect$$rtentry$$00000009)
    .ARM.Collect$$rtentry$$0000000A          0x00000152   Section        4  __rtentry2.o(.ARM.Collect$$rtentry$$0000000A)
    .ARM.Collect$$rtentry$$0000000C          0x00000156   Section        0  __rtentry2.o(.ARM.Collect$$rtentry$$0000000C)
    .ARM.Collect$$rtentry$$0000000D          0x00000156   Section        8  __rtentry2.o(.ARM.Collect$$rtentry$$0000000D)
    .ARM.Collect$$rtexit$$00000000           0x0000015e   Section        2  rtexit.o(.ARM.Collect$$rtexit$$00000000)
    .ARM.Collect$$rtexit$$00000002           0x00000160   Section        0  rtexit2.o(.ARM.Collect$$rtexit$$00000002)
    .ARM.Collect$$rtexit$$00000003           0x00000160   Section        4  rtexit2.o(.ARM.Collect$$rtexit$$00000003)
    .ARM.Collect$$rtexit$$00000004           0x00000164   Section        6  rtexit2.o(.ARM.Collect$$rtexit$$00000004)
    .text                                    0x0000016c   Section       44  startup_mspm0g350x_uvision.o(.text)
    .text                                    0x00000198   Section      504  aeabi_sdivfast.o(.text)
    .text                                    0x00000390   Section        0  heapauxi.o(.text)
    .text                                    0x00000398   Section        8  libspace.o(.text)
    .text                                    0x000003a0   Section       62  sys_stackheap_outer.o(.text)
    .text                                    0x000003de   Section        0  exit.o(.text)
    [Anonymous Symbol]                       0x000003f0   Section        0  dl_sysctl_mspm0g1x0x_g3x0x.o(.text.DL_SYSCTL_configSYSPLL)
    __arm_cp.0_0                             0x000004a4   Number         4  dl_sysctl_mspm0g1x0x_g3x0x.o(.text.DL_SYSCTL_configSYSPLL)
    __arm_cp.0_2                             0x000004a8   Number         4  dl_sysctl_mspm0g1x0x_g3x0x.o(.text.DL_SYSCTL_configSYSPLL)
    __arm_cp.0_3                             0x000004ac   Number         4  dl_sysctl_mspm0g1x0x_g3x0x.o(.text.DL_SYSCTL_configSYSPLL)
    __arm_cp.0_4                             0x000004b0   Number         4  dl_sysctl_mspm0g1x0x_g3x0x.o(.text.DL_SYSCTL_configSYSPLL)
    [Anonymous Symbol]                       0x000004b4   Section        0  dl_sysctl_mspm0g1x0x_g3x0x.o(.text.DL_SYSCTL_switchMCLKfromSYSOSCtoHSCLK)
    __arm_cp.4_0                             0x000004d4   Number         4  dl_sysctl_mspm0g1x0x_g3x0x.o(.text.DL_SYSCTL_switchMCLKfromSYSOSCtoHSCLK)
    __arm_cp.4_1                             0x000004d8   Number         4  dl_sysctl_mspm0g1x0x_g3x0x.o(.text.DL_SYSCTL_switchMCLKfromSYSOSCtoHSCLK)
    [Anonymous Symbol]                       0x000004dc   Section        0  dl_timer.o(.text.DL_Timer_initPWMMode)
    __arm_cp.11_1                            0x00000588   Number         4  dl_timer.o(.text.DL_Timer_initPWMMode)
    __arm_cp.11_2                            0x0000058c   Number         4  dl_timer.o(.text.DL_Timer_initPWMMode)
    __arm_cp.11_3                            0x00000590   Number         4  dl_timer.o(.text.DL_Timer_initPWMMode)
    __arm_cp.11_4                            0x00000594   Number         4  dl_timer.o(.text.DL_Timer_initPWMMode)
    __arm_cp.11_6                            0x00000598   Number         4  dl_timer.o(.text.DL_Timer_initPWMMode)
    [Anonymous Symbol]                       0x0000059c   Section        0  dl_timer.o(.text.DL_Timer_initTimerMode)
    __arm_cp.2_0                             0x0000067c   Number         4  dl_timer.o(.text.DL_Timer_initTimerMode)
    __arm_cp.2_1                             0x00000680   Number         4  dl_timer.o(.text.DL_Timer_initTimerMode)
    __arm_cp.2_2                             0x00000684   Number         4  dl_timer.o(.text.DL_Timer_initTimerMode)
    __arm_cp.2_3                             0x00000688   Number         4  dl_timer.o(.text.DL_Timer_initTimerMode)
    [Anonymous Symbol]                       0x0000068c   Section        0  dl_timer.o(.text.DL_Timer_setCaptCompUpdateMethod)
    __arm_cp.26_0                            0x000006a4   Number         4  dl_timer.o(.text.DL_Timer_setCaptCompUpdateMethod)
    [Anonymous Symbol]                       0x000006a8   Section        0  dl_timer.o(.text.DL_Timer_setCaptureCompareOutCtl)
    __arm_cp.13_0                            0x000006bc   Number         4  dl_timer.o(.text.DL_Timer_setCaptureCompareOutCtl)
    [Anonymous Symbol]                       0x000006c0   Section        0  dl_timer.o(.text.DL_Timer_setCaptureCompareValue)
    __arm_cp.3_0                             0x000006cc   Number         4  dl_timer.o(.text.DL_Timer_setCaptureCompareValue)
    [Anonymous Symbol]                       0x000006d0   Section        0  dl_timer.o(.text.DL_Timer_setClockConfig)
    __arm_cp.0_0                             0x000006e8   Number         4  dl_timer.o(.text.DL_Timer_setClockConfig)
    [Anonymous Symbol]                       0x000006ec   Section        0  dl_uart.o(.text.DL_UART_init)
    __arm_cp.0_0                             0x0000072c   Number         4  dl_uart.o(.text.DL_UART_init)
    __arm_cp.0_1                             0x00000730   Number         4  dl_uart.o(.text.DL_UART_init)
    [Anonymous Symbol]                       0x00000734   Section        0  dl_uart.o(.text.DL_UART_setClockConfig)
    [Anonymous Symbol]                       0x00000748   Section        0  isr.o(.text.GROUP1_IRQHandler)
    __arm_cp.9_0                             0x0000078c   Number         4  isr.o(.text.GROUP1_IRQHandler)
    __arm_cp.9_1                             0x00000790   Number         4  isr.o(.text.GROUP1_IRQHandler)
    __arm_cp.9_2                             0x00000794   Number         4  isr.o(.text.GROUP1_IRQHandler)
    [Anonymous Symbol]                       0x00000798   Section        0  ml_i2c.o(.text.I2C_Init)
    [Anonymous Symbol]                       0x000007e4   Section        0  key.o(.text.Key_GetNum)
    __arm_cp.1_1                             0x00000828   Number         4  key.o(.text.Key_GetNum)
    [Anonymous Symbol]                       0x0000082c   Section        0  key.o(.text.Key_Init)
    __arm_cp.0_0                             0x0000083c   Number         4  key.o(.text.Key_Init)
    [Anonymous Symbol]                       0x00000840   Section        0  ml_oled.o(.text.OLED_Clear)
    [Anonymous Symbol]                       0x00000954   Section        0  ml_oled.o(.text.OLED_I2C_SendByte)
    [Anonymous Symbol]                       0x00000a88   Section        0  ml_oled.o(.text.OLED_Init)
    __arm_cp.16_0                            0x00000b54   Number         4  ml_oled.o(.text.OLED_Init)
    [Anonymous Symbol]                       0x00000b58   Section        0  ml_oled.o(.text.OLED_ShowChar)
    __arm_cp.8_0                             0x00000c14   Number         4  ml_oled.o(.text.OLED_ShowChar)
    __arm_cp.8_1                             0x00000c18   Number         4  ml_oled.o(.text.OLED_ShowChar)
    [Anonymous Symbol]                       0x00000c1c   Section        0  ml_oled.o(.text.OLED_ShowNum)
    __arm_cp.11_0                            0x00000ca8   Number         4  ml_oled.o(.text.OLED_ShowNum)
    [Anonymous Symbol]                       0x00000cac   Section        0  ml_oled.o(.text.OLED_ShowString)
    [Anonymous Symbol]                       0x00000cd8   Section        0  ml_oled.o(.text.OLED_WriteCommand)
    __arm_cp.4_0                             0x00000d44   Number         4  ml_oled.o(.text.OLED_WriteCommand)
    [Anonymous Symbol]                       0x00000d48   Section        0  ml_oled.o(.text.OLED_WriteData)
    __arm_cp.5_0                             0x00000db4   Number         4  ml_oled.o(.text.OLED_WriteData)
    [Anonymous Symbol]                       0x00000db8   Section        0  isr.o(.text.TIMG0_IRQHandler)
    __arm_cp.0_0                             0x00000dc0   Number         4  isr.o(.text.TIMG0_IRQHandler)
    [Anonymous Symbol]                       0x00000dc4   Section        0  isr.o(.text.TIMG12_IRQHandler)
    __arm_cp.4_0                             0x00000dcc   Number         4  isr.o(.text.TIMG12_IRQHandler)
    [Anonymous Symbol]                       0x00000dd0   Section        0  isr.o(.text.TIMG6_IRQHandler)
    __arm_cp.1_0                             0x00000dd8   Number         4  isr.o(.text.TIMG6_IRQHandler)
    [Anonymous Symbol]                       0x00000ddc   Section        0  isr.o(.text.TIMG7_IRQHandler)
    __arm_cp.2_0                             0x00000de4   Number         4  isr.o(.text.TIMG7_IRQHandler)
    [Anonymous Symbol]                       0x00000de8   Section        0  isr.o(.text.TIMG8_IRQHandler)
    __arm_cp.3_0                             0x00000df0   Number         4  isr.o(.text.TIMG8_IRQHandler)
    [Anonymous Symbol]                       0x00000df4   Section        0  isr.o(.text.UART0_IRQHandler)
    __arm_cp.5_0                             0x00000dfc   Number         4  isr.o(.text.UART0_IRQHandler)
    [Anonymous Symbol]                       0x00000e00   Section        0  isr.o(.text.UART1_IRQHandler)
    __arm_cp.6_0                             0x00000e14   Number         4  isr.o(.text.UART1_IRQHandler)
    [Anonymous Symbol]                       0x00000e18   Section        0  isr.o(.text.UART2_IRQHandler)
    __arm_cp.7_0                             0x00000e20   Number         4  isr.o(.text.UART2_IRQHandler)
    [Anonymous Symbol]                       0x00000e24   Section        0  isr.o(.text.UART3_IRQHandler)
    __arm_cp.8_0                             0x00000e2c   Number         4  isr.o(.text.UART3_IRQHandler)
    [Anonymous Symbol]                       0x00000e30   Section        0  ml_uart.o(.text._sys_exit)
    [Anonymous Symbol]                       0x00000e34   Section        0  ml_delay.o(.text.delay_ms)
    __arm_cp.1_0                             0x00000f3c   Number         4  ml_delay.o(.text.delay_ms)
    [Anonymous Symbol]                       0x00000f40   Section        0  ml_delay.o(.text.delay_us)
    __arm_cp.2_0                             0x0000104c   Number         4  ml_delay.o(.text.delay_us)
    [Anonymous Symbol]                       0x00001050   Section        0  ml_motor.o(.text.encoder_init)
    __arm_cp.3_0                             0x00001084   Number         4  ml_motor.o(.text.encoder_init)
    [Anonymous Symbol]                       0x00001088   Section        0  ml_exti.o(.text.exti_init)
    __arm_cp.0_2                             0x00001234   Number         4  ml_exti.o(.text.exti_init)
    __arm_cp.0_4                             0x00001238   Number         4  ml_exti.o(.text.exti_init)
    __arm_cp.0_5                             0x0000123c   Number         4  ml_exti.o(.text.exti_init)
    __arm_cp.0_6                             0x00001240   Number         4  ml_exti.o(.text.exti_init)
    [Anonymous Symbol]                       0x00001244   Section        0  ml_gpio.o(.text.gpio_get)
    [Anonymous Symbol]                       0x00001254   Section        0  ml_gpio.o(.text.gpio_init)
    __arm_cp.0_0                             0x00001288   Number         4  ml_gpio.o(.text.gpio_init)
    __arm_cp.0_1                             0x0000128c   Number         4  ml_gpio.o(.text.gpio_init)
    __arm_cp.0_2                             0x00001290   Number         4  ml_gpio.o(.text.gpio_init)
    [Anonymous Symbol]                       0x00001294   Section        0  ml_gpio.o(.text.gpio_set)
    __arm_cp.1_0                             0x000012a8   Number         4  ml_gpio.o(.text.gpio_set)
    [Anonymous Symbol]                       0x000012ac   Section        0  gray.o(.text.gray_init)
    __arm_cp.0_1                             0x00001314   Number         4  gray.o(.text.gray_init)
    [Anonymous Symbol]                       0x00001318   Section        0  imu.o(.text.imu_uart_callback)
    __arm_cp.1_0                             0x0000137c   Number         4  imu.o(.text.imu_uart_callback)
    __arm_cp.1_1                             0x00001380   Number         4  imu.o(.text.imu_uart_callback)
    __arm_cp.1_2                             0x00001384   Number         4  imu.o(.text.imu_uart_callback)
    __arm_cp.1_3                             0x00001388   Number         4  imu.o(.text.imu_uart_callback)
    __arm_cp.1_4                             0x0000138c   Number         4  imu.o(.text.imu_uart_callback)
    __arm_cp.1_5                             0x00001390   Number         4  imu.o(.text.imu_uart_callback)
    [Anonymous Symbol]                       0x00001394   Section        0  main.o(.text.main)
    __arm_cp.1_0                             0x000014bc   Number         4  main.o(.text.main)
    __arm_cp.1_1                             0x000014c0   Number         4  main.o(.text.main)
    __arm_cp.1_2                             0x000014c4   Number         4  main.o(.text.main)
    __arm_cp.1_3                             0x000014c8   Number         4  main.o(.text.main)
    __arm_cp.1_4                             0x000014cc   Number         4  main.o(.text.main)
    __arm_cp.1_5                             0x000014d0   Number         4  main.o(.text.main)
    __arm_cp.1_8                             0x000014f0   Number         4  main.o(.text.main)
    __arm_cp.1_9                             0x000014f4   Number         4  main.o(.text.main)
    __arm_cp.1_12                            0x00001514   Number         4  main.o(.text.main)
    __arm_cp.1_15                            0x00001524   Number         4  main.o(.text.main)
    [Anonymous Symbol]                       0x0000152c   Section        0  ml_motor.o(.text.motorA_duty)
    [Anonymous Symbol]                       0x00001558   Section        0  ml_motor.o(.text.motorB_duty)
    [Anonymous Symbol]                       0x00001584   Section        0  ml_motor.o(.text.motor_init)
    __arm_cp.0_1                             0x000015dc   Number         4  ml_motor.o(.text.motor_init)
    [Anonymous Symbol]                       0x000015e0   Section        0  pid.o(.text.pid_control)
    __arm_cp.2_0                             0x0000163c   Number         4  pid.o(.text.pid_control)
    __arm_cp.2_1                             0x00001640   Number         4  pid.o(.text.pid_control)
    [Anonymous Symbol]                       0x00001644   Section        0  pid.o(.text.pid_init)
    [Anonymous Symbol]                       0x00001654   Section        0  ml_pwm.o(.text.pwm_init)
    [Anonymous Symbol]                       0x000016e0   Section        0  ml_pwm.o(.text.pwm_pin_init)
    __arm_cp.1_2                             0x000017cc   Number         4  ml_pwm.o(.text.pwm_pin_init)
    __arm_cp.1_6                             0x000017d0   Number         4  ml_pwm.o(.text.pwm_pin_init)
    __arm_cp.1_7                             0x000017d4   Number         4  ml_pwm.o(.text.pwm_pin_init)
    __arm_cp.1_8                             0x000017d8   Number         4  ml_pwm.o(.text.pwm_pin_init)
    __arm_cp.1_9                             0x000017dc   Number         4  ml_pwm.o(.text.pwm_pin_init)
    __arm_cp.1_10                            0x000017e0   Number         4  ml_pwm.o(.text.pwm_pin_init)
    __arm_cp.1_11                            0x000017e4   Number         4  ml_pwm.o(.text.pwm_pin_init)
    [Anonymous Symbol]                       0x000017e8   Section        0  ml_pwm.o(.text.pwm_update)
    __arm_cp.2_1                             0x00001810   Number         4  ml_pwm.o(.text.pwm_update)
    [Anonymous Symbol]                       0x00001814   Section        0  ml_system.o(.text.system_init)
    __arm_cp.0_0                             0x000018a8   Number         4  ml_system.o(.text.system_init)
    __arm_cp.0_2                             0x000018ac   Number         4  ml_system.o(.text.system_init)
    __arm_cp.0_4                             0x000018b0   Number         4  ml_system.o(.text.system_init)
    __arm_cp.0_5                             0x000018b4   Number         4  ml_system.o(.text.system_init)
    __arm_cp.0_6                             0x000018b8   Number         4  ml_system.o(.text.system_init)
    __arm_cp.0_7                             0x000018bc   Number         4  ml_system.o(.text.system_init)
    __arm_cp.0_8                             0x000018c0   Number         4  ml_system.o(.text.system_init)
    __arm_cp.0_9                             0x000018c4   Number         4  ml_system.o(.text.system_init)
    [Anonymous Symbol]                       0x000018c8   Section        0  ml_tim.o(.text.tim_interrupt_ms_init)
    __arm_cp.0_0                             0x000019cc   Number         4  ml_tim.o(.text.tim_interrupt_ms_init)
    __arm_cp.0_1                             0x000019d0   Number         4  ml_tim.o(.text.tim_interrupt_ms_init)
    __arm_cp.0_2                             0x000019d4   Number         4  ml_tim.o(.text.tim_interrupt_ms_init)
    __arm_cp.0_3                             0x000019d8   Number         4  ml_tim.o(.text.tim_interrupt_ms_init)
    __arm_cp.0_4                             0x000019dc   Number         4  ml_tim.o(.text.tim_interrupt_ms_init)
    __arm_cp.0_5                             0x000019e0   Number         4  ml_tim.o(.text.tim_interrupt_ms_init)
    __arm_cp.0_6                             0x000019e4   Number         4  ml_tim.o(.text.tim_interrupt_ms_init)
    __arm_cp.0_7                             0x000019e8   Number         4  ml_tim.o(.text.tim_interrupt_ms_init)
    __arm_cp.0_8                             0x000019ec   Number         4  ml_tim.o(.text.tim_interrupt_ms_init)
    __arm_cp.0_9                             0x000019f0   Number         4  ml_tim.o(.text.tim_interrupt_ms_init)
    __arm_cp.0_10                            0x000019f4   Number         4  ml_tim.o(.text.tim_interrupt_ms_init)
    __arm_cp.0_11                            0x000019f8   Number         4  ml_tim.o(.text.tim_interrupt_ms_init)
    __arm_cp.0_12                            0x000019fc   Number         4  ml_tim.o(.text.tim_interrupt_ms_init)
    __arm_cp.0_13                            0x00001a00   Number         4  ml_tim.o(.text.tim_interrupt_ms_init)
    __arm_cp.0_14                            0x00001a04   Number         4  ml_tim.o(.text.tim_interrupt_ms_init)
    [Anonymous Symbol]                       0x00001a08   Section        0  gray.o(.text.track)
    __arm_cp.1_0                             0x00001b28   Number         4  gray.o(.text.track)
    __arm_cp.1_1                             0x00001b2c   Number         4  gray.o(.text.track)
    [Anonymous Symbol]                       0x00001b30   Section        0  ml_uart.o(.text.uart_getbyte)
    __arm_cp.4_0                             0x00001b38   Number         4  ml_uart.o(.text.uart_getbyte)
    [Anonymous Symbol]                       0x00001b3c   Section        0  ml_uart.o(.text.uart_init)
    __arm_cp.2_0                             0x00001d90   Number         4  ml_uart.o(.text.uart_init)
    __arm_cp.2_1                             0x00001d94   Number         4  ml_uart.o(.text.uart_init)
    __arm_cp.2_2                             0x00001d98   Number         4  ml_uart.o(.text.uart_init)
    __arm_cp.2_3                             0x00001d9c   Number         4  ml_uart.o(.text.uart_init)
    __arm_cp.2_4                             0x00001da0   Number         4  ml_uart.o(.text.uart_init)
    __arm_cp.2_5                             0x00001da4   Number         4  ml_uart.o(.text.uart_init)
    __arm_cp.2_6                             0x00001da8   Number         4  ml_uart.o(.text.uart_init)
    __arm_cp.2_7                             0x00001dac   Number         4  ml_uart.o(.text.uart_init)
    __arm_cp.2_8                             0x00001db0   Number         4  ml_uart.o(.text.uart_init)
    __arm_cp.2_9                             0x00001db4   Number         4  ml_uart.o(.text.uart_init)
    __arm_cp.2_10                            0x00001db8   Number         4  ml_uart.o(.text.uart_init)
    __arm_cp.2_11                            0x00001dbc   Number         4  ml_uart.o(.text.uart_init)
    __arm_cp.2_12                            0x00001dc0   Number         4  ml_uart.o(.text.uart_init)
    __arm_cp.2_13                            0x00001dc4   Number         4  ml_uart.o(.text.uart_init)
    __arm_cp.2_14                            0x00001dc8   Number         4  ml_uart.o(.text.uart_init)
    __arm_cp.2_15                            0x00001dcc   Number         4  ml_uart.o(.text.uart_init)
    __arm_cp.2_16                            0x00001dd0   Number         4  ml_uart.o(.text.uart_init)
    __arm_cp.2_17                            0x00001dd4   Number         4  ml_uart.o(.text.uart_init)
    __arm_cp.2_18                            0x00001dd8   Number         4  ml_uart.o(.text.uart_init)
    __arm_cp.2_19                            0x00001ddc   Number         4  ml_uart.o(.text.uart_init)
    __arm_cp.2_20                            0x00001de0   Number         4  ml_uart.o(.text.uart_init)
    __arm_cp.2_21                            0x00001de4   Number         4  ml_uart.o(.text.uart_init)
    __arm_cp.2_22                            0x00001de8   Number         4  ml_uart.o(.text.uart_init)
    __arm_cp.2_23                            0x00001dec   Number         4  ml_uart.o(.text.uart_init)
    __arm_cp.2_24                            0x00001df0   Number         4  ml_uart.o(.text.uart_init)
    __arm_cp.2_25                            0x00001df4   Number         4  ml_uart.o(.text.uart_init)
    __arm_cp.2_26                            0x00001df8   Number         4  ml_uart.o(.text.uart_init)
    __arm_cp.2_27                            0x00001dfc   Number         4  ml_uart.o(.text.uart_init)
    .text_divfast                            0x00001e00   Section      502  aeabi_sdivfast.o(.text_divfast)
    gSYSPLLConfig                            0x000025e8   Data          40  ml_system.o(.rodata.gSYSPLLConfig)
    [Anonymous Symbol]                       0x000025e8   Section        0  ml_system.o(.rodata.gSYSPLLConfig)
    uart_init.gUART_1ClockConfig             0x00002610   Data           2  ml_uart.o(.rodata.uart_init.gUART_1ClockConfig)
    [Anonymous Symbol]                       0x00002610   Section        0  ml_uart.o(.rodata.uart_init.gUART_1ClockConfig)
    uart_init.gUART_1Config                  0x00002612   Data          10  ml_uart.o(.rodata.uart_init.gUART_1Config)
    [Anonymous Symbol]                       0x00002612   Section        0  ml_uart.o(.rodata.uart_init.gUART_1Config)
    .bss                                     0x20200000   Section       96  libspace.o(.bss)
    Key_GetNum.key1_state                    0x20200068   Data           1  key.o(.bss.Key_GetNum.key1_state)
    [Anonymous Symbol]                       0x20200068   Section        0  key.o(.bss.Key_GetNum.key1_state)
    imu_uart_callback.counter                0x20200079   Data           1  imu.o(.bss.imu_uart_callback.counter)
    [Anonymous Symbol]                       0x20200079   Section        0  imu.o(.bss.imu_uart_callback.counter)
    imu_uart_callback.imu_rx_buffer          0x2020007a   Data         250  imu.o(.bss.imu_uart_callback.imu_rx_buffer)
    [Anonymous Symbol]                       0x2020007a   Section        0  imu.o(.bss.imu_uart_callback.imu_rx_buffer)
    main.last_display_time                   0x20200178   Data           4  main.o(.bss.main.last_display_time)
    [Anonymous Symbol]                       0x20200178   Section        0  main.o(.bss.main.last_display_time)
    Heap_Mem                                 0x202001f0   Data           0  startup_mspm0g350x_uvision.o(HEAP)
    Stack_Mem                                0x202001f0   Data        1024  startup_mspm0g350x_uvision.o(STACK)
    HEAP                                     0x202001f0   Section        0  startup_mspm0g350x_uvision.o(HEAP)
    STACK                                    0x202001f0   Section     1024  startup_mspm0g350x_uvision.o(STACK)
    __initial_sp                             0x202005f0   Data           0  startup_mspm0g350x_uvision.o(STACK)

    Global Symbols

    Symbol Name                              Value     Ov Type        Size  Object(Section)

    BuildAttributes$$THM_ISAv3M$S$PE$A:L22$X:L11$S22$IEEE1$IW$~IW$USESV6$~STKCKD$USESV7$~SHL$OTIME$ROPI$IEEEX$EBA8$UX$STANDARDLIB$REQ8$PRES8$EABIv2 0x00000000   Number         0  anon$$obj.o ABSOLUTE
    __Vectors                                0x00000000   Data           4  startup_mspm0g350x_uvision.o(RESET)
    __ARM_exceptions_init                     - Undefined Weak Reference
    __alloca_initialize                       - Undefined Weak Reference
    __arm_preinit_                            - Undefined Weak Reference
    __arm_relocate_pie_                       - Undefined Weak Reference
    __cpp_initialize__aeabi_                  - Undefined Weak Reference
    __cxa_finalize                            - Undefined Weak Reference
    __rt_locale                               - Undefined Weak Reference
    __sigvec_lookup                           - Undefined Weak Reference
    _atexit_init                              - Undefined Weak Reference
    _call_atexit_fns                          - Undefined Weak Reference
    _clock_init                               - Undefined Weak Reference
    _fp_trap_init                             - Undefined Weak Reference
    _fp_trap_shutdown                         - Undefined Weak Reference
    _get_lc_collate                           - Undefined Weak Reference
    _get_lc_ctype                             - Undefined Weak Reference
    _get_lc_monetary                          - Undefined Weak Reference
    _get_lc_numeric                           - Undefined Weak Reference
    _get_lc_time                              - Undefined Weak Reference
    _getenv_init                              - Undefined Weak Reference
    _handle_redirection                       - Undefined Weak Reference
    _init_alloc                               - Undefined Weak Reference
    _init_user_alloc                          - Undefined Weak Reference
    _initio                                   - Undefined Weak Reference
    _rand_init                                - Undefined Weak Reference
    _signal_finish                            - Undefined Weak Reference
    _signal_init                              - Undefined Weak Reference
    _terminate_alloc                          - Undefined Weak Reference
    _terminate_user_alloc                     - Undefined Weak Reference
    _terminateio                              - Undefined Weak Reference
    __Vectors_End                            0x000000c0   Data           0  startup_mspm0g350x_uvision.o(RESET)
    __Vectors_Size                           0x000000c0   Number         0  startup_mspm0g350x_uvision.o ABSOLUTE
    __main                                   0x000000c1   Thumb Code     8  __main.o(!!!main)
    __scatterload                            0x000000c9   Thumb Code     0  __scatter.o(!!!scatter)
    __scatterload_rt2                        0x000000c9   Thumb Code    74  __scatter.o(!!!scatter)
    __scatterload_rt2_thumb_only             0x000000c9   Thumb Code     0  __scatter.o(!!!scatter)
    __scatterload_loop                       0x000000d3   Thumb Code     0  __scatter.o(!!!scatter)
    __scatterload_null                       0x00000121   Thumb Code     2  __scatter.o(!!handler_null)
    __scatterload_zeroinit                   0x00000129   Thumb Code    28  __scatter_zi.o(!!handler_zi)
    __rt_lib_init                            0x00000145   Thumb Code     0  libinit.o(.ARM.Collect$$libinit$$00000000)
    __rt_lib_init_alloca_1                   0x00000147   Thumb Code     0  libinit2.o(.ARM.Collect$$libinit$$00000030)
    __rt_lib_init_argv_1                     0x00000147   Thumb Code     0  libinit2.o(.ARM.Collect$$libinit$$0000002E)
    __rt_lib_init_atexit_1                   0x00000147   Thumb Code     0  libinit2.o(.ARM.Collect$$libinit$$0000001D)
    __rt_lib_init_clock_1                    0x00000147   Thumb Code     0  libinit2.o(.ARM.Collect$$libinit$$00000023)
    __rt_lib_init_cpp_1                      0x00000147   Thumb Code     0  libinit2.o(.ARM.Collect$$libinit$$00000034)
    __rt_lib_init_exceptions_1               0x00000147   Thumb Code     0  libinit2.o(.ARM.Collect$$libinit$$00000032)
    __rt_lib_init_fp_1                       0x00000147   Thumb Code     0  libinit2.o(.ARM.Collect$$libinit$$00000002)
    __rt_lib_init_fp_trap_1                  0x00000147   Thumb Code     0  libinit2.o(.ARM.Collect$$libinit$$00000021)
    __rt_lib_init_getenv_1                   0x00000147   Thumb Code     0  libinit2.o(.ARM.Collect$$libinit$$00000025)
    __rt_lib_init_heap_1                     0x00000147   Thumb Code     0  libinit2.o(.ARM.Collect$$libinit$$0000000C)
    __rt_lib_init_lc_collate_1               0x00000147   Thumb Code     0  libinit2.o(.ARM.Collect$$libinit$$00000013)
    __rt_lib_init_lc_ctype_1                 0x00000147   Thumb Code     0  libinit2.o(.ARM.Collect$$libinit$$00000015)
    __rt_lib_init_lc_monetary_1              0x00000147   Thumb Code     0  libinit2.o(.ARM.Collect$$libinit$$00000017)
    __rt_lib_init_lc_numeric_1               0x00000147   Thumb Code     0  libinit2.o(.ARM.Collect$$libinit$$00000019)
    __rt_lib_init_lc_time_1                  0x00000147   Thumb Code     0  libinit2.o(.ARM.Collect$$libinit$$0000001B)
    __rt_lib_init_preinit_1                  0x00000147   Thumb Code     0  libinit2.o(.ARM.Collect$$libinit$$00000006)
    __rt_lib_init_rand_1                     0x00000147   Thumb Code     0  libinit2.o(.ARM.Collect$$libinit$$00000010)
    __rt_lib_init_relocate_pie_1             0x00000147   Thumb Code     0  libinit2.o(.ARM.Collect$$libinit$$00000004)
    __rt_lib_init_return                     0x00000147   Thumb Code     0  libinit2.o(.ARM.Collect$$libinit$$00000035)
    __rt_lib_init_signal_1                   0x00000147   Thumb Code     0  libinit2.o(.ARM.Collect$$libinit$$0000001F)
    __rt_lib_init_stdio_1                    0x00000147   Thumb Code     0  libinit2.o(.ARM.Collect$$libinit$$00000027)
    __rt_lib_init_user_alloc_1               0x00000147   Thumb Code     0  libinit2.o(.ARM.Collect$$libinit$$0000000E)
    __rt_lib_shutdown                        0x00000149   Thumb Code     0  libshutdown.o(.ARM.Collect$$libshutdown$$00000000)
    __rt_lib_shutdown_cpp_1                  0x0000014b   Thumb Code     0  libshutdown2.o(.ARM.Collect$$libshutdown$$00000002)
    __rt_lib_shutdown_fp_trap_1              0x0000014b   Thumb Code     0  libshutdown2.o(.ARM.Collect$$libshutdown$$00000007)
    __rt_lib_shutdown_heap_1                 0x0000014b   Thumb Code     0  libshutdown2.o(.ARM.Collect$$libshutdown$$0000000F)
    __rt_lib_shutdown_return                 0x0000014b   Thumb Code     0  libshutdown2.o(.ARM.Collect$$libshutdown$$00000010)
    __rt_lib_shutdown_signal_1               0x0000014b   Thumb Code     0  libshutdown2.o(.ARM.Collect$$libshutdown$$0000000A)
    __rt_lib_shutdown_stdio_1                0x0000014b   Thumb Code     0  libshutdown2.o(.ARM.Collect$$libshutdown$$00000004)
    __rt_lib_shutdown_user_alloc_1           0x0000014b   Thumb Code     0  libshutdown2.o(.ARM.Collect$$libshutdown$$0000000C)
    __rt_entry                               0x0000014d   Thumb Code     0  __rtentry.o(.ARM.Collect$$rtentry$$00000000)
    __rt_entry_presh_1                       0x0000014d   Thumb Code     0  __rtentry2.o(.ARM.Collect$$rtentry$$00000002)
    __rt_entry_sh                            0x0000014d   Thumb Code     0  __rtentry4.o(.ARM.Collect$$rtentry$$00000004)
    __rt_entry_li                            0x00000153   Thumb Code     0  __rtentry2.o(.ARM.Collect$$rtentry$$0000000A)
    __rt_entry_postsh_1                      0x00000153   Thumb Code     0  __rtentry2.o(.ARM.Collect$$rtentry$$00000009)
    __rt_entry_main                          0x00000157   Thumb Code     0  __rtentry2.o(.ARM.Collect$$rtentry$$0000000D)
    __rt_entry_postli_1                      0x00000157   Thumb Code     0  __rtentry2.o(.ARM.Collect$$rtentry$$0000000C)
    __rt_exit                                0x0000015f   Thumb Code     0  rtexit.o(.ARM.Collect$$rtexit$$00000000)
    __rt_exit_ls                             0x00000161   Thumb Code     0  rtexit2.o(.ARM.Collect$$rtexit$$00000003)
    __rt_exit_prels_1                        0x00000161   Thumb Code     0  rtexit2.o(.ARM.Collect$$rtexit$$00000002)
    __rt_exit_exit                           0x00000165   Thumb Code     0  rtexit2.o(.ARM.Collect$$rtexit$$00000004)
    Reset_Handler                            0x0000016d   Thumb Code     4  startup_mspm0g350x_uvision.o(.text)
    NMI_Handler                              0x00000171   Thumb Code     2  startup_mspm0g350x_uvision.o(.text)
    HardFault_Handler                        0x00000173   Thumb Code     2  startup_mspm0g350x_uvision.o(.text)
    SVC_Handler                              0x00000175   Thumb Code     2  startup_mspm0g350x_uvision.o(.text)
    PendSV_Handler                           0x00000177   Thumb Code     2  startup_mspm0g350x_uvision.o(.text)
    SysTick_Handler                          0x00000179   Thumb Code     2  startup_mspm0g350x_uvision.o(.text)
    ADC0_IRQHandler                          0x0000017b   Thumb Code     0  startup_mspm0g350x_uvision.o(.text)
    ADC1_IRQHandler                          0x0000017b   Thumb Code     0  startup_mspm0g350x_uvision.o(.text)
    AES_IRQHandler                           0x0000017b   Thumb Code     0  startup_mspm0g350x_uvision.o(.text)
    CANFD0_IRQHandler                        0x0000017b   Thumb Code     0  startup_mspm0g350x_uvision.o(.text)
    DAC0_IRQHandler                          0x0000017b   Thumb Code     0  startup_mspm0g350x_uvision.o(.text)
    DMA_IRQHandler                           0x0000017b   Thumb Code     0  startup_mspm0g350x_uvision.o(.text)
    Default_Handler                          0x0000017b   Thumb Code     2  startup_mspm0g350x_uvision.o(.text)
    GROUP0_IRQHandler                        0x0000017b   Thumb Code     0  startup_mspm0g350x_uvision.o(.text)
    I2C0_IRQHandler                          0x0000017b   Thumb Code     0  startup_mspm0g350x_uvision.o(.text)
    I2C1_IRQHandler                          0x0000017b   Thumb Code     0  startup_mspm0g350x_uvision.o(.text)
    RTC_IRQHandler                           0x0000017b   Thumb Code     0  startup_mspm0g350x_uvision.o(.text)
    SPI0_IRQHandler                          0x0000017b   Thumb Code     0  startup_mspm0g350x_uvision.o(.text)
    SPI1_IRQHandler                          0x0000017b   Thumb Code     0  startup_mspm0g350x_uvision.o(.text)
    TIMA0_IRQHandler                         0x0000017b   Thumb Code     0  startup_mspm0g350x_uvision.o(.text)
    TIMA1_IRQHandler                         0x0000017b   Thumb Code     0  startup_mspm0g350x_uvision.o(.text)
    __user_initial_stackheap                 0x0000017d   Thumb Code    10  startup_mspm0g350x_uvision.o(.text)
    __aeabi_uidivmod                         0x00000199   Thumb Code    28  aeabi_sdivfast.o(.text)
    __aeabi_idivmod                          0x000001b5   Thumb Code   472  aeabi_sdivfast.o(.text)
    __use_two_region_memory                  0x00000391   Thumb Code     2  heapauxi.o(.text)
    __rt_heap_escrow$2region                 0x00000393   Thumb Code     2  heapauxi.o(.text)
    __rt_heap_expand$2region                 0x00000395   Thumb Code     2  heapauxi.o(.text)
    __user_libspace                          0x00000399   Thumb Code     8  libspace.o(.text)
    __user_perproc_libspace                  0x00000399   Thumb Code     0  libspace.o(.text)
    __user_perthread_libspace                0x00000399   Thumb Code     0  libspace.o(.text)
    __user_setup_stackheap                   0x000003a1   Thumb Code    62  sys_stackheap_outer.o(.text)
    exit                                     0x000003df   Thumb Code    16  exit.o(.text)
    DL_SYSCTL_configSYSPLL                   0x000003f1   Thumb Code   196  dl_sysctl_mspm0g1x0x_g3x0x.o(.text.DL_SYSCTL_configSYSPLL)
    DL_SYSCTL_switchMCLKfromSYSOSCtoHSCLK    0x000004b5   Thumb Code    40  dl_sysctl_mspm0g1x0x_g3x0x.o(.text.DL_SYSCTL_switchMCLKfromSYSOSCtoHSCLK)
    DL_Timer_initPWMMode                     0x000004dd   Thumb Code   192  dl_timer.o(.text.DL_Timer_initPWMMode)
    DL_Timer_initTimerMode                   0x0000059d   Thumb Code   240  dl_timer.o(.text.DL_Timer_initTimerMode)
    DL_Timer_setCaptCompUpdateMethod         0x0000068d   Thumb Code    28  dl_timer.o(.text.DL_Timer_setCaptCompUpdateMethod)
    DL_Timer_setCaptureCompareOutCtl         0x000006a9   Thumb Code    24  dl_timer.o(.text.DL_Timer_setCaptureCompareOutCtl)
    DL_Timer_setCaptureCompareValue          0x000006c1   Thumb Code    16  dl_timer.o(.text.DL_Timer_setCaptureCompareValue)
    DL_Timer_setClockConfig                  0x000006d1   Thumb Code    28  dl_timer.o(.text.DL_Timer_setClockConfig)
    DL_UART_init                             0x000006ed   Thumb Code    72  dl_uart.o(.text.DL_UART_init)
    DL_UART_setClockConfig                   0x00000735   Thumb Code    18  dl_uart.o(.text.DL_UART_setClockConfig)
    GROUP1_IRQHandler                        0x00000749   Thumb Code    68  isr.o(.text.GROUP1_IRQHandler)
    I2C_Init                                 0x00000799   Thumb Code    76  ml_i2c.o(.text.I2C_Init)
    Key_GetNum                               0x000007e5   Thumb Code    68  key.o(.text.Key_GetNum)
    Key_Init                                 0x0000082d   Thumb Code    16  key.o(.text.Key_Init)
    OLED_Clear                               0x00000841   Thumb Code   276  ml_oled.o(.text.OLED_Clear)
    OLED_I2C_SendByte                        0x00000955   Thumb Code   308  ml_oled.o(.text.OLED_I2C_SendByte)
    OLED_Init                                0x00000a89   Thumb Code   204  ml_oled.o(.text.OLED_Init)
    OLED_ShowChar                            0x00000b59   Thumb Code   188  ml_oled.o(.text.OLED_ShowChar)
    OLED_ShowNum                             0x00000c1d   Thumb Code   140  ml_oled.o(.text.OLED_ShowNum)
    OLED_ShowString                          0x00000cad   Thumb Code    44  ml_oled.o(.text.OLED_ShowString)
    OLED_WriteCommand                        0x00000cd9   Thumb Code   108  ml_oled.o(.text.OLED_WriteCommand)
    OLED_WriteData                           0x00000d49   Thumb Code   108  ml_oled.o(.text.OLED_WriteData)
    TIMG0_IRQHandler                         0x00000db9   Thumb Code     8  isr.o(.text.TIMG0_IRQHandler)
    TIMG12_IRQHandler                        0x00000dc5   Thumb Code     8  isr.o(.text.TIMG12_IRQHandler)
    TIMG6_IRQHandler                         0x00000dd1   Thumb Code     8  isr.o(.text.TIMG6_IRQHandler)
    TIMG7_IRQHandler                         0x00000ddd   Thumb Code     8  isr.o(.text.TIMG7_IRQHandler)
    TIMG8_IRQHandler                         0x00000de9   Thumb Code     8  isr.o(.text.TIMG8_IRQHandler)
    UART0_IRQHandler                         0x00000df5   Thumb Code     8  isr.o(.text.UART0_IRQHandler)
    UART1_IRQHandler                         0x00000e01   Thumb Code    20  isr.o(.text.UART1_IRQHandler)
    UART2_IRQHandler                         0x00000e19   Thumb Code     8  isr.o(.text.UART2_IRQHandler)
    UART3_IRQHandler                         0x00000e25   Thumb Code     8  isr.o(.text.UART3_IRQHandler)
    _sys_exit                                0x00000e31   Thumb Code     2  ml_uart.o(.text._sys_exit)
    delay_ms                                 0x00000e35   Thumb Code   264  ml_delay.o(.text.delay_ms)
    delay_us                                 0x00000f41   Thumb Code   268  ml_delay.o(.text.delay_us)
    encoder_init                             0x00001051   Thumb Code    52  ml_motor.o(.text.encoder_init)
    exti_init                                0x00001089   Thumb Code   428  ml_exti.o(.text.exti_init)
    gpio_get                                 0x00001245   Thumb Code    14  ml_gpio.o(.text.gpio_get)
    gpio_init                                0x00001255   Thumb Code    52  ml_gpio.o(.text.gpio_init)
    gpio_set                                 0x00001295   Thumb Code    20  ml_gpio.o(.text.gpio_set)
    gray_init                                0x000012ad   Thumb Code   104  gray.o(.text.gray_init)
    imu_uart_callback                        0x00001319   Thumb Code   100  imu.o(.text.imu_uart_callback)
    main                                     0x00001395   Thumb Code   296  main.o(.text.main)
    motorA_duty                              0x0000152d   Thumb Code    44  ml_motor.o(.text.motorA_duty)
    motorB_duty                              0x00001559   Thumb Code    44  ml_motor.o(.text.motorB_duty)
    motor_init                               0x00001585   Thumb Code    88  ml_motor.o(.text.motor_init)
    pid_control                              0x000015e1   Thumb Code    92  pid.o(.text.pid_control)
    pid_init                                 0x00001645   Thumb Code    14  pid.o(.text.pid_init)
    pwm_init                                 0x00001655   Thumb Code   140  ml_pwm.o(.text.pwm_init)
    pwm_pin_init                             0x000016e1   Thumb Code   236  ml_pwm.o(.text.pwm_pin_init)
    pwm_update                               0x000017e9   Thumb Code    40  ml_pwm.o(.text.pwm_update)
    system_init                              0x00001815   Thumb Code   148  ml_system.o(.text.system_init)
    tim_interrupt_ms_init                    0x000018c9   Thumb Code   260  ml_tim.o(.text.tim_interrupt_ms_init)
    track                                    0x00001a09   Thumb Code   288  gray.o(.text.track)
    uart_getbyte                             0x00001b31   Thumb Code     8  ml_uart.o(.text.uart_getbyte)
    uart_init                                0x00001b3d   Thumb Code   596  ml_uart.o(.text.uart_init)
    __aeabi_uidiv                            0x00001e01   Thumb Code    68  aeabi_sdivfast.o(.text_divfast)
    __aeabi_idiv                             0x00001e45   Thumb Code   434  aeabi_sdivfast.o(.text_divfast)
    OLED_F8x16                               0x00001ff6   Data        1520  ml_oled.o(.rodata.OLED_F8x16)
    Region$$Table$$Base                      0x00002620   Number         0  anon$$obj.o(Region$$Table)
    Region$$Table$$Limit                     0x00002630   Number         0  anon$$obj.o(Region$$Table)
    __libspace_start                         0x20200000   Data          96  libspace.o(.bss)
    Encoder_count1                           0x20200060   Data           4  ml_motor.o(.bss.Encoder_count1)
    __temporary_stack_top$libspace           0x20200060   Data           0  libspace.o(.bss)
    Encoder_count2                           0x20200064   Data           4  ml_motor.o(.bss.Encoder_count2)
    YawAngle                                 0x20200070   Data           8  imu.o(.bss.YawAngle)
    imu_flag                                 0x20200078   Data           1  imu.o(.bss.imu_flag)
    is_running                               0x20200174   Data           1  main.o(.bss.is_running)
    motorA                                   0x2020017c   Data          52  pid.o(.bss.motorA)
    motorA_dir                               0x202001b0   Data           1  ml_motor.o(.bss.motorA_dir)
    motorB                                   0x202001b4   Data          52  pid.o(.bss.motorB)
    motorB_dir                               0x202001e8   Data           1  ml_motor.o(.bss.motorB_dir)
    orginal_data                             0x202001e9   Data           1  imu.o(.bss.orginal_data)
    run_timer                                0x202001ec   Data           4  main.o(.bss.run_timer)



==============================================================================

Memory Map of the image

  Image Entry point : 0x000000c1

  Load Region LR_IROM1 (Base: 0x00000000, Size: 0x00002630, Max: 0x00020000, ABSOLUTE)

    Execution Region ER_IROM1 (Exec base: 0x00000000, Load base: 0x00000000, Size: 0x00002630, Max: 0x00020000, ABSOLUTE)

    Exec Addr    Load Addr    Size         Type   Attr      Idx    E Section Name        Object

    0x00000000   0x00000000   0x000000c0   Data   RO           19    RESET               startup_mspm0g350x_uvision.o
    0x000000c0   0x000000c0   0x00000008   Code   RO          557  * !!!main             c_p.l(__main.o)
    0x000000c8   0x000000c8   0x00000054   Code   RO          827    !!!scatter          c_p.l(__scatter.o)
    0x0000011c   0x0000011c   0x00000004   PAD
    0x00000120   0x00000120   0x00000002   Code   RO          828    !!handler_null      c_p.l(__scatter.o)
    0x00000122   0x00000122   0x00000006   PAD
    0x00000128   0x00000128   0x0000001c   Code   RO          831    !!handler_zi        c_p.l(__scatter_zi.o)
    0x00000144   0x00000144   0x00000002   Code   RO          687    .ARM.Collect$$libinit$$00000000  c_p.l(libinit.o)
    0x00000146   0x00000146   0x00000000   Code   RO          704    .ARM.Collect$$libinit$$00000002  c_p.l(libinit2.o)
    0x00000146   0x00000146   0x00000000   Code   RO          706    .ARM.Collect$$libinit$$00000004  c_p.l(libinit2.o)
    0x00000146   0x00000146   0x00000000   Code   RO          708    .ARM.Collect$$libinit$$00000006  c_p.l(libinit2.o)
    0x00000146   0x00000146   0x00000000   Code   RO          711    .ARM.Collect$$libinit$$0000000C  c_p.l(libinit2.o)
    0x00000146   0x00000146   0x00000000   Code   RO          713    .ARM.Collect$$libinit$$0000000E  c_p.l(libinit2.o)
    0x00000146   0x00000146   0x00000000   Code   RO          715    .ARM.Collect$$libinit$$00000010  c_p.l(libinit2.o)
    0x00000146   0x00000146   0x00000000   Code   RO          718    .ARM.Collect$$libinit$$00000013  c_p.l(libinit2.o)
    0x00000146   0x00000146   0x00000000   Code   RO          720    .ARM.Collect$$libinit$$00000015  c_p.l(libinit2.o)
    0x00000146   0x00000146   0x00000000   Code   RO          722    .ARM.Collect$$libinit$$00000017  c_p.l(libinit2.o)
    0x00000146   0x00000146   0x00000000   Code   RO          724    .ARM.Collect$$libinit$$00000019  c_p.l(libinit2.o)
    0x00000146   0x00000146   0x00000000   Code   RO          726    .ARM.Collect$$libinit$$0000001B  c_p.l(libinit2.o)
    0x00000146   0x00000146   0x00000000   Code   RO          728    .ARM.Collect$$libinit$$0000001D  c_p.l(libinit2.o)
    0x00000146   0x00000146   0x00000000   Code   RO          730    .ARM.Collect$$libinit$$0000001F  c_p.l(libinit2.o)
    0x00000146   0x00000146   0x00000000   Code   RO          732    .ARM.Collect$$libinit$$00000021  c_p.l(libinit2.o)
    0x00000146   0x00000146   0x00000000   Code   RO          734    .ARM.Collect$$libinit$$00000023  c_p.l(libinit2.o)
    0x00000146   0x00000146   0x00000000   Code   RO          736    .ARM.Collect$$libinit$$00000025  c_p.l(libinit2.o)
    0x00000146   0x00000146   0x00000000   Code   RO          738    .ARM.Collect$$libinit$$00000027  c_p.l(libinit2.o)
    0x00000146   0x00000146   0x00000000   Code   RO          742    .ARM.Collect$$libinit$$0000002E  c_p.l(libinit2.o)
    0x00000146   0x00000146   0x00000000   Code   RO          744    .ARM.Collect$$libinit$$00000030  c_p.l(libinit2.o)
    0x00000146   0x00000146   0x00000000   Code   RO          746    .ARM.Collect$$libinit$$00000032  c_p.l(libinit2.o)
    0x00000146   0x00000146   0x00000000   Code   RO          748    .ARM.Collect$$libinit$$00000034  c_p.l(libinit2.o)
    0x00000146   0x00000146   0x00000002   Code   RO          749    .ARM.Collect$$libinit$$00000035  c_p.l(libinit2.o)
    0x00000148   0x00000148   0x00000002   Code   RO          779    .ARM.Collect$$libshutdown$$00000000  c_p.l(libshutdown.o)
    0x0000014a   0x0000014a   0x00000000   Code   RO          810    .ARM.Collect$$libshutdown$$00000002  c_p.l(libshutdown2.o)
    0x0000014a   0x0000014a   0x00000000   Code   RO          812    .ARM.Collect$$libshutdown$$00000004  c_p.l(libshutdown2.o)
    0x0000014a   0x0000014a   0x00000000   Code   RO          815    .ARM.Collect$$libshutdown$$00000007  c_p.l(libshutdown2.o)
    0x0000014a   0x0000014a   0x00000000   Code   RO          818    .ARM.Collect$$libshutdown$$0000000A  c_p.l(libshutdown2.o)
    0x0000014a   0x0000014a   0x00000000   Code   RO          820    .ARM.Collect$$libshutdown$$0000000C  c_p.l(libshutdown2.o)
    0x0000014a   0x0000014a   0x00000000   Code   RO          823    .ARM.Collect$$libshutdown$$0000000F  c_p.l(libshutdown2.o)
    0x0000014a   0x0000014a   0x00000002   Code   RO          824    .ARM.Collect$$libshutdown$$00000010  c_p.l(libshutdown2.o)
    0x0000014c   0x0000014c   0x00000000   Code   RO          596    .ARM.Collect$$rtentry$$00000000  c_p.l(__rtentry.o)
    0x0000014c   0x0000014c   0x00000000   Code   RO          643    .ARM.Collect$$rtentry$$00000002  c_p.l(__rtentry2.o)
    0x0000014c   0x0000014c   0x00000006   Code   RO          655    .ARM.Collect$$rtentry$$00000004  c_p.l(__rtentry4.o)
    0x00000152   0x00000152   0x00000000   Code   RO          645    .ARM.Collect$$rtentry$$00000009  c_p.l(__rtentry2.o)
    0x00000152   0x00000152   0x00000004   Code   RO          646    .ARM.Collect$$rtentry$$0000000A  c_p.l(__rtentry2.o)
    0x00000156   0x00000156   0x00000000   Code   RO          648    .ARM.Collect$$rtentry$$0000000C  c_p.l(__rtentry2.o)
    0x00000156   0x00000156   0x00000008   Code   RO          649    .ARM.Collect$$rtentry$$0000000D  c_p.l(__rtentry2.o)
    0x0000015e   0x0000015e   0x00000002   Code   RO          695    .ARM.Collect$$rtexit$$00000000  c_p.l(rtexit.o)
    0x00000160   0x00000160   0x00000000   Code   RO          753    .ARM.Collect$$rtexit$$00000002  c_p.l(rtexit2.o)
    0x00000160   0x00000160   0x00000004   Code   RO          754    .ARM.Collect$$rtexit$$00000003  c_p.l(rtexit2.o)
    0x00000164   0x00000164   0x00000006   Code   RO          755    .ARM.Collect$$rtexit$$00000004  c_p.l(rtexit2.o)
    0x0000016a   0x0000016a   0x00000002   PAD
    0x0000016c   0x0000016c   0x0000002c   Code   RO           20    .text               startup_mspm0g350x_uvision.o
    0x00000198   0x00000198   0x000001f8   Code   RO          547    .text               c_p.l(aeabi_sdivfast.o)
    0x00000390   0x00000390   0x00000006   Code   RO          555    .text               c_p.l(heapauxi.o)
    0x00000396   0x00000396   0x00000002   PAD
    0x00000398   0x00000398   0x00000008   Code   RO          670    .text               c_p.l(libspace.o)
    0x000003a0   0x000003a0   0x0000003e   Code   RO          673    .text               c_p.l(sys_stackheap_outer.o)
    0x000003de   0x000003de   0x00000010   Code   RO          676    .text               c_p.l(exit.o)
    0x000003ee   0x000003ee   0x00000002   PAD
    0x000003f0   0x000003f0   0x000000c4   Code   RO          514    .text.DL_SYSCTL_configSYSPLL  driverlib.a(dl_sysctl_mspm0g1x0x_g3x0x.o)
    0x000004b4   0x000004b4   0x00000028   Code   RO          522    .text.DL_SYSCTL_switchMCLKfromSYSOSCtoHSCLK  driverlib.a(dl_sysctl_mspm0g1x0x_g3x0x.o)
    0x000004dc   0x000004dc   0x000000c0   Code   RO          397    .text.DL_Timer_initPWMMode  driverlib.a(dl_timer.o)
    0x0000059c   0x0000059c   0x000000f0   Code   RO          379    .text.DL_Timer_initTimerMode  driverlib.a(dl_timer.o)
    0x0000068c   0x0000068c   0x0000001c   Code   RO          427    .text.DL_Timer_setCaptCompUpdateMethod  driverlib.a(dl_timer.o)
    0x000006a8   0x000006a8   0x00000018   Code   RO          401    .text.DL_Timer_setCaptureCompareOutCtl  driverlib.a(dl_timer.o)
    0x000006c0   0x000006c0   0x00000010   Code   RO          381    .text.DL_Timer_setCaptureCompareValue  driverlib.a(dl_timer.o)
    0x000006d0   0x000006d0   0x0000001c   Code   RO          375    .text.DL_Timer_setClockConfig  driverlib.a(dl_timer.o)
    0x000006ec   0x000006ec   0x00000048   Code   RO          474    .text.DL_UART_init  driverlib.a(dl_uart.o)
    0x00000734   0x00000734   0x00000012   Code   RO          476    .text.DL_UART_setClockConfig  driverlib.a(dl_uart.o)
    0x00000746   0x00000746   0x00000002   PAD
    0x00000748   0x00000748   0x00000050   Code   RO           45    .text.GROUP1_IRQHandler  isr.o
    0x00000798   0x00000798   0x0000004c   Code   RO          280    .text.I2C_Init      ml_i2c.o
    0x000007e4   0x000007e4   0x00000048   Code   RO          133    .text.Key_GetNum    key.o
    0x0000082c   0x0000082c   0x00000014   Code   RO          131    .text.Key_Init      key.o
    0x00000840   0x00000840   0x00000114   Code   RO          243    .text.OLED_Clear    ml_oled.o
    0x00000954   0x00000954   0x00000134   Code   RO          235    .text.OLED_I2C_SendByte  ml_oled.o
    0x00000a88   0x00000a88   0x000000d0   Code   RO          261    .text.OLED_Init     ml_oled.o
    0x00000b58   0x00000b58   0x000000c4   Code   RO          245    .text.OLED_ShowChar  ml_oled.o
    0x00000c1c   0x00000c1c   0x00000090   Code   RO          251    .text.OLED_ShowNum  ml_oled.o
    0x00000cac   0x00000cac   0x0000002c   Code   RO          247    .text.OLED_ShowString  ml_oled.o
    0x00000cd8   0x00000cd8   0x00000070   Code   RO          237    .text.OLED_WriteCommand  ml_oled.o
    0x00000d48   0x00000d48   0x00000070   Code   RO          239    .text.OLED_WriteData  ml_oled.o
    0x00000db8   0x00000db8   0x0000000c   Code   RO           27    .text.TIMG0_IRQHandler  isr.o
    0x00000dc4   0x00000dc4   0x0000000c   Code   RO           35    .text.TIMG12_IRQHandler  isr.o
    0x00000dd0   0x00000dd0   0x0000000c   Code   RO           29    .text.TIMG6_IRQHandler  isr.o
    0x00000ddc   0x00000ddc   0x0000000c   Code   RO           31    .text.TIMG7_IRQHandler  isr.o
    0x00000de8   0x00000de8   0x0000000c   Code   RO           33    .text.TIMG8_IRQHandler  isr.o
    0x00000df4   0x00000df4   0x0000000c   Code   RO           37    .text.UART0_IRQHandler  isr.o
    0x00000e00   0x00000e00   0x00000018   Code   RO           39    .text.UART1_IRQHandler  isr.o
    0x00000e18   0x00000e18   0x0000000c   Code   RO           41    .text.UART2_IRQHandler  isr.o
    0x00000e24   0x00000e24   0x0000000c   Code   RO           43    .text.UART3_IRQHandler  isr.o
    0x00000e30   0x00000e30   0x00000002   Code   RO          161    .text._sys_exit     ml_uart.o
    0x00000e32   0x00000e32   0x00000002   PAD
    0x00000e34   0x00000e34   0x0000010c   Code   RO          193    .text.delay_ms      ml_delay.o
    0x00000f40   0x00000f40   0x00000110   Code   RO          195    .text.delay_us      ml_delay.o
    0x00001050   0x00001050   0x00000038   Code   RO          344    .text.encoder_init  ml_motor.o
    0x00001088   0x00001088   0x000001bc   Code   RO          326    .text.exti_init     ml_exti.o
    0x00001244   0x00001244   0x0000000e   Code   RO          151    .text.gpio_get      ml_gpio.o
    0x00001252   0x00001252   0x00000002   PAD
    0x00001254   0x00001254   0x00000040   Code   RO          145    .text.gpio_init     ml_gpio.o
    0x00001294   0x00001294   0x00000018   Code   RO          147    .text.gpio_set      ml_gpio.o
    0x000012ac   0x000012ac   0x0000006c   Code   RO          117    .text.gray_init     gray.o
    0x00001318   0x00001318   0x0000007c   Code   RO           99    .text.imu_uart_callback  imu.o
    0x00001394   0x00001394   0x00000198   Code   RO            4    .text.main          main.o
    0x0000152c   0x0000152c   0x0000002c   Code   RO          340    .text.motorA_duty   ml_motor.o
    0x00001558   0x00001558   0x0000002c   Code   RO          342    .text.motorB_duty   ml_motor.o
    0x00001584   0x00001584   0x0000005c   Code   RO          338    .text.motor_init    ml_motor.o
    0x000015e0   0x000015e0   0x00000064   Code   RO           81    .text.pid_control   pid.o
    0x00001644   0x00001644   0x0000000e   Code   RO           77    .text.pid_init      pid.o
    0x00001652   0x00001652   0x00000002   PAD
    0x00001654   0x00001654   0x0000008c   Code   RO          215    .text.pwm_init      ml_pwm.o
    0x000016e0   0x000016e0   0x00000108   Code   RO          217    .text.pwm_pin_init  ml_pwm.o
    0x000017e8   0x000017e8   0x0000002c   Code   RO          219    .text.pwm_update    ml_pwm.o
    0x00001814   0x00001814   0x000000b4   Code   RO          205    .text.system_init   ml_system.o
    0x000018c8   0x000018c8   0x00000140   Code   RO          182    .text.tim_interrupt_ms_init  ml_tim.o
    0x00001a08   0x00001a08   0x00000128   Code   RO          119    .text.track         gray.o
    0x00001b30   0x00001b30   0x0000000c   Code   RO          169    .text.uart_getbyte  ml_uart.o
    0x00001b3c   0x00001b3c   0x000002c4   Code   RO          165    .text.uart_init     ml_uart.o
    0x00001e00   0x00001e00   0x000001f6   Code   RO          548    .text_divfast       c_p.l(aeabi_sdivfast.o)
    0x00001ff6   0x00001ff6   0x000005f0   Data   RO          265    .rodata.OLED_F8x16  ml_oled.o
    0x000025e6   0x000025e6   0x00000002   PAD
    0x000025e8   0x000025e8   0x00000028   Data   RO          207    .rodata.gSYSPLLConfig  ml_system.o
    0x00002610   0x00002610   0x00000002   Data   RO          171    .rodata.uart_init.gUART_1ClockConfig  ml_uart.o
    0x00002612   0x00002612   0x0000000a   Data   RO          172    .rodata.uart_init.gUART_1Config  ml_uart.o
    0x0000261c   0x0000261c   0x00000004   PAD
    0x00002620   0x00002620   0x00000010   Data   RO          826    Region$$Table       anon$$obj.o


    Execution Region RW_IRAM2 (Exec base: 0x20200000, Load base: 0x00002630, Size: 0x000005f0, Max: 0x00008000, ABSOLUTE)

    Exec Addr    Load Addr    Size         Type   Attr      Idx    E Section Name        Object

    0x20200000        -       0x00000060   Zero   RW          671    .bss                c_p.l(libspace.o)
    0x20200060        -       0x00000004   Zero   RW          348    .bss.Encoder_count1  ml_motor.o
    0x20200064        -       0x00000004   Zero   RW          349    .bss.Encoder_count2  ml_motor.o
    0x20200068        -       0x00000001   Zero   RW          136    .bss.Key_GetNum.key1_state  key.o
    0x20200069   0x00002630   0x00000007   PAD
    0x20200070        -       0x00000008   Zero   RW          106    .bss.YawAngle       imu.o
    0x20200078        -       0x00000001   Zero   RW          107    .bss.imu_flag       imu.o
    0x20200079        -       0x00000001   Zero   RW          104    .bss.imu_uart_callback.counter  imu.o
    0x2020007a        -       0x000000fa   Zero   RW          103    .bss.imu_uart_callback.imu_rx_buffer  imu.o
    0x20200174        -       0x00000001   Zero   RW            6    .bss.is_running     main.o
    0x20200175   0x00002630   0x00000003   PAD
    0x20200178        -       0x00000004   Zero   RW            8    .bss.main.last_display_time  main.o
    0x2020017c        -       0x00000034   Zero   RW           87    .bss.motorA         pid.o
    0x202001b0        -       0x00000001   Zero   RW          346    .bss.motorA_dir     ml_motor.o
    0x202001b1   0x00002630   0x00000003   PAD
    0x202001b4        -       0x00000034   Zero   RW           88    .bss.motorB         pid.o
    0x202001e8        -       0x00000001   Zero   RW          347    .bss.motorB_dir     ml_motor.o
    0x202001e9        -       0x00000001   Zero   RW          105    .bss.orginal_data   imu.o
    0x202001ea   0x00002630   0x00000002   PAD
    0x202001ec        -       0x00000004   Zero   RW            7    .bss.run_timer      main.o
    0x202001f0        -       0x00000000   Zero   RW           18    HEAP                startup_mspm0g350x_uvision.o
    0x202001f0        -       0x00000400   Zero   RW           17    STACK               startup_mspm0g350x_uvision.o



  Load Region LR_BCR (Base: 0x41c00000, Size: 0x00000000, Max: 0x00000100, ABSOLUTE)

    Execution Region BCR_CONFIG (Exec base: 0x41c00000, Load base: 0x41c00000, Size: 0x00000000, Max: 0x00000080, ABSOLUTE)

    **** No section assigned to this execution region ****



  Load Region LR_BSL (Base: 0x41c00100, Size: 0x00000000, Max: 0x00000100, ABSOLUTE)

    Execution Region BSL_CONFIG (Exec base: 0x41c00100, Load base: 0x41c00100, Size: 0x00000000, Max: 0x00000080, ABSOLUTE)

    **** No section assigned to this execution region ****


==============================================================================

Image component sizes


      Code (inc. data)   RO Data    RW Data    ZI Data      Debug   Object Name

       404         12          0          0          0       5797   gray.o
       124         24          0          0        261       3062   imu.o
       200         48          0          0          0       9191   isr.o
        92          8          0          0          1       4346   key.o
       408        112          0          0          9       5228   main.o
       540          8          0          0          0       2145   ml_delay.o
       444        124          0          0          0       8952   ml_exti.o
       102         16          0          0          0       6544   ml_gpio.o
        76          0          0          0          0       6547   ml_i2c.o
       236          8          0          0         10       7289   ml_motor.o
      1400         24       1520          0          0      14539   ml_oled.o
       448         32          0          0          0      10862   ml_pwm.o
       180         32         40          0          0      16337   ml_system.o
       320         60          0          0          0       7415   ml_tim.o
       722        116         12          0          0      13811   ml_uart.o
       114          8          0          0        104       2310   pid.o
        44         18        192          0       1024        680   startup_mspm0g350x_uvision.o

    ----------------------------------------------------------------------
      5860        650       1786          0       1424     125055   Object Totals
         0          0         16          0          0          0   (incl. Generated)
         6          0          6          0         15          0   (incl. Padding)

    ----------------------------------------------------------------------

      Code (inc. data)   RO Data    RW Data    ZI Data      Debug   Library Member Name

         8          0          0          0          0         68   __main.o
         0          0          0          0          0          0   __rtentry.o
        12          0          0          0          0          0   __rtentry2.o
         6          0          0          0          0          0   __rtentry4.o
        86         10          0          0          0          0   __scatter.o
        28          0          0          0          0          0   __scatter_zi.o
      1006          4          0          0          0        184   aeabi_sdivfast.o
        16          0          0          0          0         68   exit.o
         6          0          0          0          0        136   heapauxi.o
         2          0          0          0          0          0   libinit.o
         2          0          0          0          0          0   libinit2.o
         2          0          0          0          0          0   libshutdown.o
         2          0          0          0          0          0   libshutdown2.o
         8          4          0          0         96         68   libspace.o
         2          0          0          0          0          0   rtexit.o
        10          0          0          0          0          0   rtexit2.o
        62          0          0          0          0         80   sys_stackheap_outer.o
       236         24          0          0          0      18490   dl_sysctl_mspm0g1x0x_g3x0x.o
       528        192          0          0          0      40195   dl_timer.o
        90          8          0          0          0      14127   dl_uart.o

    ----------------------------------------------------------------------
      2130        246          0          0         96      73416   Library Totals
        18          4          0          0          0          0   (incl. Padding)

    ----------------------------------------------------------------------

      Code (inc. data)   RO Data    RW Data    ZI Data      Debug   Library Name

      1258         18          0          0         96        604   c_p.l
       854        224          0          0          0      72812   driverlib.a

    ----------------------------------------------------------------------
      2130        246          0          0         96      73416   Library Totals

    ----------------------------------------------------------------------

==============================================================================


      Code (inc. data)   RO Data    RW Data    ZI Data      Debug   

      7990        896       1786          0       1520     198011   Grand Totals
      7990        896       1786          0       1520     198011   ELF Image Totals
      7990        896       1786          0          0          0   ROM Totals

==============================================================================

    Total RO  Size (Code + RO Data)                 9776 (   9.55kB)
    Total RW  Size (RW Data + ZI Data)              1520 (   1.48kB)
    Total ROM Size (Code + RO Data + RW Data)       9776 (   9.55kB)

==============================================================================

