*** Using Compiler 'V6.21', folder: 'C:\Keil_v5\ARM\ARMCLANG\Bin'
Build target 'Target 1'
assembling startup_mspm0g350x_uvision.s...
compiling ml_pwm.c...
compiling ti_msp_dl_config.c...
compiling ml_delay.c...
compiling ml_mpu6050.c...
compiling ml_exti.c...
compiling ml_uart.c...
compiling key.c...
compiling IMU.c...
compiling main.c...
compiling ledfeng.c...
compiling ml_i2c.c...
compiling ml_tim.c...
compiling pid.c...
compiling ml_motor.c...
compiling isr.c...
compiling ml_gpio.c...
compiling ml_system.c...
compiling gray.c...
compiling ml_oled.c...
linking...
Program Size: Code=8150 RO-data=1794 RW-data=0 ZI-data=1520  
".\Objects\project.axf" - 0 Error(s), 0 Warning(s).
Build Time Elapsed:  00:00:01
